org/gwtbootstrap3/client/ui/FieldSet.class
org/gwtbootstrap3/client/ui/base/HasFormValue.class
org/gwtbootstrap3/client/shared/event/ModalShowHandler.class
org/gwtbootstrap3/client/ui/impl/SimpleRadioButtonImpl$1.class
org/gwtbootstrap3/client/ui/constants/ElementTags.class
org/gwtbootstrap3/client/ui/html/Span.class
org/gwtbootstrap3/client/ui/Modal.class
org/gwtbootstrap3/client/ui/Popover$1.class
org/gwtbootstrap3/client/ui/constants/ImageType.class
org/gwtbootstrap3/client/ui/Tooltip.class
org/gwtbootstrap3/client/ui/ModalFooter.class
org/gwtbootstrap3/client/ui/base/HasSubText.class
org/gwtbootstrap3/client/ui/Breadcrumbs.class
org/gwtbootstrap3/client/ui/constants/ColumnSize.class
org/gwtbootstrap3/client/ui/base/button/AbstractButton$ButtonStateHandler.class
org/gwtbootstrap3/client/shared/event/ShowEvent.class
org/gwtbootstrap3/client/ui/Progress.class
org/gwtbootstrap3/client/ui/constants/NavbarPull.class
org/gwtbootstrap3/client/ui/Pagination$3.class
org/gwtbootstrap3/client/ui/constants/IconType.class
org/gwtbootstrap3/client/ui/base/mixin/FocusableMixin.class
org/gwtbootstrap3/client/ui/NavbarHeader.class
org/gwtbootstrap3/client/ui/impl/CheckBoxImpl$1.class
org/gwtbootstrap3/client/ui/Form.class
org/gwtbootstrap3/client/ui/SimpleCheckBox.class
org/gwtbootstrap3/client/ui/ValueListBox.class
org/gwtbootstrap3/client/shared/event/TooltipHiddenHandler.class
org/gwtbootstrap3/client/ui/DescriptionData.class
org/gwtbootstrap3/client/ui/Tooltip$2.class
org/gwtbootstrap3/client/ui/Well.class
org/gwtbootstrap3/client/ui/ThumbnailLink.class
org/gwtbootstrap3/client/ui/base/HasIconPosition.class
org/gwtbootstrap3/client/ui/Pagination$2.class
org/gwtbootstrap3/client/ui/base/form/AbstractForm$SubmitHandler.class
org/gwtbootstrap3/client/ui/base/HasId.class
org/gwtbootstrap3/client/ui/constants/IconRotate.class
org/gwtbootstrap3/client/ui/constants/HeadingSize.class
org/gwtbootstrap3/client/ui/gwt/CellTable.class
org/gwtbootstrap3/client/ui/base/HasActive.class
org/gwtbootstrap3/client/ui/base/HasTarget.class
org/gwtbootstrap3/client/shared/event/CarouselSlidHandler.class
org/gwtbootstrap3/client/ui/constants/ColumnOffset.class
org/gwtbootstrap3/client/ui/base/AbstractAnchorListItem.class
org/gwtbootstrap3/client/ui/Label.class
org/gwtbootstrap3/client/shared/event/TabShownHandler.class
org/gwtbootstrap3/client/ui/constants/IconSize.class
org/gwtbootstrap3/client/ui/constants/PanelType.class
org/gwtbootstrap3/client/ui/Pager.class
org/gwtbootstrap3/client/ui/base/HasJustified.class
org/gwtbootstrap3/client/ui/html/Paragraph.class
org/gwtbootstrap3/client/ui/base/mixin/AttributeMixin.class
org/gwtbootstrap3/client/ui/ImageAnchor.class
org/gwtbootstrap3/client/ui/base/ComplexWidget.class
org/gwtbootstrap3/client/ui/base/mixin/DataTargetMixin.class
org/gwtbootstrap3/client/ui/base/form/AbstractForm$1.class
org/gwtbootstrap3/client/ui/base/AbstractButtonGroup.class
org/gwtbootstrap3/client/ui/ListGroup.class
org/gwtbootstrap3/client/ui/Legend.class
org/gwtbootstrap3/client/ui/LinkedGroupItem.class
org/gwtbootstrap3/client/shared/event/ShowHandler.class
org/gwtbootstrap3/client/ui/Collapse.class
org/gwtbootstrap3/client/ui/PanelFooter.class
org/gwtbootstrap3/client/ui/base/AbstractListItem.class
org/gwtbootstrap3/client/ui/base/HasResponsiveness.class
org/gwtbootstrap3/client/ui/Heading.class
org/gwtbootstrap3/client/ui/Description.class
org/gwtbootstrap3/client/ui/constants/ContextualBackground.class
org/gwtbootstrap3/client/ui/Pagination$1.class
org/gwtbootstrap3/client/ui/PanelHeader.class
org/gwtbootstrap3/client/ui/gwt/ButtonCell.class
org/gwtbootstrap3/client/ui/Pre.class
org/gwtbootstrap3/client/ui/base/HasDataParent.class
org/gwtbootstrap3/client/ui/base/mixin/TextMixin.class
org/gwtbootstrap3/client/ui/constants/ButtonType.class
org/gwtbootstrap3/client/ui/constants/TableType.class
org/gwtbootstrap3/client/ui/InlineHelpBlock.class
org/gwtbootstrap3/client/ui/base/ValueBoxBase.class
org/gwtbootstrap3/client/ui/constants/ButtonSize.class
org/gwtbootstrap3/client/shared/event/TabShowEvent.class
org/gwtbootstrap3/client/ui/base/HasContextualBackground.class
org/gwtbootstrap3/client/ui/constants/Alignment.class
org/gwtbootstrap3/client/ui/NavTabs.class
org/gwtbootstrap3/client/shared/event/ModalShownEvent.class
org/gwtbootstrap3/client/ui/constants/FormType.class
org/gwtbootstrap3/client/ui/base/button/AbstractButton.class
org/gwtbootstrap3/client/ui/base/button/AbstractToggleButton.class
org/gwtbootstrap3/client/ui/Container.class
org/gwtbootstrap3/client/ui/base/AbstractInputGroupAddon.class
org/gwtbootstrap3/client/ui/PanelBody.class
org/gwtbootstrap3/client/ui/gwt/FocusWidget.class
org/gwtbootstrap3/client/ui/constants/Trigger.class
org/gwtbootstrap3/client/ui/Abbreviation.class
org/gwtbootstrap3/client/ui/base/ValueBoxErrorSupport.class
org/gwtbootstrap3/client/ui/constants/Attributes.class
org/gwtbootstrap3/client/ui/base/HasPlacement.class
org/gwtbootstrap3/client/shared/event/TooltipShowHandler.class
org/gwtbootstrap3/client/ui/base/button/AbstractIconButton.class
org/gwtbootstrap3/client/ui/FormLabel.class
org/gwtbootstrap3/client/ui/base/modal/ModalContent.class
org/gwtbootstrap3/client/ui/ScrollSpy.class
org/gwtbootstrap3/client/ui/base/button/AbstractToggleButton$1.class
org/gwtbootstrap3/client/ui/Input.class
org/gwtbootstrap3/client/ui/html/Small.class
org/gwtbootstrap3/client/ui/FormControlStatic.class
org/gwtbootstrap3/client/ui/PageHeader.class
org/gwtbootstrap3/client/ui/constants/Toggle.class
org/gwtbootstrap3/client/ui/TabListItem.class
org/gwtbootstrap3/client/ui/VerticalButtonGroup.class
org/gwtbootstrap3/client/ui/TextBox.class
org/gwtbootstrap3/client/ui/ProgressBar.class
org/gwtbootstrap3/client/ui/DropDownMenu.class
org/gwtbootstrap3/client/shared/event/ShownEvent.class
org/gwtbootstrap3/client/shared/event/TooltipShownHandler.class
org/gwtbootstrap3/client/ui/CarouselIndicator.class
org/gwtbootstrap3/client/ui/base/modal/ModalDialog.class
org/gwtbootstrap3/client/ui/constants/ListGroupItemType.class
org/gwtbootstrap3/client/ui/constants/NavbarPosition.class
org/gwtbootstrap3/client/ui/base/HasSize.class
org/gwtbootstrap3/client/shared/event/TabShownEvent.class
org/gwtbootstrap3/client/ui/gwt/DataGrid$ResourcesAdapter.class
org/gwtbootstrap3/client/ui/base/form/AbstractForm$SubmitEvent.class
org/gwtbootstrap3/client/ui/html/UnorderedList.class
org/gwtbootstrap3/client/shared/event/ModalHiddenEvent.class
org/gwtbootstrap3/client/ui/constants/Emphasis.class
org/gwtbootstrap3/client/ui/impl/CheckBoxImpl.class
org/gwtbootstrap3/client/ui/MediaList.class
org/gwtbootstrap3/client/ui/base/HasPlaceholder.class
org/gwtbootstrap3/client/ui/impl/SimpleCheckBoxImplIE8.class
org/gwtbootstrap3/client/shared/event/AlertCloseHandler.class
org/gwtbootstrap3/client/shared/event/ModalHideHandler.class
org/gwtbootstrap3/client/ui/InlineRadio.class
org/gwtbootstrap3/client/ui/constants/ButtonDismiss.class
org/gwtbootstrap3/client/ui/Tooltip$1.class
org/gwtbootstrap3/client/ui/gwt/DataGrid$1.class
org/gwtbootstrap3/client/ui/Jumbotron.class
org/gwtbootstrap3/client/ui/InputGroup.class
org/gwtbootstrap3/client/ui/Caption.class
org/gwtbootstrap3/client/ui/constants/IconPosition.class
org/gwtbootstrap3/client/shared/event/HiddenEvent.class
org/gwtbootstrap3/client/GwtBootstrap3EntryPoint.class
org/gwtbootstrap3/client/ui/base/HasPaginationSize.class
org/gwtbootstrap3/client/ui/base/HasAlignment.class
org/gwtbootstrap3/client/shared/event/TooltipHiddenEvent.class
org/gwtbootstrap3/client/ui/constants/Type.class
org/gwtbootstrap3/client/ui/base/DescriptionComponent.class
org/gwtbootstrap3/client/ui/Navbar.class
org/gwtbootstrap3/client/ui/Divider.class
org/gwtbootstrap3/client/ui/base/form/AbstractForm$SubmitCompleteHandler.class
org/gwtbootstrap3/client/ui/html/Div.class
org/gwtbootstrap3/client/ui/constants/WellSize.class
org/gwtbootstrap3/client/ui/base/helper/SourceCodeHelper.class
org/gwtbootstrap3/client/ui/Badge.class
org/gwtbootstrap3/client/ui/gwt/FormPanel.class
org/gwtbootstrap3/client/ui/Nav.class
org/gwtbootstrap3/client/ui/constants/FormGroupSize.class
org/gwtbootstrap3/client/ui/constants/Pull.class
org/gwtbootstrap3/client/ui/CarouselControl.class
org/gwtbootstrap3/client/ui/ButtonToolBar.class
org/gwtbootstrap3/client/shared/event/TooltipShownEvent.class
org/gwtbootstrap3/client/ui/NavbarBrand.class
org/gwtbootstrap3/client/ui/InlineCheckBox.class
org/gwtbootstrap3/client/ui/constants/DeviceSize.class
org/gwtbootstrap3/client/ui/constants/AlertType.class
org/gwtbootstrap3/client/ui/DropDownHeader.class
org/gwtbootstrap3/client/ui/base/HasHref.class
org/gwtbootstrap3/client/ui/Button.class
org/gwtbootstrap3/client/ui/base/HasTargetHistoryToken.class
org/gwtbootstrap3/client/shared/event/HideEvent.class
org/gwtbootstrap3/client/ui/ButtonGroup.class
org/gwtbootstrap3/client/shared/event/TooltipEvent.class
org/gwtbootstrap3/client/ui/Radio.class
org/gwtbootstrap3/client/ui/MediaBody.class
org/gwtbootstrap3/client/ui/constants/ColumnPull.class
org/gwtbootstrap3/client/ui/base/HasAutoComplete.class
org/gwtbootstrap3/client/ui/constants/NavbarType.class
org/gwtbootstrap3/client/ui/base/form/FormElementContainer.class
org/gwtbootstrap3/client/shared/event/ModalShowEvent.class
org/gwtbootstrap3/client/ui/LongBox.class
org/gwtbootstrap3/client/shared/event/AlertClosedHandler.class
org/gwtbootstrap3/client/ui/InputGroupButton.class
org/gwtbootstrap3/client/ui/constants/LabelType.class
org/gwtbootstrap3/client/ui/base/mixin/PullMixin.class
org/gwtbootstrap3/client/ui/PanelCollapse.class
org/gwtbootstrap3/client/shared/event/TabShowHandler.class
org/gwtbootstrap3/client/ui/PanelGroup.class
org/gwtbootstrap3/client/shared/event/TooltipHideHandler.class
org/gwtbootstrap3/client/ui/base/mixin/DataParentMixin.class
org/gwtbootstrap3/client/ui/NavbarNav.class
org/gwtbootstrap3/client/ui/base/mixin/EnabledMixin.class
org/gwtbootstrap3/client/ui/IsClosable.class
org/gwtbootstrap3/client/ui/ModalComponent.class
org/gwtbootstrap3/client/ui/html/Text.class
org/gwtbootstrap3/client/ui/gwt/DataGrid$StyleAdapter.class
org/gwtbootstrap3/client/ui/constants/PaginationSize.class
org/gwtbootstrap3/client/ui/SimpleRadioButton.class
org/gwtbootstrap3/client/shared/event/TooltipShowEvent.class
org/gwtbootstrap3/client/ui/LinkedGroupItemText.class
org/gwtbootstrap3/client/ui/gwt/CellTable$1.class
org/gwtbootstrap3/client/ui/base/helper/StyleHelper.class
org/gwtbootstrap3/client/ui/constants/InputSize.class
org/gwtbootstrap3/client/ui/Lead.class
org/gwtbootstrap3/client/ui/impl/SimpleCheckBoxImplIE8$1.class
org/gwtbootstrap3/client/ui/RadioButton$1.class
org/gwtbootstrap3/client/ui/base/mixin/AbstractMixin.class
org/gwtbootstrap3/client/ui/base/mixin/DataToggleMixin.class
org/gwtbootstrap3/client/shared/event/ModalHideEvent.class
org/gwtbootstrap3/client/ui/impl/CheckBoxImplIE8.class
org/gwtbootstrap3/client/ui/base/button/CloseButton.class
org/gwtbootstrap3/client/ui/gwt/Widget.class
org/gwtbootstrap3/client/ui/IntegerBox.class
org/gwtbootstrap3/client/ui/base/button/Caret.class
org/gwtbootstrap3/client/GwtBootstrap3ClientBundle.class
org/gwtbootstrap3/client/ui/base/mixin/IdMixin.class
org/gwtbootstrap3/client/ui/DescriptionTitle.class
org/gwtbootstrap3/client/ui/html/Italic.class
org/gwtbootstrap3/client/ui/ListItem.class
org/gwtbootstrap3/client/ui/base/HasDataToggle.class
org/gwtbootstrap3/client/ui/Column.class
org/gwtbootstrap3/client/ui/base/HasInlineStyle.class
org/gwtbootstrap3/client/ui/base/mixin/HTMLMixin.class
org/gwtbootstrap3/client/ui/NavbarForm.class
org/gwtbootstrap3/client/ui/base/helper/EnumHelper.class
org/gwtbootstrap3/client/shared/event/CarouselEvent.class
org/gwtbootstrap3/client/ui/gwt/HTMLPanel.class
org/gwtbootstrap3/client/ui/Anchor.class
org/gwtbootstrap3/client/ui/SubmitButton.class
org/gwtbootstrap3/client/ui/base/mixin/DataSpyMixin.class
org/gwtbootstrap3/client/ui/base/mixin/ActiveMixin.class
org/gwtbootstrap3/client/ui/gwt/CellTable$ResourcesAdapter.class
org/gwtbootstrap3/client/shared/event/HideHandler.class
org/gwtbootstrap3/client/ui/Row.class
org/gwtbootstrap3/client/ui/InputGroupAddon.class
org/gwtbootstrap3/client/ui/NavPills.class
org/gwtbootstrap3/client/shared/event/TabEvent.class
org/gwtbootstrap3/client/ui/CheckBoxButton$1.class
org/gwtbootstrap3/client/ui/NavbarCollapse.class
org/gwtbootstrap3/client/ui/base/HasTabPosition.class
org/gwtbootstrap3/client/ui/html/OrderedList.class
org/gwtbootstrap3/client/ui/constants/Spy.class
org/gwtbootstrap3/client/shared/event/AlertCloseEvent.class
org/gwtbootstrap3/client/ui/TabPane.class
org/gwtbootstrap3/client/ui/base/HasType.class
org/gwtbootstrap3/client/ui/constants/ColumnPush.class
org/gwtbootstrap3/client/ui/constants/IconFlip.class
org/gwtbootstrap3/client/ui/impl/SimpleCheckBoxImpl.class
org/gwtbootstrap3/client/ui/CarouselCaption.class
org/gwtbootstrap3/client/ui/constants/TypeAttrType.class
org/gwtbootstrap3/client/ui/constants/InputType.class
org/gwtbootstrap3/client/ui/constants/ValidationState.class
org/gwtbootstrap3/client/ui/impl/RadioImplIE8$Handler.class
org/gwtbootstrap3/client/ui/base/button/AbstractButton$1.class
org/gwtbootstrap3/client/ui/gwt/FlowPanel.class
org/gwtbootstrap3/client/ui/base/mixin/IconTextMixin.class
org/gwtbootstrap3/client/ui/base/ValueBoxBase$EditorErrorSupport.class
org/gwtbootstrap3/client/ui/base/HasValidationState.class
org/gwtbootstrap3/client/ui/impl/SimpleRadioButtonImpl.class
org/gwtbootstrap3/client/ui/constants/Placement.class
org/gwtbootstrap3/client/ui/Modal$1.class
org/gwtbootstrap3/client/ui/FormGroup.class
org/gwtbootstrap3/client/ui/NavbarText.class
org/gwtbootstrap3/client/ui/CheckBox.class
org/gwtbootstrap3/client/ui/impl/RadioImpl.class
org/gwtbootstrap3/client/ui/base/HasDataSpy.class
org/gwtbootstrap3/client/ui/RadioButton.class
org/gwtbootstrap3/client/ui/NavbarCollapseButton.class
org/gwtbootstrap3/client/ui/base/HasHover.class
org/gwtbootstrap3/client/shared/event/CarouselSlideEvent.class
org/gwtbootstrap3/client/ui/base/AbstractDropDown.class
org/gwtbootstrap3/client/ui/base/HasPull.class
org/gwtbootstrap3/client/ui/Affix.class
org/gwtbootstrap3/client/ui/constants/TabPosition.class
org/gwtbootstrap3/client/ui/CarouselIndicators.class
org/gwtbootstrap3/client/shared/event/HiddenHandler.class
org/gwtbootstrap3/client/ui/ListDropDown.class
org/gwtbootstrap3/client/ui/ModalHeader.class
org/gwtbootstrap3/client/ui/base/HasStacked.class
org/gwtbootstrap3/client/ui/base/form/AbstractForm$IFrameTemplate.class
org/gwtbootstrap3/client/ui/base/HasIcon.class
org/gwtbootstrap3/client/ui/AnchorListItem.class
org/gwtbootstrap3/client/ui/TabContent.class
org/gwtbootstrap3/client/ui/base/HasInputType.class
org/gwtbootstrap3/client/ui/ModalBody.class
org/gwtbootstrap3/client/ui/gwt/DataGrid.class
org/gwtbootstrap3/client/ui/constants/Styles.class
org/gwtbootstrap3/client/ui/DropDown.class
org/gwtbootstrap3/client/ui/html/Br.class
org/gwtbootstrap3/client/ui/constants/ModalBackdrop.class
org/gwtbootstrap3/client/ui/impl/RadioImpl$1.class
org/gwtbootstrap3/client/ui/ThumbnailPanel.class
org/gwtbootstrap3/client/ui/HelpBlock.class
org/gwtbootstrap3/client/ui/base/form/AbstractForm.class
org/gwtbootstrap3/client/ui/CarouselInner.class
org/gwtbootstrap3/client/shared/event/TooltipHideEvent.class
org/gwtbootstrap3/client/ui/base/AbstractTextWidget.class
org/gwtbootstrap3/client/ui/base/helper/StyleHelper$1.class
org/gwtbootstrap3/client/ui/gwt/ButtonBase.class
org/gwtbootstrap3/client/ui/Popover$2.class
org/gwtbootstrap3/client/ui/BlockQuote.class
org/gwtbootstrap3/client/ui/constants/ProgressType.class
org/gwtbootstrap3/client/ui/TabPanel.class
org/gwtbootstrap3/client/ui/ModalSize.class
org/gwtbootstrap3/client/shared/event/AlertClosedEvent.class
org/gwtbootstrap3/client/ui/LinkedGroup.class
org/gwtbootstrap3/client/ui/html/Strong.class
org/gwtbootstrap3/client/shared/event/CarouselSlidEvent.class
org/gwtbootstrap3/client/ui/base/HasDataTarget.class
org/gwtbootstrap3/client/ui/DoubleBox.class
org/gwtbootstrap3/client/shared/event/ModalShownHandler.class
org/gwtbootstrap3/client/ui/Icon.class
org/gwtbootstrap3/client/shared/event/CarouselSlideHandler.class
org/gwtbootstrap3/client/ui/html/ClearFix.class
org/gwtbootstrap3/client/ui/Popover.class
org/gwtbootstrap3/client/ui/Panel.class
org/gwtbootstrap3/client/ui/constants/Responsiveness.class
org/gwtbootstrap3/client/ui/constants/Size.class
org/gwtbootstrap3/client/ui/base/TextBoxBase.class
org/gwtbootstrap3/client/shared/event/ModalHiddenHandler.class
org/gwtbootstrap3/client/ui/Carousel.class
org/gwtbootstrap3/client/ui/impl/CheckBoxImplIE8$1.class
org/gwtbootstrap3/client/ui/impl/SimpleCheckBoxImpl$1.class
org/gwtbootstrap3/client/ui/ListGroupItem.class
org/gwtbootstrap3/client/ui/Code.class
org/gwtbootstrap3/client/ui/IconStack.class
org/gwtbootstrap3/client/ui/html/Hr.class
org/gwtbootstrap3/client/ui/constants/ProgressBarType.class
org/gwtbootstrap3/client/ui/gwt/CellTable$StyleAdapter.class
org/gwtbootstrap3/client/ui/NavbarLink.class
org/gwtbootstrap3/client/ui/base/HasEmphasis.class
org/gwtbootstrap3/client/ui/Image.class
org/gwtbootstrap3/client/ui/TextArea.class
org/gwtbootstrap3/client/shared/event/ShownHandler.class
org/gwtbootstrap3/client/ui/base/mixin/IconTextMixin$1.class
org/gwtbootstrap3/client/ui/Alert.class
org/gwtbootstrap3/client/ui/base/form/AbstractForm$SubmitCompleteEvent.class
org/gwtbootstrap3/client/ui/CarouselSlide.class
org/gwtbootstrap3/client/ui/impl/RadioImplIE8.class
org/gwtbootstrap3/client/ui/impl/SimpleRadioButtonImplIE8.class
org/gwtbootstrap3/client/shared/event/ModalEvent.class
org/gwtbootstrap3/client/ui/Pagination.class
org/gwtbootstrap3/client/ui/AnchorButton.class
org/gwtbootstrap3/client/ui/ListBox.class
org/gwtbootstrap3/client/ui/CheckBoxButton.class
org/gwtbootstrap3/client/ui/impl/SimpleRadioButtonImplIE8$Handler.class
