/home/travis/build/failed/gwtbootstrap3/gwtbootstrap3/gwtbootstrap3/src/main/java/org/gwtbootstrap3/client/ui/constants/ContextualBackground.java
/home/travis/build/failed/gwtbootstrap3/gwtbootstrap3/gwtbootstrap3/src/main/java/org/gwtbootstrap3/client/ui/Alert.java
/home/travis/build/failed/gwtbootstrap3/gwtbootstrap3/gwtbootstrap3/src/main/java/org/gwtbootstrap3/client/ui/base/mixin/DataTargetMixin.java
/home/travis/build/failed/gwtbootstrap3/gwtbootstrap3/gwtbootstrap3/src/main/java/org/gwtbootstrap3/client/shared/event/TooltipShowHandler.java
/home/travis/build/failed/gwtbootstrap3/gwtbootstrap3/gwtbootstrap3/src/main/java/org/gwtbootstrap3/client/ui/impl/CheckBoxImplIE8.java
/home/travis/build/failed/gwtbootstrap3/gwtbootstrap3/gwtbootstrap3/src/main/java/org/gwtbootstrap3/client/ui/IntegerBox.java
/home/travis/build/failed/gwtbootstrap3/gwtbootstrap3/gwtbootstrap3/src/main/java/org/gwtbootstrap3/client/ui/DoubleBox.java
/home/travis/build/failed/gwtbootstrap3/gwtbootstrap3/gwtbootstrap3/src/main/java/org/gwtbootstrap3/client/ui/NavbarNav.java
/home/travis/build/failed/gwtbootstrap3/gwtbootstrap3/gwtbootstrap3/src/main/java/org/gwtbootstrap3/client/ui/gwt/CellTable.java
/home/travis/build/failed/gwtbootstrap3/gwtbootstrap3/gwtbootstrap3/src/main/java/org/gwtbootstrap3/client/ui/constants/ButtonDismiss.java
/home/travis/build/failed/gwtbootstrap3/gwtbootstrap3/gwtbootstrap3/src/main/java/org/gwtbootstrap3/client/ui/constants/NavbarPosition.java
/home/travis/build/failed/gwtbootstrap3/gwtbootstrap3/gwtbootstrap3/src/main/java/org/gwtbootstrap3/client/ui/html/Br.java
/home/travis/build/failed/gwtbootstrap3/gwtbootstrap3/gwtbootstrap3/src/main/java/org/gwtbootstrap3/client/shared/event/ModalShownHandler.java
/home/travis/build/failed/gwtbootstrap3/gwtbootstrap3/gwtbootstrap3/src/main/java/org/gwtbootstrap3/client/shared/event/TabShowHandler.java
/home/travis/build/failed/gwtbootstrap3/gwtbootstrap3/gwtbootstrap3/src/main/java/org/gwtbootstrap3/client/ui/base/helper/SourceCodeHelper.java
/home/travis/build/failed/gwtbootstrap3/gwtbootstrap3/gwtbootstrap3/src/main/java/org/gwtbootstrap3/client/ui/base/HasSubText.java
/home/travis/build/failed/gwtbootstrap3/gwtbootstrap3/gwtbootstrap3/src/main/java/org/gwtbootstrap3/client/ui/constants/IconPosition.java
/home/travis/build/failed/gwtbootstrap3/gwtbootstrap3/gwtbootstrap3/src/main/java/org/gwtbootstrap3/client/ui/BlockQuote.java
/home/travis/build/failed/gwtbootstrap3/gwtbootstrap3/gwtbootstrap3/src/main/java/org/gwtbootstrap3/client/ui/impl/SimpleRadioButtonImplIE8.java
/home/travis/build/failed/gwtbootstrap3/gwtbootstrap3/gwtbootstrap3/src/main/java/org/gwtbootstrap3/client/shared/event/CarouselSlidEvent.java
/home/travis/build/failed/gwtbootstrap3/gwtbootstrap3/gwtbootstrap3/src/main/java/org/gwtbootstrap3/client/ui/CarouselInner.java
/home/travis/build/failed/gwtbootstrap3/gwtbootstrap3/gwtbootstrap3/src/main/java/org/gwtbootstrap3/client/ui/base/HasPaginationSize.java
/home/travis/build/failed/gwtbootstrap3/gwtbootstrap3/gwtbootstrap3/src/main/java/org/gwtbootstrap3/client/ui/Divider.java
/home/travis/build/failed/gwtbootstrap3/gwtbootstrap3/gwtbootstrap3/src/main/java/org/gwtbootstrap3/client/ui/InputGroupAddon.java
/home/travis/build/failed/gwtbootstrap3/gwtbootstrap3/gwtbootstrap3/src/main/java/org/gwtbootstrap3/client/ui/ValueListBox.java
/home/travis/build/failed/gwtbootstrap3/gwtbootstrap3/gwtbootstrap3/src/main/java/org/gwtbootstrap3/client/ui/AnchorListItem.java
/home/travis/build/failed/gwtbootstrap3/gwtbootstrap3/gwtbootstrap3/src/main/java/org/gwtbootstrap3/client/ui/impl/SimpleCheckBoxImpl.java
/home/travis/build/failed/gwtbootstrap3/gwtbootstrap3/gwtbootstrap3/src/main/java/org/gwtbootstrap3/client/shared/event/TooltipShowEvent.java
/home/travis/build/failed/gwtbootstrap3/gwtbootstrap3/gwtbootstrap3/src/main/java/org/gwtbootstrap3/client/ui/Caption.java
/home/travis/build/failed/gwtbootstrap3/gwtbootstrap3/gwtbootstrap3/src/main/java/org/gwtbootstrap3/client/shared/event/TooltipHideEvent.java
/home/travis/build/failed/gwtbootstrap3/gwtbootstrap3/gwtbootstrap3/src/main/java/org/gwtbootstrap3/client/shared/event/TabShowEvent.java
/home/travis/build/failed/gwtbootstrap3/gwtbootstrap3/gwtbootstrap3/src/main/java/org/gwtbootstrap3/client/ui/constants/Spy.java
/home/travis/build/failed/gwtbootstrap3/gwtbootstrap3/gwtbootstrap3/src/main/java/org/gwtbootstrap3/client/ui/VerticalButtonGroup.java
/home/travis/build/failed/gwtbootstrap3/gwtbootstrap3/gwtbootstrap3/src/main/java/org/gwtbootstrap3/client/ui/constants/PaginationSize.java
/home/travis/build/failed/gwtbootstrap3/gwtbootstrap3/gwtbootstrap3/src/main/java/org/gwtbootstrap3/client/shared/event/CarouselSlideHandler.java
/home/travis/build/failed/gwtbootstrap3/gwtbootstrap3/gwtbootstrap3/src/main/java/org/gwtbootstrap3/client/shared/event/AlertCloseEvent.java
/home/travis/build/failed/gwtbootstrap3/gwtbootstrap3/gwtbootstrap3/src/main/java/org/gwtbootstrap3/client/ui/Form.java
/home/travis/build/failed/gwtbootstrap3/gwtbootstrap3/gwtbootstrap3/src/main/java/org/gwtbootstrap3/client/ui/FormGroup.java
/home/travis/build/failed/gwtbootstrap3/gwtbootstrap3/gwtbootstrap3/src/main/java/org/gwtbootstrap3/client/ui/constants/TabPosition.java
/home/travis/build/failed/gwtbootstrap3/gwtbootstrap3/gwtbootstrap3/src/main/java/org/gwtbootstrap3/client/ui/base/mixin/EnabledMixin.java
/home/travis/build/failed/gwtbootstrap3/gwtbootstrap3/gwtbootstrap3/src/main/java/org/gwtbootstrap3/client/shared/event/ModalShowEvent.java
/home/travis/build/failed/gwtbootstrap3/gwtbootstrap3/gwtbootstrap3/src/main/java/org/gwtbootstrap3/client/ui/base/AbstractListItem.java
/home/travis/build/failed/gwtbootstrap3/gwtbootstrap3/gwtbootstrap3/src/main/java/org/gwtbootstrap3/client/ui/gwt/FlowPanel.java
/home/travis/build/failed/gwtbootstrap3/gwtbootstrap3/gwtbootstrap3/src/main/java/org/gwtbootstrap3/client/ui/Icon.java
/home/travis/build/failed/gwtbootstrap3/gwtbootstrap3/gwtbootstrap3/src/main/java/org/gwtbootstrap3/client/ui/base/HasResponsiveness.java
/home/travis/build/failed/gwtbootstrap3/gwtbootstrap3/gwtbootstrap3/src/main/java/org/gwtbootstrap3/client/ui/impl/CheckBoxImpl.java
/home/travis/build/failed/gwtbootstrap3/gwtbootstrap3/gwtbootstrap3/src/main/java/org/gwtbootstrap3/client/ui/InlineCheckBox.java
/home/travis/build/failed/gwtbootstrap3/gwtbootstrap3/gwtbootstrap3/src/main/java/org/gwtbootstrap3/client/ui/IconStack.java
/home/travis/build/failed/gwtbootstrap3/gwtbootstrap3/gwtbootstrap3/src/main/java/org/gwtbootstrap3/client/ui/ScrollSpy.java
/home/travis/build/failed/gwtbootstrap3/gwtbootstrap3/gwtbootstrap3/src/main/java/org/gwtbootstrap3/client/ui/Nav.java
/home/travis/build/failed/gwtbootstrap3/gwtbootstrap3/gwtbootstrap3/src/main/java/org/gwtbootstrap3/client/ui/Legend.java
/home/travis/build/failed/gwtbootstrap3/gwtbootstrap3/gwtbootstrap3/src/main/java/org/gwtbootstrap3/client/shared/event/HiddenEvent.java
/home/travis/build/failed/gwtbootstrap3/gwtbootstrap3/gwtbootstrap3/src/main/java/org/gwtbootstrap3/client/ui/base/HasEmphasis.java
/home/travis/build/failed/gwtbootstrap3/gwtbootstrap3/gwtbootstrap3/src/main/java/org/gwtbootstrap3/client/ui/gwt/package-info.java
/home/travis/build/failed/gwtbootstrap3/gwtbootstrap3/gwtbootstrap3/src/main/java/org/gwtbootstrap3/client/ui/html/Span.java
/home/travis/build/failed/gwtbootstrap3/gwtbootstrap3/gwtbootstrap3/src/main/java/org/gwtbootstrap3/client/ui/html/Div.java
/home/travis/build/failed/gwtbootstrap3/gwtbootstrap3/gwtbootstrap3/src/main/java/org/gwtbootstrap3/client/ui/constants/AlertType.java
/home/travis/build/failed/gwtbootstrap3/gwtbootstrap3/gwtbootstrap3/src/main/java/org/gwtbootstrap3/client/ui/constants/ProgressType.java
/home/travis/build/failed/gwtbootstrap3/gwtbootstrap3/gwtbootstrap3/src/main/java/org/gwtbootstrap3/client/ui/constants/Alignment.java
/home/travis/build/failed/gwtbootstrap3/gwtbootstrap3/gwtbootstrap3/src/main/java/org/gwtbootstrap3/client/shared/event/TooltipHiddenHandler.java
/home/travis/build/failed/gwtbootstrap3/gwtbootstrap3/gwtbootstrap3/src/main/java/org/gwtbootstrap3/client/ui/base/HasIconPosition.java
/home/travis/build/failed/gwtbootstrap3/gwtbootstrap3/gwtbootstrap3/src/main/java/org/gwtbootstrap3/client/ui/CarouselCaption.java
/home/travis/build/failed/gwtbootstrap3/gwtbootstrap3/gwtbootstrap3/src/main/java/org/gwtbootstrap3/client/ui/base/HasType.java
/home/travis/build/failed/gwtbootstrap3/gwtbootstrap3/gwtbootstrap3/src/main/java/org/gwtbootstrap3/client/ui/base/form/AbstractForm.java
/home/travis/build/failed/gwtbootstrap3/gwtbootstrap3/gwtbootstrap3/src/main/java/org/gwtbootstrap3/client/ui/base/mixin/ActiveMixin.java
/home/travis/build/failed/gwtbootstrap3/gwtbootstrap3/gwtbootstrap3/src/main/java/org/gwtbootstrap3/client/ui/base/HasId.java
/home/travis/build/failed/gwtbootstrap3/gwtbootstrap3/gwtbootstrap3/src/main/java/org/gwtbootstrap3/client/ui/DropDownHeader.java
/home/travis/build/failed/gwtbootstrap3/gwtbootstrap3/gwtbootstrap3/src/main/java/org/gwtbootstrap3/client/ui/ListDropDown.java
/home/travis/build/failed/gwtbootstrap3/gwtbootstrap3/gwtbootstrap3/src/main/java/org/gwtbootstrap3/client/ui/base/ComplexWidget.java
/home/travis/build/failed/gwtbootstrap3/gwtbootstrap3/gwtbootstrap3/src/main/java/org/gwtbootstrap3/client/shared/event/ModalShowHandler.java
/home/travis/build/failed/gwtbootstrap3/gwtbootstrap3/gwtbootstrap3/src/main/java/org/gwtbootstrap3/client/ui/base/HasStacked.java
/home/travis/build/failed/gwtbootstrap3/gwtbootstrap3/gwtbootstrap3/src/main/java/org/gwtbootstrap3/client/ui/PanelHeader.java
/home/travis/build/failed/gwtbootstrap3/gwtbootstrap3/gwtbootstrap3/src/main/java/org/gwtbootstrap3/client/shared/event/HiddenHandler.java
/home/travis/build/failed/gwtbootstrap3/gwtbootstrap3/gwtbootstrap3/src/main/java/org/gwtbootstrap3/client/ui/SimpleRadioButton.java
/home/travis/build/failed/gwtbootstrap3/gwtbootstrap3/gwtbootstrap3/src/main/java/org/gwtbootstrap3/client/ui/NavbarCollapseButton.java
/home/travis/build/failed/gwtbootstrap3/gwtbootstrap3/gwtbootstrap3/src/main/java/org/gwtbootstrap3/client/ui/DropDownMenu.java
/home/travis/build/failed/gwtbootstrap3/gwtbootstrap3/gwtbootstrap3/src/main/java/org/gwtbootstrap3/client/ui/constants/LabelType.java
/home/travis/build/failed/gwtbootstrap3/gwtbootstrap3/gwtbootstrap3/src/main/java/org/gwtbootstrap3/client/ui/ListGroupItem.java
/home/travis/build/failed/gwtbootstrap3/gwtbootstrap3/gwtbootstrap3/src/main/java/org/gwtbootstrap3/client/ui/ButtonGroup.java
/home/travis/build/failed/gwtbootstrap3/gwtbootstrap3/gwtbootstrap3/src/main/java/org/gwtbootstrap3/client/ui/constants/TypeAttrType.java
/home/travis/build/failed/gwtbootstrap3/gwtbootstrap3/gwtbootstrap3/src/main/java/org/gwtbootstrap3/client/ui/Breadcrumbs.java
/home/travis/build/failed/gwtbootstrap3/gwtbootstrap3/gwtbootstrap3/src/main/java/org/gwtbootstrap3/client/ui/Row.java
/home/travis/build/failed/gwtbootstrap3/gwtbootstrap3/gwtbootstrap3/src/main/java/org/gwtbootstrap3/client/ui/ListBox.java
/home/travis/build/failed/gwtbootstrap3/gwtbootstrap3/gwtbootstrap3/src/main/java/org/gwtbootstrap3/client/ui/CheckBoxButton.java
/home/travis/build/failed/gwtbootstrap3/gwtbootstrap3/gwtbootstrap3/src/main/java/org/gwtbootstrap3/client/ui/ProgressBar.java
/home/travis/build/failed/gwtbootstrap3/gwtbootstrap3/gwtbootstrap3/src/main/java/org/gwtbootstrap3/client/ui/base/HasAlignment.java
/home/travis/build/failed/gwtbootstrap3/gwtbootstrap3/gwtbootstrap3/src/main/java/org/gwtbootstrap3/client/ui/NavbarLink.java
/home/travis/build/failed/gwtbootstrap3/gwtbootstrap3/gwtbootstrap3/src/main/java/org/gwtbootstrap3/client/ui/html/Italic.java
/home/travis/build/failed/gwtbootstrap3/gwtbootstrap3/gwtbootstrap3/src/main/java/org/gwtbootstrap3/client/ui/CarouselIndicator.java
/home/travis/build/failed/gwtbootstrap3/gwtbootstrap3/gwtbootstrap3/src/main/java/org/gwtbootstrap3/client/ui/Anchor.java
/home/travis/build/failed/gwtbootstrap3/gwtbootstrap3/gwtbootstrap3/src/main/java/org/gwtbootstrap3/client/ui/base/HasHover.java
/home/travis/build/failed/gwtbootstrap3/gwtbootstrap3/gwtbootstrap3/src/main/java/org/gwtbootstrap3/client/ui/base/ValueBoxErrorSupport.java
/home/travis/build/failed/gwtbootstrap3/gwtbootstrap3/gwtbootstrap3/src/main/java/org/gwtbootstrap3/client/shared/event/CarouselSlidHandler.java
/home/travis/build/failed/gwtbootstrap3/gwtbootstrap3/gwtbootstrap3/src/main/java/org/gwtbootstrap3/client/ui/base/HasDataParent.java
/home/travis/build/failed/gwtbootstrap3/gwtbootstrap3/gwtbootstrap3/src/main/java/org/gwtbootstrap3/client/ui/constants/FormGroupSize.java
/home/travis/build/failed/gwtbootstrap3/gwtbootstrap3/gwtbootstrap3/src/main/java/org/gwtbootstrap3/client/ui/base/HasInputType.java
/home/travis/build/failed/gwtbootstrap3/gwtbootstrap3/gwtbootstrap3/src/main/java/org/gwtbootstrap3/client/ui/base/HasDataTarget.java
/home/travis/build/failed/gwtbootstrap3/gwtbootstrap3/gwtbootstrap3/src/main/java/org/gwtbootstrap3/client/shared/event/CarouselEvent.java
/home/travis/build/failed/gwtbootstrap3/gwtbootstrap3/gwtbootstrap3/src/main/java/org/gwtbootstrap3/client/ui/html/package-info.java
/home/travis/build/failed/gwtbootstrap3/gwtbootstrap3/gwtbootstrap3/src/main/java/org/gwtbootstrap3/client/ui/html/Paragraph.java
/home/travis/build/failed/gwtbootstrap3/gwtbootstrap3/gwtbootstrap3/src/main/java/org/gwtbootstrap3/client/ui/constants/ProgressBarType.java
/home/travis/build/failed/gwtbootstrap3/gwtbootstrap3/gwtbootstrap3/src/main/java/org/gwtbootstrap3/client/shared/event/TooltipHideHandler.java
/home/travis/build/failed/gwtbootstrap3/gwtbootstrap3/gwtbootstrap3/src/main/java/org/gwtbootstrap3/client/ui/TabPane.java
/home/travis/build/failed/gwtbootstrap3/gwtbootstrap3/gwtbootstrap3/src/main/java/org/gwtbootstrap3/client/ui/Panel.java
/home/travis/build/failed/gwtbootstrap3/gwtbootstrap3/gwtbootstrap3/src/main/java/org/gwtbootstrap3/client/ui/Code.java
/home/travis/build/failed/gwtbootstrap3/gwtbootstrap3/gwtbootstrap3/src/main/java/org/gwtbootstrap3/client/ui/Pre.java
/home/travis/build/failed/gwtbootstrap3/gwtbootstrap3/gwtbootstrap3/src/main/java/org/gwtbootstrap3/client/ui/RadioButton.java
/home/travis/build/failed/gwtbootstrap3/gwtbootstrap3/gwtbootstrap3/src/main/java/org/gwtbootstrap3/client/ui/base/mixin/PullMixin.java
/home/travis/build/failed/gwtbootstrap3/gwtbootstrap3/gwtbootstrap3/src/main/java/org/gwtbootstrap3/client/shared/event/HideEvent.java
/home/travis/build/failed/gwtbootstrap3/gwtbootstrap3/gwtbootstrap3/src/main/java/org/gwtbootstrap3/client/shared/event/ModalHideHandler.java
/home/travis/build/failed/gwtbootstrap3/gwtbootstrap3/gwtbootstrap3/src/main/java/org/gwtbootstrap3/client/ui/constants/Size.java
/home/travis/build/failed/gwtbootstrap3/gwtbootstrap3/gwtbootstrap3/src/main/java/org/gwtbootstrap3/client/ui/base/button/AbstractButton.java
/home/travis/build/failed/gwtbootstrap3/gwtbootstrap3/gwtbootstrap3/src/main/java/org/gwtbootstrap3/client/ui/base/HasJustified.java
/home/travis/build/failed/gwtbootstrap3/gwtbootstrap3/gwtbootstrap3/src/main/java/org/gwtbootstrap3/client/ui/ListItem.java
/home/travis/build/failed/gwtbootstrap3/gwtbootstrap3/gwtbootstrap3/src/main/java/org/gwtbootstrap3/client/ui/html/Small.java
/home/travis/build/failed/gwtbootstrap3/gwtbootstrap3/gwtbootstrap3/src/main/java/org/gwtbootstrap3/client/ui/constants/PanelType.java
/home/travis/build/failed/gwtbootstrap3/gwtbootstrap3/gwtbootstrap3/src/main/java/org/gwtbootstrap3/client/ui/base/modal/ModalDialog.java
/home/travis/build/failed/gwtbootstrap3/gwtbootstrap3/gwtbootstrap3/src/main/java/org/gwtbootstrap3/client/ui/ModalSize.java
/home/travis/build/failed/gwtbootstrap3/gwtbootstrap3/gwtbootstrap3/src/main/java/org/gwtbootstrap3/client/ui/constants/Trigger.java
/home/travis/build/failed/gwtbootstrap3/gwtbootstrap3/gwtbootstrap3/src/main/java/org/gwtbootstrap3/client/ui/Image.java
/home/travis/build/failed/gwtbootstrap3/gwtbootstrap3/gwtbootstrap3/src/main/java/org/gwtbootstrap3/client/ui/FormControlStatic.java
/home/travis/build/failed/gwtbootstrap3/gwtbootstrap3/gwtbootstrap3/src/main/java/org/gwtbootstrap3/client/ui/constants/ListGroupItemType.java
/home/travis/build/failed/gwtbootstrap3/gwtbootstrap3/gwtbootstrap3/src/main/java/org/gwtbootstrap3/client/ui/Affix.java
/home/travis/build/failed/gwtbootstrap3/gwtbootstrap3/gwtbootstrap3/src/main/java/org/gwtbootstrap3/client/ui/Progress.java
/home/travis/build/failed/gwtbootstrap3/gwtbootstrap3/gwtbootstrap3/src/main/java/org/gwtbootstrap3/client/ui/constants/ModalBackdrop.java
/home/travis/build/failed/gwtbootstrap3/gwtbootstrap3/gwtbootstrap3/src/main/java/org/gwtbootstrap3/client/ui/InlineRadio.java
/home/travis/build/failed/gwtbootstrap3/gwtbootstrap3/gwtbootstrap3/src/main/java/org/gwtbootstrap3/client/ui/Pager.java
/home/travis/build/failed/gwtbootstrap3/gwtbootstrap3/gwtbootstrap3/src/main/java/org/gwtbootstrap3/client/ui/constants/TableType.java
/home/travis/build/failed/gwtbootstrap3/gwtbootstrap3/gwtbootstrap3/src/main/java/org/gwtbootstrap3/client/ui/constants/FormType.java
/home/travis/build/failed/gwtbootstrap3/gwtbootstrap3/gwtbootstrap3/src/main/java/org/gwtbootstrap3/client/ui/impl/SimpleRadioButtonImpl.java
/home/travis/build/failed/gwtbootstrap3/gwtbootstrap3/gwtbootstrap3/src/main/java/org/gwtbootstrap3/client/ui/Modal.java
/home/travis/build/failed/gwtbootstrap3/gwtbootstrap3/gwtbootstrap3/src/main/java/org/gwtbootstrap3/client/ui/base/form/FormElementContainer.java
/home/travis/build/failed/gwtbootstrap3/gwtbootstrap3/gwtbootstrap3/src/main/java/org/gwtbootstrap3/client/ui/DropDown.java
/home/travis/build/failed/gwtbootstrap3/gwtbootstrap3/gwtbootstrap3/src/main/java/org/gwtbootstrap3/client/ui/PanelBody.java
/home/travis/build/failed/gwtbootstrap3/gwtbootstrap3/gwtbootstrap3/src/main/java/org/gwtbootstrap3/client/GwtBootstrap3EntryPoint.java
/home/travis/build/failed/gwtbootstrap3/gwtbootstrap3/gwtbootstrap3/src/main/java/org/gwtbootstrap3/client/ui/Input.java
/home/travis/build/failed/gwtbootstrap3/gwtbootstrap3/gwtbootstrap3/src/main/java/org/gwtbootstrap3/client/ui/ModalBody.java
/home/travis/build/failed/gwtbootstrap3/gwtbootstrap3/gwtbootstrap3/src/main/java/org/gwtbootstrap3/client/ui/constants/WellSize.java
/home/travis/build/failed/gwtbootstrap3/gwtbootstrap3/gwtbootstrap3/src/main/java/org/gwtbootstrap3/client/ui/base/HasFormValue.java
/home/travis/build/failed/gwtbootstrap3/gwtbootstrap3/gwtbootstrap3/src/main/java/org/gwtbootstrap3/client/ui/TabContent.java
/home/travis/build/failed/gwtbootstrap3/gwtbootstrap3/gwtbootstrap3/src/main/java/org/gwtbootstrap3/client/shared/event/AlertClosedHandler.java
/home/travis/build/failed/gwtbootstrap3/gwtbootstrap3/gwtbootstrap3/src/main/java/org/gwtbootstrap3/client/ui/PanelCollapse.java
/home/travis/build/failed/gwtbootstrap3/gwtbootstrap3/gwtbootstrap3/src/main/java/org/gwtbootstrap3/client/ui/base/mixin/TextMixin.java
/home/travis/build/failed/gwtbootstrap3/gwtbootstrap3/gwtbootstrap3/src/main/java/org/gwtbootstrap3/client/ui/constants/ImageType.java
/home/travis/build/failed/gwtbootstrap3/gwtbootstrap3/gwtbootstrap3/src/main/java/org/gwtbootstrap3/client/ui/base/HasIcon.java
/home/travis/build/failed/gwtbootstrap3/gwtbootstrap3/gwtbootstrap3/src/main/java/org/gwtbootstrap3/client/ui/CarouselIndicators.java
/home/travis/build/failed/gwtbootstrap3/gwtbootstrap3/gwtbootstrap3/src/main/java/org/gwtbootstrap3/client/shared/event/ShowEvent.java
/home/travis/build/failed/gwtbootstrap3/gwtbootstrap3/gwtbootstrap3/src/main/java/org/gwtbootstrap3/client/ui/Collapse.java
/home/travis/build/failed/gwtbootstrap3/gwtbootstrap3/gwtbootstrap3/src/main/java/org/gwtbootstrap3/client/ui/constants/NavbarPull.java
/home/travis/build/failed/gwtbootstrap3/gwtbootstrap3/gwtbootstrap3/src/main/java/org/gwtbootstrap3/client/ui/base/button/AbstractIconButton.java
/home/travis/build/failed/gwtbootstrap3/gwtbootstrap3/gwtbootstrap3/src/main/java/org/gwtbootstrap3/client/ui/HelpBlock.java
/home/travis/build/failed/gwtbootstrap3/gwtbootstrap3/gwtbootstrap3/src/main/java/org/gwtbootstrap3/client/ui/PanelFooter.java
/home/travis/build/failed/gwtbootstrap3/gwtbootstrap3/gwtbootstrap3/src/main/java/org/gwtbootstrap3/client/ui/constants/IconFlip.java
/home/travis/build/failed/gwtbootstrap3/gwtbootstrap3/gwtbootstrap3/src/main/java/org/gwtbootstrap3/client/ui/gwt/FocusWidget.java
/home/travis/build/failed/gwtbootstrap3/gwtbootstrap3/gwtbootstrap3/src/main/java/org/gwtbootstrap3/client/ui/constants/Placement.java
/home/travis/build/failed/gwtbootstrap3/gwtbootstrap3/gwtbootstrap3/src/main/java/org/gwtbootstrap3/client/ui/base/modal/ModalContent.java
/home/travis/build/failed/gwtbootstrap3/gwtbootstrap3/gwtbootstrap3/src/main/java/org/gwtbootstrap3/client/ui/base/mixin/DataToggleMixin.java
/home/travis/build/failed/gwtbootstrap3/gwtbootstrap3/gwtbootstrap3/src/main/java/org/gwtbootstrap3/client/ui/NavbarForm.java
/home/travis/build/failed/gwtbootstrap3/gwtbootstrap3/gwtbootstrap3/src/main/java/org/gwtbootstrap3/client/ui/Pagination.java
/home/travis/build/failed/gwtbootstrap3/gwtbootstrap3/gwtbootstrap3/src/main/java/org/gwtbootstrap3/client/ui/gwt/FormPanel.java
/home/travis/build/failed/gwtbootstrap3/gwtbootstrap3/gwtbootstrap3/src/main/java/org/gwtbootstrap3/client/ui/constants/Type.java
/home/travis/build/failed/gwtbootstrap3/gwtbootstrap3/gwtbootstrap3/src/main/java/org/gwtbootstrap3/client/ui/constants/ColumnPush.java
/home/travis/build/failed/gwtbootstrap3/gwtbootstrap3/gwtbootstrap3/src/main/java/org/gwtbootstrap3/client/ui/TabListItem.java
/home/travis/build/failed/gwtbootstrap3/gwtbootstrap3/gwtbootstrap3/src/main/java/org/gwtbootstrap3/client/ui/base/HasAutoComplete.java
/home/travis/build/failed/gwtbootstrap3/gwtbootstrap3/gwtbootstrap3/src/main/java/org/gwtbootstrap3/client/ui/base/HasInlineStyle.java
/home/travis/build/failed/gwtbootstrap3/gwtbootstrap3/gwtbootstrap3/src/main/java/org/gwtbootstrap3/client/ui/ModalComponent.java
/home/travis/build/failed/gwtbootstrap3/gwtbootstrap3/gwtbootstrap3/src/main/java/org/gwtbootstrap3/client/shared/event/CarouselSlideEvent.java
/home/travis/build/failed/gwtbootstrap3/gwtbootstrap3/gwtbootstrap3/src/main/java/org/gwtbootstrap3/client/ui/constants/Emphasis.java
/home/travis/build/failed/gwtbootstrap3/gwtbootstrap3/gwtbootstrap3/src/main/java/org/gwtbootstrap3/client/ui/base/HasPull.java
/home/travis/build/failed/gwtbootstrap3/gwtbootstrap3/gwtbootstrap3/src/main/java/org/gwtbootstrap3/client/ui/NavTabs.java
/home/travis/build/failed/gwtbootstrap3/gwtbootstrap3/gwtbootstrap3/src/main/java/org/gwtbootstrap3/client/shared/event/TooltipShownHandler.java
/home/travis/build/failed/gwtbootstrap3/gwtbootstrap3/gwtbootstrap3/src/main/java/org/gwtbootstrap3/client/ui/CheckBox.java
/home/travis/build/failed/gwtbootstrap3/gwtbootstrap3/gwtbootstrap3/src/main/java/org/gwtbootstrap3/client/ui/NavPills.java
/home/travis/build/failed/gwtbootstrap3/gwtbootstrap3/gwtbootstrap3/src/main/java/org/gwtbootstrap3/client/ui/base/AbstractTextWidget.java
/home/travis/build/failed/gwtbootstrap3/gwtbootstrap3/gwtbootstrap3/src/main/java/org/gwtbootstrap3/client/ui/gwt/Widget.java
/home/travis/build/failed/gwtbootstrap3/gwtbootstrap3/gwtbootstrap3/src/main/java/org/gwtbootstrap3/client/ui/constants/Styles.java
/home/travis/build/failed/gwtbootstrap3/gwtbootstrap3/gwtbootstrap3/src/main/java/org/gwtbootstrap3/client/ui/AnchorButton.java
/home/travis/build/failed/gwtbootstrap3/gwtbootstrap3/gwtbootstrap3/src/main/java/org/gwtbootstrap3/client/ui/package-info.java
/home/travis/build/failed/gwtbootstrap3/gwtbootstrap3/gwtbootstrap3/src/main/java/org/gwtbootstrap3/client/ui/base/HasValidationState.java
/home/travis/build/failed/gwtbootstrap3/gwtbootstrap3/gwtbootstrap3/src/main/java/org/gwtbootstrap3/client/ui/TextBox.java
/home/travis/build/failed/gwtbootstrap3/gwtbootstrap3/gwtbootstrap3/src/main/java/org/gwtbootstrap3/client/ui/html/UnorderedList.java
/home/travis/build/failed/gwtbootstrap3/gwtbootstrap3/gwtbootstrap3/src/main/java/org/gwtbootstrap3/client/ui/base/AbstractDropDown.java
/home/travis/build/failed/gwtbootstrap3/gwtbootstrap3/gwtbootstrap3/src/main/java/org/gwtbootstrap3/client/ui/base/HasTarget.java
/home/travis/build/failed/gwtbootstrap3/gwtbootstrap3/gwtbootstrap3/src/main/java/org/gwtbootstrap3/client/ui/base/button/CloseButton.java
/home/travis/build/failed/gwtbootstrap3/gwtbootstrap3/gwtbootstrap3/src/main/java/org/gwtbootstrap3/client/ui/constants/InputSize.java
/home/travis/build/failed/gwtbootstrap3/gwtbootstrap3/gwtbootstrap3/src/main/java/org/gwtbootstrap3/client/ui/constants/ValidationState.java
/home/travis/build/failed/gwtbootstrap3/gwtbootstrap3/gwtbootstrap3/src/main/java/org/gwtbootstrap3/client/shared/event/ModalHideEvent.java
/home/travis/build/failed/gwtbootstrap3/gwtbootstrap3/gwtbootstrap3/src/main/java/org/gwtbootstrap3/client/ui/base/AbstractButtonGroup.java
/home/travis/build/failed/gwtbootstrap3/gwtbootstrap3/gwtbootstrap3/src/main/java/org/gwtbootstrap3/client/ui/Heading.java
/home/travis/build/failed/gwtbootstrap3/gwtbootstrap3/gwtbootstrap3/src/main/java/org/gwtbootstrap3/client/ui/constants/IconType.java
/home/travis/build/failed/gwtbootstrap3/gwtbootstrap3/gwtbootstrap3/src/main/java/org/gwtbootstrap3/client/shared/event/AlertCloseHandler.java
/home/travis/build/failed/gwtbootstrap3/gwtbootstrap3/gwtbootstrap3/src/main/java/org/gwtbootstrap3/client/ui/html/OrderedList.java
/home/travis/build/failed/gwtbootstrap3/gwtbootstrap3/gwtbootstrap3/src/main/java/org/gwtbootstrap3/client/ui/base/mixin/IdMixin.java
/home/travis/build/failed/gwtbootstrap3/gwtbootstrap3/gwtbootstrap3/src/main/java/org/gwtbootstrap3/client/ui/base/helper/EnumHelper.java
/home/travis/build/failed/gwtbootstrap3/gwtbootstrap3/gwtbootstrap3/src/main/java/org/gwtbootstrap3/client/ui/LinkedGroupItem.java
/home/travis/build/failed/gwtbootstrap3/gwtbootstrap3/gwtbootstrap3/src/main/java/org/gwtbootstrap3/client/shared/event/TooltipShownEvent.java
/home/travis/build/failed/gwtbootstrap3/gwtbootstrap3/gwtbootstrap3/src/main/java/org/gwtbootstrap3/client/ui/constants/HeadingSize.java
/home/travis/build/failed/gwtbootstrap3/gwtbootstrap3/gwtbootstrap3/src/main/java/org/gwtbootstrap3/client/ui/constants/NavbarType.java
/home/travis/build/failed/gwtbootstrap3/gwtbootstrap3/gwtbootstrap3/src/main/java/org/gwtbootstrap3/client/ui/Tooltip.java
/home/travis/build/failed/gwtbootstrap3/gwtbootstrap3/gwtbootstrap3/src/main/java/org/gwtbootstrap3/client/shared/event/ModalHiddenEvent.java
/home/travis/build/failed/gwtbootstrap3/gwtbootstrap3/gwtbootstrap3/src/main/java/org/gwtbootstrap3/client/ui/constants/InputType.java
/home/travis/build/failed/gwtbootstrap3/gwtbootstrap3/gwtbootstrap3/src/main/java/org/gwtbootstrap3/client/shared/event/TabShownEvent.java
/home/travis/build/failed/gwtbootstrap3/gwtbootstrap3/gwtbootstrap3/src/main/java/org/gwtbootstrap3/client/ui/base/HasPlaceholder.java
/home/travis/build/failed/gwtbootstrap3/gwtbootstrap3/gwtbootstrap3/src/main/java/org/gwtbootstrap3/client/ui/base/TextBoxBase.java
/home/travis/build/failed/gwtbootstrap3/gwtbootstrap3/gwtbootstrap3/src/main/java/org/gwtbootstrap3/client/ui/CarouselControl.java
/home/travis/build/failed/gwtbootstrap3/gwtbootstrap3/gwtbootstrap3/src/main/java/org/gwtbootstrap3/client/ui/base/mixin/DataSpyMixin.java
/home/travis/build/failed/gwtbootstrap3/gwtbootstrap3/gwtbootstrap3/src/main/java/org/gwtbootstrap3/client/ui/base/mixin/AbstractMixin.java
/home/travis/build/failed/gwtbootstrap3/gwtbootstrap3/gwtbootstrap3/src/main/java/org/gwtbootstrap3/client/ui/constants/IconRotate.java
/home/travis/build/failed/gwtbootstrap3/gwtbootstrap3/gwtbootstrap3/src/main/java/org/gwtbootstrap3/client/ui/ListGroup.java
/home/travis/build/failed/gwtbootstrap3/gwtbootstrap3/gwtbootstrap3/src/main/java/org/gwtbootstrap3/client/ui/base/HasDataToggle.java
/home/travis/build/failed/gwtbootstrap3/gwtbootstrap3/gwtbootstrap3/src/main/java/org/gwtbootstrap3/client/ui/html/Text.java
/home/travis/build/failed/gwtbootstrap3/gwtbootstrap3/gwtbootstrap3/src/main/java/org/gwtbootstrap3/client/shared/event/ShownHandler.java
/home/travis/build/failed/gwtbootstrap3/gwtbootstrap3/gwtbootstrap3/src/main/java/org/gwtbootstrap3/client/shared/event/ModalEvent.java
/home/travis/build/failed/gwtbootstrap3/gwtbootstrap3/gwtbootstrap3/src/main/java/org/gwtbootstrap3/client/ui/Container.java
/home/travis/build/failed/gwtbootstrap3/gwtbootstrap3/gwtbootstrap3/src/main/java/org/gwtbootstrap3/client/ui/MediaList.java
/home/travis/build/failed/gwtbootstrap3/gwtbootstrap3/gwtbootstrap3/src/main/java/org/gwtbootstrap3/client/ui/ButtonToolBar.java
/home/travis/build/failed/gwtbootstrap3/gwtbootstrap3/gwtbootstrap3/src/main/java/org/gwtbootstrap3/client/ui/constants/DeviceSize.java
/home/travis/build/failed/gwtbootstrap3/gwtbootstrap3/gwtbootstrap3/src/main/java/org/gwtbootstrap3/client/ui/base/mixin/FocusableMixin.java
/home/travis/build/failed/gwtbootstrap3/gwtbootstrap3/gwtbootstrap3/src/main/java/org/gwtbootstrap3/client/shared/event/TooltipEvent.java
/home/travis/build/failed/gwtbootstrap3/gwtbootstrap3/gwtbootstrap3/src/main/java/org/gwtbootstrap3/client/ui/Popover.java
/home/travis/build/failed/gwtbootstrap3/gwtbootstrap3/gwtbootstrap3/src/main/java/org/gwtbootstrap3/client/shared/event/AlertClosedEvent.java
/home/travis/build/failed/gwtbootstrap3/gwtbootstrap3/gwtbootstrap3/src/main/java/org/gwtbootstrap3/client/ui/impl/RadioImplIE8.java
/home/travis/build/failed/gwtbootstrap3/gwtbootstrap3/gwtbootstrap3/src/main/java/org/gwtbootstrap3/client/ui/Radio.java
/home/travis/build/failed/gwtbootstrap3/gwtbootstrap3/gwtbootstrap3/src/main/java/org/gwtbootstrap3/client/ui/base/AbstractInputGroupAddon.java
/home/travis/build/failed/gwtbootstrap3/gwtbootstrap3/gwtbootstrap3/src/main/java/org/gwtbootstrap3/client/ui/CarouselSlide.java
/home/travis/build/failed/gwtbootstrap3/gwtbootstrap3/gwtbootstrap3/src/main/java/org/gwtbootstrap3/client/ui/ImageAnchor.java
/home/travis/build/failed/gwtbootstrap3/gwtbootstrap3/gwtbootstrap3/src/main/java/org/gwtbootstrap3/client/ui/ModalFooter.java
/home/travis/build/failed/gwtbootstrap3/gwtbootstrap3/gwtbootstrap3/src/main/java/org/gwtbootstrap3/client/ui/LongBox.java
/home/travis/build/failed/gwtbootstrap3/gwtbootstrap3/gwtbootstrap3/src/main/java/org/gwtbootstrap3/client/ui/base/HasHref.java
/home/travis/build/failed/gwtbootstrap3/gwtbootstrap3/gwtbootstrap3/src/main/java/org/gwtbootstrap3/client/ui/base/HasSize.java
/home/travis/build/failed/gwtbootstrap3/gwtbootstrap3/gwtbootstrap3/src/main/java/org/gwtbootstrap3/client/ui/DescriptionData.java
/home/travis/build/failed/gwtbootstrap3/gwtbootstrap3/gwtbootstrap3/src/main/java/org/gwtbootstrap3/client/ui/gwt/ButtonBase.java
/home/travis/build/failed/gwtbootstrap3/gwtbootstrap3/gwtbootstrap3/src/main/java/org/gwtbootstrap3/client/shared/event/ModalShownEvent.java
/home/travis/build/failed/gwtbootstrap3/gwtbootstrap3/gwtbootstrap3/src/main/java/org/gwtbootstrap3/client/shared/event/ShownEvent.java
/home/travis/build/failed/gwtbootstrap3/gwtbootstrap3/gwtbootstrap3/src/main/java/org/gwtbootstrap3/client/ui/base/mixin/IconTextMixin.java
/home/travis/build/failed/gwtbootstrap3/gwtbootstrap3/gwtbootstrap3/src/main/java/org/gwtbootstrap3/client/ui/Navbar.java
/home/travis/build/failed/gwtbootstrap3/gwtbootstrap3/gwtbootstrap3/src/main/java/org/gwtbootstrap3/client/ui/InputGroup.java
/home/travis/build/failed/gwtbootstrap3/gwtbootstrap3/gwtbootstrap3/src/main/java/org/gwtbootstrap3/client/ui/base/helper/StyleHelper.java
/home/travis/build/failed/gwtbootstrap3/gwtbootstrap3/gwtbootstrap3/src/main/java/org/gwtbootstrap3/client/shared/event/ModalHiddenHandler.java
/home/travis/build/failed/gwtbootstrap3/gwtbootstrap3/gwtbootstrap3/src/main/java/org/gwtbootstrap3/client/ui/base/package-info.java
/home/travis/build/failed/gwtbootstrap3/gwtbootstrap3/gwtbootstrap3/src/main/java/org/gwtbootstrap3/client/ui/base/HasTargetHistoryToken.java
/home/travis/build/failed/gwtbootstrap3/gwtbootstrap3/gwtbootstrap3/src/main/java/org/gwtbootstrap3/client/ui/Abbreviation.java
/home/travis/build/failed/gwtbootstrap3/gwtbootstrap3/gwtbootstrap3/src/main/java/org/gwtbootstrap3/client/ui/FieldSet.java
/home/travis/build/failed/gwtbootstrap3/gwtbootstrap3/gwtbootstrap3/src/main/java/org/gwtbootstrap3/client/ui/constants/Toggle.java
/home/travis/build/failed/gwtbootstrap3/gwtbootstrap3/gwtbootstrap3/src/main/java/org/gwtbootstrap3/client/ui/gwt/HTMLPanel.java
/home/travis/build/failed/gwtbootstrap3/gwtbootstrap3/gwtbootstrap3/src/main/java/org/gwtbootstrap3/client/ui/InlineHelpBlock.java
/home/travis/build/failed/gwtbootstrap3/gwtbootstrap3/gwtbootstrap3/src/main/java/org/gwtbootstrap3/client/ui/NavbarCollapse.java
/home/travis/build/failed/gwtbootstrap3/gwtbootstrap3/gwtbootstrap3/src/main/java/org/gwtbootstrap3/client/ui/gwt/DataGrid.java
/home/travis/build/failed/gwtbootstrap3/gwtbootstrap3/gwtbootstrap3/src/main/java/org/gwtbootstrap3/client/ui/Well.java
/home/travis/build/failed/gwtbootstrap3/gwtbootstrap3/gwtbootstrap3/src/main/java/org/gwtbootstrap3/client/ui/base/mixin/HTMLMixin.java
/home/travis/build/failed/gwtbootstrap3/gwtbootstrap3/gwtbootstrap3/src/main/java/org/gwtbootstrap3/client/ui/base/HasContextualBackground.java
/home/travis/build/failed/gwtbootstrap3/gwtbootstrap3/gwtbootstrap3/src/main/java/org/gwtbootstrap3/client/ui/base/HasActive.java
/home/travis/build/failed/gwtbootstrap3/gwtbootstrap3/gwtbootstrap3/src/main/java/org/gwtbootstrap3/client/shared/event/TabEvent.java
/home/travis/build/failed/gwtbootstrap3/gwtbootstrap3/gwtbootstrap3/src/main/java/org/gwtbootstrap3/client/ui/Jumbotron.java
/home/travis/build/failed/gwtbootstrap3/gwtbootstrap3/gwtbootstrap3/src/main/java/org/gwtbootstrap3/client/ui/LinkedGroupItemText.java
/home/travis/build/failed/gwtbootstrap3/gwtbootstrap3/gwtbootstrap3/src/main/java/org/gwtbootstrap3/client/ui/PanelGroup.java
/home/travis/build/failed/gwtbootstrap3/gwtbootstrap3/gwtbootstrap3/src/main/java/org/gwtbootstrap3/client/ui/LinkedGroup.java
/home/travis/build/failed/gwtbootstrap3/gwtbootstrap3/gwtbootstrap3/src/main/java/org/gwtbootstrap3/client/ui/constants/Attributes.java
/home/travis/build/failed/gwtbootstrap3/gwtbootstrap3/gwtbootstrap3/src/main/java/org/gwtbootstrap3/client/ui/impl/SimpleCheckBoxImplIE8.java
/home/travis/build/failed/gwtbootstrap3/gwtbootstrap3/gwtbootstrap3/src/main/java/org/gwtbootstrap3/client/ui/constants/Responsiveness.java
/home/travis/build/failed/gwtbootstrap3/gwtbootstrap3/gwtbootstrap3/src/main/java/org/gwtbootstrap3/client/ui/NavbarText.java
/home/travis/build/failed/gwtbootstrap3/gwtbootstrap3/gwtbootstrap3/src/main/java/org/gwtbootstrap3/client/shared/event/TabShownHandler.java
/home/travis/build/failed/gwtbootstrap3/gwtbootstrap3/gwtbootstrap3/src/main/java/org/gwtbootstrap3/client/ui/constants/package-info.java
/home/travis/build/failed/gwtbootstrap3/gwtbootstrap3/gwtbootstrap3/src/main/java/org/gwtbootstrap3/client/ui/PageHeader.java
/home/travis/build/failed/gwtbootstrap3/gwtbootstrap3/gwtbootstrap3/src/main/java/org/gwtbootstrap3/client/ui/Carousel.java
/home/travis/build/failed/gwtbootstrap3/gwtbootstrap3/gwtbootstrap3/src/main/java/org/gwtbootstrap3/client/ui/base/AbstractAnchorListItem.java
/home/travis/build/failed/gwtbootstrap3/gwtbootstrap3/gwtbootstrap3/src/main/java/org/gwtbootstrap3/client/ui/ThumbnailPanel.java
/home/travis/build/failed/gwtbootstrap3/gwtbootstrap3/gwtbootstrap3/src/main/java/org/gwtbootstrap3/client/ui/Label.java
/home/travis/build/failed/gwtbootstrap3/gwtbootstrap3/gwtbootstrap3/src/main/java/org/gwtbootstrap3/client/ui/DescriptionTitle.java
/home/travis/build/failed/gwtbootstrap3/gwtbootstrap3/gwtbootstrap3/src/main/java/org/gwtbootstrap3/client/ui/MediaBody.java
/home/travis/build/failed/gwtbootstrap3/gwtbootstrap3/gwtbootstrap3/src/main/java/org/gwtbootstrap3/client/ui/base/mixin/DataParentMixin.java
/home/travis/build/failed/gwtbootstrap3/gwtbootstrap3/gwtbootstrap3/src/main/java/org/gwtbootstrap3/client/ui/InputGroupButton.java
/home/travis/build/failed/gwtbootstrap3/gwtbootstrap3/gwtbootstrap3/src/main/java/org/gwtbootstrap3/client/ui/Button.java
/home/travis/build/failed/gwtbootstrap3/gwtbootstrap3/gwtbootstrap3/src/main/java/org/gwtbootstrap3/client/ui/base/ValueBoxBase.java
/home/travis/build/failed/gwtbootstrap3/gwtbootstrap3/gwtbootstrap3/src/main/java/org/gwtbootstrap3/client/ui/html/ClearFix.java
/home/travis/build/failed/gwtbootstrap3/gwtbootstrap3/gwtbootstrap3/src/main/java/org/gwtbootstrap3/client/ui/SimpleCheckBox.java
/home/travis/build/failed/gwtbootstrap3/gwtbootstrap3/gwtbootstrap3/src/main/java/org/gwtbootstrap3/client/ui/ModalHeader.java
/home/travis/build/failed/gwtbootstrap3/gwtbootstrap3/gwtbootstrap3/src/main/java/org/gwtbootstrap3/client/ui/constants/ColumnOffset.java
/home/travis/build/failed/gwtbootstrap3/gwtbootstrap3/gwtbootstrap3/src/main/java/org/gwtbootstrap3/client/ui/constants/ElementTags.java
/home/travis/build/failed/gwtbootstrap3/gwtbootstrap3/gwtbootstrap3/src/main/java/org/gwtbootstrap3/client/ui/Lead.java
/home/travis/build/failed/gwtbootstrap3/gwtbootstrap3/gwtbootstrap3/src/main/java/org/gwtbootstrap3/client/ui/FormLabel.java
/home/travis/build/failed/gwtbootstrap3/gwtbootstrap3/gwtbootstrap3/src/main/java/org/gwtbootstrap3/client/shared/event/TooltipHiddenEvent.java
/home/travis/build/failed/gwtbootstrap3/gwtbootstrap3/gwtbootstrap3/src/main/java/org/gwtbootstrap3/client/ui/constants/Pull.java
/home/travis/build/failed/gwtbootstrap3/gwtbootstrap3/gwtbootstrap3/src/main/java/org/gwtbootstrap3/client/ui/constants/IconSize.java
/home/travis/build/failed/gwtbootstrap3/gwtbootstrap3/gwtbootstrap3/src/main/java/org/gwtbootstrap3/client/ui/base/mixin/AttributeMixin.java
/home/travis/build/failed/gwtbootstrap3/gwtbootstrap3/gwtbootstrap3/src/main/java/org/gwtbootstrap3/client/ui/base/button/AbstractToggleButton.java
/home/travis/build/failed/gwtbootstrap3/gwtbootstrap3/gwtbootstrap3/src/main/java/org/gwtbootstrap3/client/ui/base/HasTabPosition.java
/home/travis/build/failed/gwtbootstrap3/gwtbootstrap3/gwtbootstrap3/src/main/java/org/gwtbootstrap3/client/ui/constants/ButtonSize.java
/home/travis/build/failed/gwtbootstrap3/gwtbootstrap3/gwtbootstrap3/src/main/java/org/gwtbootstrap3/client/ui/SubmitButton.java
/home/travis/build/failed/gwtbootstrap3/gwtbootstrap3/gwtbootstrap3/src/main/java/org/gwtbootstrap3/client/ui/Description.java
/home/travis/build/failed/gwtbootstrap3/gwtbootstrap3/gwtbootstrap3/src/main/java/org/gwtbootstrap3/client/ui/Column.java
/home/travis/build/failed/gwtbootstrap3/gwtbootstrap3/gwtbootstrap3/src/main/java/org/gwtbootstrap3/client/ui/IsClosable.java
/home/travis/build/failed/gwtbootstrap3/gwtbootstrap3/gwtbootstrap3/src/main/java/org/gwtbootstrap3/client/ui/Badge.java
/home/travis/build/failed/gwtbootstrap3/gwtbootstrap3/gwtbootstrap3/src/main/java/org/gwtbootstrap3/client/ui/NavbarHeader.java
/home/travis/build/failed/gwtbootstrap3/gwtbootstrap3/gwtbootstrap3/src/main/java/org/gwtbootstrap3/client/ui/html/Hr.java
/home/travis/build/failed/gwtbootstrap3/gwtbootstrap3/gwtbootstrap3/src/main/java/org/gwtbootstrap3/client/GwtBootstrap3ClientBundle.java
/home/travis/build/failed/gwtbootstrap3/gwtbootstrap3/gwtbootstrap3/src/main/java/org/gwtbootstrap3/client/ui/impl/RadioImpl.java
/home/travis/build/failed/gwtbootstrap3/gwtbootstrap3/gwtbootstrap3/src/main/java/org/gwtbootstrap3/client/ui/TabPanel.java
/home/travis/build/failed/gwtbootstrap3/gwtbootstrap3/gwtbootstrap3/src/main/java/org/gwtbootstrap3/client/shared/event/HideHandler.java
/home/travis/build/failed/gwtbootstrap3/gwtbootstrap3/gwtbootstrap3/src/main/java/org/gwtbootstrap3/client/ui/gwt/ButtonCell.java
/home/travis/build/failed/gwtbootstrap3/gwtbootstrap3/gwtbootstrap3/src/main/java/org/gwtbootstrap3/client/ui/base/DescriptionComponent.java
/home/travis/build/failed/gwtbootstrap3/gwtbootstrap3/gwtbootstrap3/src/main/java/org/gwtbootstrap3/client/ui/constants/ColumnSize.java
/home/travis/build/failed/gwtbootstrap3/gwtbootstrap3/gwtbootstrap3/src/main/java/org/gwtbootstrap3/client/ui/TextArea.java
/home/travis/build/failed/gwtbootstrap3/gwtbootstrap3/gwtbootstrap3/src/main/java/org/gwtbootstrap3/client/ui/base/button/Caret.java
/home/travis/build/failed/gwtbootstrap3/gwtbootstrap3/gwtbootstrap3/src/main/java/org/gwtbootstrap3/client/shared/event/ShowHandler.java
/home/travis/build/failed/gwtbootstrap3/gwtbootstrap3/gwtbootstrap3/src/main/java/org/gwtbootstrap3/client/ui/constants/ColumnPull.java
/home/travis/build/failed/gwtbootstrap3/gwtbootstrap3/gwtbootstrap3/src/main/java/org/gwtbootstrap3/client/ui/constants/ButtonType.java
/home/travis/build/failed/gwtbootstrap3/gwtbootstrap3/gwtbootstrap3/src/main/java/org/gwtbootstrap3/client/ui/base/HasDataSpy.java
/home/travis/build/failed/gwtbootstrap3/gwtbootstrap3/gwtbootstrap3/src/main/java/org/gwtbootstrap3/client/ui/base/HasPlacement.java
/home/travis/build/failed/gwtbootstrap3/gwtbootstrap3/gwtbootstrap3/src/main/java/org/gwtbootstrap3/client/ui/html/Strong.java
/home/travis/build/failed/gwtbootstrap3/gwtbootstrap3/gwtbootstrap3/src/main/java/org/gwtbootstrap3/client/ui/ThumbnailLink.java
/home/travis/build/failed/gwtbootstrap3/gwtbootstrap3/gwtbootstrap3/src/main/java/org/gwtbootstrap3/client/ui/NavbarBrand.java
