/home/wju/test-proj/closure-compiler/src/com/google/javascript/jscomp/DeadPropertyAssignmentElimination.java
/home/wju/test-proj/closure-compiler/src/com/google/javascript/jscomp/parsing/parser/trees/SwitchStatementTree.java
/home/wju/test-proj/closure-compiler/src/com/google/javascript/jscomp/CompilerExecutor.java
/home/wju/test-proj/closure-compiler/src/com/google/javascript/jscomp/lint/CheckInterfaces.java
/home/wju/test-proj/closure-compiler/src/com/google/javascript/jscomp/newtypes/ToStringContext.java
/home/wju/test-proj/closure-compiler/src/com/google/javascript/jscomp/resources/ResourceLoader.java
/home/wju/test-proj/closure-compiler/src/com/google/javascript/jscomp/CssRenamingMap.java
/home/wju/test-proj/closure-compiler/src/com/google/javascript/jscomp/OptimizeCalls.java
/home/wju/test-proj/closure-compiler/src/com/google/javascript/rhino/jstype/JSType.java
/home/wju/test-proj/closure-compiler/src/com/google/javascript/jscomp/CreateSyntheticBlocks.java
/home/wju/test-proj/closure-compiler/src/com/google/javascript/rhino/jstype/TernaryValue.java
/home/wju/test-proj/closure-compiler/src/com/google/javascript/jscomp/parsing/parser/trees/LabelledStatementTree.java
/home/wju/test-proj/closure-compiler/src/com/google/javascript/jscomp/MessageBundle.java
/home/wju/test-proj/closure-compiler/src/com/google/javascript/jscomp/parsing/parser/trees/FunctionDeclarationTree.java
/home/wju/test-proj/closure-compiler/src/com/google/javascript/jscomp/NodeTraversal.java
/home/wju/test-proj/closure-compiler/src/com/google/javascript/rhino/jstype/RecordType.java
/home/wju/test-proj/closure-compiler/src/com/google/javascript/jscomp/DiagnosticGroupPathSuppressingWarningsGuard.java
/home/wju/test-proj/closure-compiler/src/com/google/javascript/jscomp/CheckUnreachableCode.java
/home/wju/test-proj/closure-compiler/src/com/google/javascript/jscomp/ClosureOptimizePrimitives.java
/home/wju/test-proj/closure-compiler/src/com/google/javascript/jscomp/ProcessCommonJSModules.java
/home/wju/test-proj/closure-compiler/src/com/google/javascript/jscomp/lint/CheckEmptyStatements.java
/home/wju/test-proj/closure-compiler/src/com/google/javascript/rhino/jstype/CanCastToVisitor.java
/home/wju/test-proj/closure-compiler/src/com/google/javascript/jscomp/AnonymousFunctionNamingPolicy.java
/home/wju/test-proj/closure-compiler/src/com/google/javascript/jscomp/ijs/ConvertToTypedInterface.java
/home/wju/test-proj/closure-compiler/src/com/google/javascript/rhino/StaticSymbolTable.java
/home/wju/test-proj/closure-compiler/src/com/google/javascript/rhino/jstype/FunctionType.java
/home/wju/test-proj/closure-compiler/src/com/google/javascript/jscomp/ReplaceMessagesForChrome.java
/home/wju/test-proj/closure-compiler/src/com/google/debugging/sourcemap/Util.java
/home/wju/test-proj/closure-compiler/src/com/google/javascript/rhino/jstype/NumberType.java
/home/wju/test-proj/closure-compiler/src/com/google/javascript/refactoring/ErrorToFixMapper.java
/home/wju/test-proj/closure-compiler/gen/com/google/javascript/jscomp/FunctionInformationMap.java
/home/wju/test-proj/closure-compiler/src/com/google/javascript/jscomp/deps/SourceFile.java
/home/wju/test-proj/closure-compiler/src/com/google/debugging/sourcemap/SourceMapConsumerFactory.java
/home/wju/test-proj/closure-compiler/src/com/google/javascript/jscomp/CompilerOptions.java
/home/wju/test-proj/closure-compiler/src/com/google/javascript/jscomp/ant/CompileTask.java
/home/wju/test-proj/closure-compiler/src/com/google/javascript/jscomp/newtypes/Declaration.java
/home/wju/test-proj/closure-compiler/src/com/google/javascript/jscomp/PeepholeRemoveDeadCode.java
/home/wju/test-proj/closure-compiler/src/com/google/javascript/jscomp/TypeMismatch.java
/home/wju/test-proj/closure-compiler/src/com/google/javascript/jscomp/Reference.java
/home/wju/test-proj/closure-compiler/src/com/google/javascript/rhino/jstype/NoObjectType.java
/home/wju/test-proj/closure-compiler/src/com/google/javascript/jscomp/Scope.java
/home/wju/test-proj/closure-compiler/src/com/google/javascript/jscomp/parsing/parser/trees/ComputedPropertySetterTree.java
/home/wju/test-proj/closure-compiler/src/com/google/javascript/jscomp/parsing/parser/util/SourceRange.java
/home/wju/test-proj/closure-compiler/src/com/google/javascript/rhino/InputId.java
/home/wju/test-proj/closure-compiler/src/com/google/javascript/jscomp/newtypes/Typedef.java
/home/wju/test-proj/closure-compiler/src/com/google/javascript/jscomp/newtypes/SubtypeCache.java
/home/wju/test-proj/closure-compiler/src/com/google/javascript/jscomp/parsing/parser/trees/SuperExpressionTree.java
/home/wju/test-proj/closure-compiler/src/com/google/javascript/jscomp/ReferenceCollectingCallback.java
/home/wju/test-proj/closure-compiler/src/com/google/javascript/jscomp/parsing/parser/trees/CatchTree.java
/home/wju/test-proj/closure-compiler/src/com/google/javascript/jscomp/CheckLevel.java
/home/wju/test-proj/closure-compiler/src/com/google/javascript/jscomp/EsNextToEs8Converter.java
/home/wju/test-proj/closure-compiler/src/com/google/javascript/jscomp/CoverageInstrumentationCallback.java
/home/wju/test-proj/closure-compiler/src/com/google/javascript/jscomp/ErrorFormat.java
/home/wju/test-proj/closure-compiler/src/com/google/javascript/jscomp/LightweightMessageFormatter.java
/home/wju/test-proj/closure-compiler/src/com/google/javascript/jscomp/parsing/parser/trees/ThisExpressionTree.java
/home/wju/test-proj/closure-compiler/src/com/google/javascript/jscomp/parsing/parser/trees/WithStatementTree.java
/home/wju/test-proj/closure-compiler/src/com/google/javascript/rhino/jstype/TemplateTypeMap.java
/home/wju/test-proj/closure-compiler/src/com/google/javascript/jscomp/PrintStreamJSONErrorManager.java
/home/wju/test-proj/closure-compiler/src/com/google/javascript/jscomp/PeepholeReplaceKnownMethods.java
/home/wju/test-proj/closure-compiler/src/com/google/javascript/jscomp/Es6NormalizeShorthandProperties.java
/home/wju/test-proj/closure-compiler/src/com/google/javascript/jscomp/DefaultNameGenerator.java
/home/wju/test-proj/closure-compiler/src/com/google/javascript/jscomp/VariableVisibilityAnalysis.java
/home/wju/test-proj/closure-compiler/src/com/google/javascript/jscomp/DeadAssignmentsElimination.java
/home/wju/test-proj/closure-compiler/src/com/google/javascript/jscomp/parsing/parser/trees/ReturnStatementTree.java
/home/wju/test-proj/closure-compiler/src/com/google/javascript/rhino/FunctionTypeI.java
/home/wju/test-proj/closure-compiler/src/com/google/javascript/jscomp/ReferenceMap.java
/home/wju/test-proj/closure-compiler/src/com/google/javascript/jscomp/Var.java
/home/wju/test-proj/closure-compiler/src/com/google/javascript/jscomp/Region.java
/home/wju/test-proj/closure-compiler/src/com/google/javascript/jscomp/parsing/parser/trees/AssignmentRestElementTree.java
/home/wju/test-proj/closure-compiler/src/com/google/javascript/jscomp/JsMessageDefinition.java
/home/wju/test-proj/closure-compiler/src/com/google/javascript/jscomp/parsing/parser/trees/DebuggerStatementTree.java
/home/wju/test-proj/closure-compiler/src/com/google/javascript/jscomp/AliasStrings.java
/home/wju/test-proj/closure-compiler/src/com/google/javascript/rhino/ErrorReporter.java
/home/wju/test-proj/closure-compiler/src/com/google/javascript/jscomp/newtypes/Namespace.java
/home/wju/test-proj/closure-compiler/src/com/google/debugging/sourcemap/Base64VLQ.java
/home/wju/test-proj/closure-compiler/src/com/google/javascript/jscomp/parsing/parser/trees/NewExpressionTree.java
/home/wju/test-proj/closure-compiler/src/com/google/javascript/jscomp/parsing/parser/trees/ConditionalExpressionTree.java
/home/wju/test-proj/closure-compiler/src/com/google/javascript/jscomp/parsing/JsDocTokenStream.java
/home/wju/test-proj/closure-compiler/src/com/google/javascript/jscomp/parsing/parser/trees/TypeAliasTree.java
/home/wju/test-proj/closure-compiler/src/com/google/javascript/jscomp/CollectFunctionNames.java
/home/wju/test-proj/closure-compiler/src/com/google/javascript/jscomp/RenameLabels.java
/home/wju/test-proj/closure-compiler/src/com/google/javascript/jscomp/RuntimeTypeCheck.java
/home/wju/test-proj/closure-compiler/src/com/google/javascript/jscomp/BasicBlock.java
/home/wju/test-proj/closure-compiler/src/com/google/javascript/jscomp/InlineCostEstimator.java
/home/wju/test-proj/closure-compiler/src/com/google/javascript/jscomp/parsing/parser/trees/NewTargetExpressionTree.java
/home/wju/test-proj/closure-compiler/src/com/google/javascript/jscomp/lint/CheckNullableReturn.java
/home/wju/test-proj/closure-compiler/src/com/google/javascript/jscomp/lint/CheckPrototypeProperties.java
/home/wju/test-proj/closure-compiler/src/com/google/javascript/jscomp/InlineFunctions.java
/home/wju/test-proj/closure-compiler/src/com/google/javascript/jscomp/TypeTransformation.java
/home/wju/test-proj/closure-compiler/gen/com/google/javascript/jscomp/ConformanceConfig.java
/home/wju/test-proj/closure-compiler/src/com/google/javascript/jscomp/newtypes/JSTypes.java
/home/wju/test-proj/closure-compiler/src/com/google/javascript/jscomp/CodingConventions.java
/home/wju/test-proj/closure-compiler/src/com/google/javascript/jscomp/PeepholeReorderConstantExpression.java
/home/wju/test-proj/closure-compiler/src/com/google/javascript/jscomp/deps/DefaultDependencyResolver.java
/home/wju/test-proj/closure-compiler/src/com/google/javascript/jscomp/BlackHoleErrorManager.java
/home/wju/test-proj/closure-compiler/src/com/google/javascript/jscomp/DataFlowAnalysis.java
/home/wju/test-proj/closure-compiler/src/com/google/javascript/jscomp/TypeInfoCheck.java
/home/wju/test-proj/closure-compiler/src/com/google/javascript/jscomp/newtypes/ClojurePersistentHashMap.java
/home/wju/test-proj/closure-compiler/src/com/google/javascript/jscomp/PropertyRenamingPolicy.java
/home/wju/test-proj/closure-compiler/src/com/google/javascript/jscomp/PerformanceTrackerCodeSizeEstimator.java
/home/wju/test-proj/closure-compiler/src/com/google/javascript/rhino/StaticSourceFile.java
/home/wju/test-proj/closure-compiler/src/com/google/javascript/jscomp/VerboseMessageFormatter.java
/home/wju/test-proj/closure-compiler/src/com/google/javascript/jscomp/PolymerPassErrors.java
/home/wju/test-proj/closure-compiler/src/com/google/javascript/jscomp/PolymerClassDefinition.java
/home/wju/test-proj/closure-compiler/src/com/google/debugging/sourcemap/SourceMapFormat.java
/home/wju/test-proj/closure-compiler/src/com/google/javascript/jscomp/DefinitionUseSiteFinder.java
/home/wju/test-proj/closure-compiler/src/com/google/javascript/jscomp/parsing/parser/util/SourcePosition.java
/home/wju/test-proj/closure-compiler/src/com/google/javascript/jscomp/ByPathWarningsGuard.java
/home/wju/test-proj/closure-compiler/src/com/google/javascript/jscomp/SourceAst.java
/home/wju/test-proj/closure-compiler/src/com/google/javascript/jscomp/DiagnosticGroupWarningsGuard.java
/home/wju/test-proj/closure-compiler/src/com/google/javascript/jscomp/FunctionRewriter.java
/home/wju/test-proj/closure-compiler/src/com/google/javascript/jscomp/bundle/TranspilationException.java
/home/wju/test-proj/closure-compiler/src/com/google/javascript/jscomp/ijs/JsdocUtil.java
/home/wju/test-proj/closure-compiler/src/com/google/javascript/jscomp/ConformanceRules.java
/home/wju/test-proj/closure-compiler/src/com/google/javascript/jscomp/JoinOp.java
/home/wju/test-proj/closure-compiler/src/com/google/javascript/jscomp/deps/WebpackModuleResolver.java
/home/wju/test-proj/closure-compiler/src/com/google/javascript/jscomp/DependencyOptions.java
/home/wju/test-proj/closure-compiler/src/com/google/javascript/jscomp/newtypes/Property.java
/home/wju/test-proj/closure-compiler/src/com/google/javascript/jscomp/newtypes/NaivePersistentSet.java
/home/wju/test-proj/closure-compiler/src/com/google/javascript/jscomp/ControlFlowAnalysis.java
/home/wju/test-proj/closure-compiler/src/com/google/javascript/jscomp/LateEs6ToEs3Converter.java
/home/wju/test-proj/closure-compiler/src/com/google/javascript/jscomp/DisambiguatePrivateProperties.java
/home/wju/test-proj/closure-compiler/src/com/google/javascript/jscomp/PerformanceTracker.java
/home/wju/test-proj/closure-compiler/src/com/google/javascript/jscomp/PeepholeCollectPropertyAssignments.java
/home/wju/test-proj/closure-compiler/src/com/google/javascript/jscomp/deps/ModuleNames.java
/home/wju/test-proj/closure-compiler/src/com/google/javascript/rhino/Token.java
/home/wju/test-proj/closure-compiler/src/com/google/javascript/jscomp/SourceMap.java
/home/wju/test-proj/closure-compiler/src/com/google/javascript/rhino/jstype/TemplateTypeMapReplacer.java
/home/wju/test-proj/closure-compiler/src/com/google/debugging/sourcemap/SourceMapParseException.java
/home/wju/test-proj/closure-compiler/src/com/google/javascript/jscomp/parsing/parser/trees/IdentifierExpressionTree.java
/home/wju/test-proj/closure-compiler/src/com/google/javascript/jscomp/parsing/parser/trees/GenericTypeListTree.java
/home/wju/test-proj/closure-compiler/src/com/google/javascript/jscomp/parsing/parser/Token.java
/home/wju/test-proj/closure-compiler/src/com/google/javascript/jscomp/CheckDebuggerStatement.java
/home/wju/test-proj/closure-compiler/src/com/google/javascript/jscomp/ForbiddenChange.java
/home/wju/test-proj/closure-compiler/src/com/google/javascript/jscomp/PolymerPassSuppressBehaviors.java
/home/wju/test-proj/closure-compiler/src/com/google/javascript/jscomp/parsing/parser/util/format/IllegalFormatPrecisionException.java
/home/wju/test-proj/closure-compiler/src/com/google/javascript/jscomp/parsing/parser/trees/ComputedPropertyDefinitionTree.java
/home/wju/test-proj/closure-compiler/src/com/google/javascript/jscomp/InlineVariables.java
/home/wju/test-proj/closure-compiler/src/com/google/javascript/jscomp/CompilationLevel.java
/home/wju/test-proj/closure-compiler/src/com/google/javascript/jscomp/AstValidator.java
/home/wju/test-proj/closure-compiler/src/com/google/javascript/jscomp/J2clChecksPass.java
/home/wju/test-proj/closure-compiler/src/com/google/javascript/jscomp/CollectFileOverviewVisibility.java
/home/wju/test-proj/closure-compiler/src/com/google/javascript/jscomp/parsing/parser/trees/IfStatementTree.java
/home/wju/test-proj/closure-compiler/src/com/google/javascript/jscomp/Es6TypedToEs6Converter.java
/home/wju/test-proj/closure-compiler/src/com/google/javascript/jscomp/ChangeVerifier.java
/home/wju/test-proj/closure-compiler/gen/com/google/debugging/sourcemap/proto/Mapping.java
/home/wju/test-proj/closure-compiler/src/com/google/javascript/jscomp/RewritePolyfills.java
/home/wju/test-proj/closure-compiler/src/com/google/javascript/jscomp/ijs/PotentialDeclaration.java
/home/wju/test-proj/closure-compiler/src/com/google/javascript/jscomp/Strings.java
/home/wju/test-proj/closure-compiler/src/com/google/javascript/jscomp/CoverageInstrumentationPass.java
/home/wju/test-proj/closure-compiler/src/com/google/javascript/jscomp/ChromeCodingConvention.java
/home/wju/test-proj/closure-compiler/src/com/google/javascript/jscomp/parsing/parser/trees/ArgumentListTree.java
/home/wju/test-proj/closure-compiler/src/com/google/javascript/jscomp/XtbMessageBundle.java
/home/wju/test-proj/closure-compiler/src/com/google/javascript/rhino/jstype/JSTypeRegistry.java
/home/wju/test-proj/closure-compiler/src/com/google/javascript/jscomp/Es6SuperCheck.java
/home/wju/test-proj/closure-compiler/src/com/google/javascript/jscomp/J2clPass.java
/home/wju/test-proj/closure-compiler/src/com/google/javascript/rhino/IR.java
/home/wju/test-proj/closure-compiler/src/com/google/javascript/jscomp/J2clPropertyInlinerPass.java
/home/wju/test-proj/closure-compiler/src/com/google/javascript/jscomp/CheckGlobalThis.java
/home/wju/test-proj/closure-compiler/src/com/google/javascript/jscomp/CollapseProperties.java
/home/wju/test-proj/closure-compiler/src/com/google/javascript/jscomp/AggressiveInlineAliases.java
/home/wju/test-proj/closure-compiler/src/com/google/javascript/rhino/jstype/TemplateType.java
/home/wju/test-proj/closure-compiler/src/com/google/javascript/jscomp/parsing/parser/trees/VariableDeclarationListTree.java
/home/wju/test-proj/closure-compiler/src/com/google/javascript/jscomp/parsing/parser/trees/ForOfStatementTree.java
/home/wju/test-proj/closure-compiler/src/com/google/javascript/jscomp/ExtractPrototypeMemberDeclarations.java
/home/wju/test-proj/closure-compiler/src/com/google/javascript/jscomp/newtypes/TypeEnv.java
/home/wju/test-proj/closure-compiler/src/com/google/javascript/jscomp/SimpleRegion.java
/home/wju/test-proj/closure-compiler/src/com/google/javascript/jscomp/parsing/JsDocInfoParser.java
/home/wju/test-proj/closure-compiler/src/com/google/javascript/jscomp/newtypes/ObjectsBuilder.java
/home/wju/test-proj/closure-compiler/src/com/google/javascript/jscomp/ant/Warning.java
/home/wju/test-proj/closure-compiler/src/com/google/javascript/jscomp/ReplaceCssNames.java
/home/wju/test-proj/closure-compiler/src/com/google/javascript/jscomp/J2clClinitPrunerPass.java
/home/wju/test-proj/closure-compiler/src/com/google/javascript/jscomp/ValidityCheck.java
/home/wju/test-proj/closure-compiler/src/com/google/javascript/jscomp/ReferenceCollection.java
/home/wju/test-proj/closure-compiler/src/com/google/javascript/jscomp/parsing/parser/trees/SetAccessorTree.java
/home/wju/test-proj/closure-compiler/src/com/google/javascript/jscomp/JsMessageExtractor.java
/home/wju/test-proj/closure-compiler/src/com/google/javascript/jscomp/ConstParamCheck.java
/home/wju/test-proj/closure-compiler/src/com/google/javascript/jscomp/parsing/parser/trees/ArrayTypeTree.java
/home/wju/test-proj/closure-compiler/src/com/google/javascript/jscomp/parsing/parser/trees/ProgramTree.java
/home/wju/test-proj/closure-compiler/src/com/google/javascript/jscomp/parsing/parser/trees/CommaExpressionTree.java
/home/wju/test-proj/closure-compiler/src/com/google/javascript/rhino/jstype/StaticTypedRef.java
/home/wju/test-proj/closure-compiler/src/com/google/javascript/jscomp/MemoizedTypedScopeCreator.java
/home/wju/test-proj/closure-compiler/src/com/google/javascript/jscomp/PolymerClassRewriter.java
/home/wju/test-proj/closure-compiler/src/com/google/javascript/jscomp/MessageFormatter.java
/home/wju/test-proj/closure-compiler/src/com/google/javascript/jscomp/lint/CheckUnusedLabels.java
/home/wju/test-proj/closure-compiler/src/com/google/javascript/rhino/jstype/FunctionParamBuilder.java
/home/wju/test-proj/closure-compiler/src/com/google/javascript/jscomp/parsing/parser/trees/EmptyStatementTree.java
/home/wju/test-proj/closure-compiler/src/com/google/javascript/jscomp/ExternExportsPass.java
/home/wju/test-proj/closure-compiler/src/com/google/javascript/jscomp/graph/LatticeElement.java
/home/wju/test-proj/closure-compiler/src/com/google/javascript/jscomp/ijs/ClassUtil.java
/home/wju/test-proj/closure-compiler/src/com/google/javascript/jscomp/bundle/CoverageInstrumenter.java
/home/wju/test-proj/closure-compiler/src/com/google/javascript/jscomp/Compiler.java
/home/wju/test-proj/closure-compiler/src/com/google/javascript/jscomp/parsing/NullErrorReporter.java
/home/wju/test-proj/closure-compiler/src/com/google/javascript/rhino/ObjectTypeI.java
/home/wju/test-proj/closure-compiler/src/com/google/javascript/rhino/TypeIEnv.java
/home/wju/test-proj/closure-compiler/src/com/google/javascript/jscomp/UseSite.java
/home/wju/test-proj/closure-compiler/src/com/google/debugging/sourcemap/SourceMapGeneratorV3.java
/home/wju/test-proj/closure-compiler/src/com/google/debugging/sourcemap/SourceMappingReversable.java
/home/wju/test-proj/closure-compiler/gen/com/google/javascript/jscomp/Instrumentation.java
/home/wju/test-proj/closure-compiler/src/com/google/javascript/jscomp/SimpleInference.java
/home/wju/test-proj/closure-compiler/src/com/google/javascript/jscomp/parsing/parser/util/format/MissingFormatArgumentException.java
/home/wju/test-proj/closure-compiler/src/com/google/javascript/jscomp/Es6ConvertSuperConstructorCalls.java
/home/wju/test-proj/closure-compiler/src/com/google/javascript/rhino/TypeI.java
/home/wju/test-proj/closure-compiler/src/com/google/javascript/jscomp/TypedScope.java
/home/wju/test-proj/closure-compiler/src/com/google/javascript/jscomp/ObjectPropertyStringPostprocess.java
/home/wju/test-proj/closure-compiler/src/com/google/javascript/rhino/jstype/TemplatizedType.java
/home/wju/test-proj/closure-compiler/src/com/google/javascript/refactoring/JsFlumeCallback.java
/home/wju/test-proj/closure-compiler/src/com/google/javascript/jscomp/LiveVariablesAnalysis.java
/home/wju/test-proj/closure-compiler/src/com/google/javascript/jscomp/newtypes/QualifiedName.java
/home/wju/test-proj/closure-compiler/src/com/google/javascript/jscomp/graph/GraphReachability.java
/home/wju/test-proj/closure-compiler/src/com/google/javascript/jscomp/RemoveUnusedCode.java
/home/wju/test-proj/closure-compiler/src/com/google/javascript/jscomp/NodeUtil.java
/home/wju/test-proj/closure-compiler/src/com/google/javascript/jscomp/Es6ExtractClasses.java
/home/wju/test-proj/closure-compiler/src/com/google/javascript/jscomp/ChromePass.java
/home/wju/test-proj/closure-compiler/src/com/google/javascript/jscomp/TranspilationPasses.java
/home/wju/test-proj/closure-compiler/src/com/google/javascript/rhino/jstype/EnumType.java
/home/wju/test-proj/closure-compiler/src/com/google/javascript/jscomp/parsing/parser/LineNumberTable.java
/home/wju/test-proj/closure-compiler/src/com/google/debugging/sourcemap/SourceMapObjectParser.java
/home/wju/test-proj/closure-compiler/src/com/google/javascript/jscomp/GatherExternProperties.java
/home/wju/test-proj/closure-compiler/src/com/google/javascript/jscomp/parsing/parser/trees/TryStatementTree.java
/home/wju/test-proj/closure-compiler/src/com/google/javascript/jscomp/NameAnonymousFunctionsMapped.java
/home/wju/test-proj/closure-compiler/src/com/google/javascript/jscomp/parsing/parser/trees/RestParameterTree.java
/home/wju/test-proj/closure-compiler/src/com/google/javascript/jscomp/SuppressDocWarningsGuard.java
/home/wju/test-proj/closure-compiler/src/com/google/javascript/jscomp/FunctionNames.java
/home/wju/test-proj/closure-compiler/src/com/google/javascript/jscomp/MinimizedCondition.java
/home/wju/test-proj/closure-compiler/src/com/google/javascript/jscomp/deps/BrowserModuleResolver.java
/home/wju/test-proj/closure-compiler/src/com/google/javascript/jscomp/Es6RewriteBlockScopedFunctionDeclaration.java
/home/wju/test-proj/closure-compiler/src/com/google/javascript/jscomp/Normalize.java
/home/wju/test-proj/closure-compiler/gen/com/google/javascript/jscomp/InstrumentationTemplate.java
/home/wju/test-proj/closure-compiler/src/com/google/javascript/jscomp/newtypes/EnumType.java
/home/wju/test-proj/closure-compiler/src/com/google/javascript/jscomp/graph/LinkedUndirectedGraph.java
/home/wju/test-proj/closure-compiler/src/com/google/javascript/rhino/jstype/ModificationVisitor.java
/home/wju/test-proj/closure-compiler/src/com/google/javascript/jscomp/LoggerErrorManager.java
/home/wju/test-proj/closure-compiler/src/com/google/javascript/jscomp/UniqueRenamingToken.java
/home/wju/test-proj/closure-compiler/src/com/google/javascript/jscomp/type/ReverseAbstractInterpreter.java
/home/wju/test-proj/closure-compiler/src/com/google/javascript/jscomp/Es6ExternsCheck.java
/home/wju/test-proj/closure-compiler/src/com/google/javascript/jscomp/parsing/parser/trees/BreakStatementTree.java
/home/wju/test-proj/closure-compiler/src/com/google/javascript/jscomp/GlobalNamespace.java
/home/wju/test-proj/closure-compiler/src/com/google/javascript/jscomp/parsing/parser/trees/ParameterizedTypeTree.java
/home/wju/test-proj/closure-compiler/src/com/google/javascript/jscomp/deps/DependencyResolver.java
/home/wju/test-proj/closure-compiler/src/com/google/javascript/jscomp/graph/GraphNode.java
/home/wju/test-proj/closure-compiler/src/com/google/javascript/jscomp/parsing/parser/Scanner.java
/home/wju/test-proj/closure-compiler/src/com/google/javascript/jscomp/CustomPassExecutionTime.java
/home/wju/test-proj/closure-compiler/src/com/google/javascript/jscomp/VariableReferenceCheck.java
/home/wju/test-proj/closure-compiler/src/com/google/javascript/jscomp/PhaseOptimizer.java
/home/wju/test-proj/closure-compiler/src/com/google/javascript/jscomp/FlowSensitiveInlineVariables.java
/home/wju/test-proj/closure-compiler/src/com/google/javascript/jscomp/CheckProvides.java
/home/wju/test-proj/closure-compiler/src/com/google/javascript/jscomp/CheckUnusedPrivateProperties.java
/home/wju/test-proj/closure-compiler/src/com/google/javascript/jscomp/CodeGenerator.java
/home/wju/test-proj/closure-compiler/src/com/google/javascript/jscomp/DiagnosticType.java
/home/wju/test-proj/closure-compiler/src/com/google/javascript/jscomp/TypedVar.java
/home/wju/test-proj/closure-compiler/src/com/google/javascript/jscomp/parsing/parser/trees/ArrayPatternTree.java
/home/wju/test-proj/closure-compiler/src/com/google/javascript/jscomp/parsing/parser/util/format/MissingFormatWidthException.java
/home/wju/test-proj/closure-compiler/src/com/google/javascript/refactoring/SuggestedFix.java
/home/wju/test-proj/closure-compiler/src/com/google/javascript/jscomp/TypeCheck.java
/home/wju/test-proj/closure-compiler/src/com/google/javascript/rhino/jstype/PrototypeObjectType.java
/home/wju/test-proj/closure-compiler/src/com/google/javascript/jscomp/DevirtualizePrototypeMethods.java
/home/wju/test-proj/closure-compiler/src/com/google/javascript/jscomp/CheckGlobalNames.java
/home/wju/test-proj/closure-compiler/src/com/google/javascript/jscomp/parsing/parser/trees/IndexSignatureTree.java
/home/wju/test-proj/closure-compiler/src/com/google/javascript/jscomp/newtypes/DeclaredTypeRegistry.java
/home/wju/test-proj/closure-compiler/src/com/google/javascript/jscomp/deps/NodeModuleResolver.java
/home/wju/test-proj/closure-compiler/gen/com/google/javascript/jscomp/FunctionInfo.java
/home/wju/test-proj/closure-compiler/src/com/google/javascript/jscomp/deps/ServiceException.java
/home/wju/test-proj/closure-compiler/src/com/google/javascript/jscomp/LinkedFlowScope.java
/home/wju/test-proj/closure-compiler/src/com/google/javascript/jscomp/WarningLevel.java
/home/wju/test-proj/closure-compiler/src/com/google/javascript/jscomp/LineNumberCheck.java
/home/wju/test-proj/closure-compiler/src/com/google/javascript/jscomp/CheckSuspiciousCode.java
/home/wju/test-proj/closure-compiler/src/com/google/javascript/rhino/TypeDeclarationsIR.java
/home/wju/test-proj/closure-compiler/src/com/google/javascript/jscomp/NodeIterators.java
/home/wju/test-proj/closure-compiler/src/com/google/javascript/jscomp/FunctionTypeBuilder.java
/home/wju/test-proj/closure-compiler/src/com/google/javascript/jscomp/ClosureCodingConvention.java
/home/wju/test-proj/closure-compiler/src/com/google/javascript/jscomp/RecordFunctionInformation.java
/home/wju/test-proj/closure-compiler/src/com/google/javascript/jscomp/parsing/JsDocToken.java
/home/wju/test-proj/closure-compiler/src/com/google/javascript/jscomp/InlineProperties.java
/home/wju/test-proj/closure-compiler/src/com/google/javascript/jscomp/parsing/parser/trees/ParseTree.java
/home/wju/test-proj/closure-compiler/src/com/google/javascript/rhino/jstype/VoidType.java
/home/wju/test-proj/closure-compiler/src/com/google/javascript/refactoring/Matchers.java
/home/wju/test-proj/closure-compiler/src/com/google/javascript/jscomp/deps/JsFileLineParser.java
/home/wju/test-proj/closure-compiler/src/com/google/javascript/jscomp/transpile/TranspileResult.java
/home/wju/test-proj/closure-compiler/src/com/google/debugging/sourcemap/SourceMapObjectParserJs.java
/home/wju/test-proj/closure-compiler/src/com/google/javascript/jscomp/GlobalVarReferenceMap.java
/home/wju/test-proj/closure-compiler/src/com/google/javascript/jscomp/IdGenerator.java
/home/wju/test-proj/closure-compiler/src/com/google/javascript/jscomp/MemoizedScopeCreator.java
/home/wju/test-proj/closure-compiler/src/com/google/javascript/jscomp/Es6TemplateLiterals.java
/home/wju/test-proj/closure-compiler/src/com/google/javascript/jscomp/TypeInference.java
/home/wju/test-proj/closure-compiler/src/com/google/javascript/jscomp/parsing/parser/trees/YieldExpressionTree.java
/home/wju/test-proj/closure-compiler/src/com/google/javascript/jscomp/deps/Es6SortedDependencies.java
/home/wju/test-proj/closure-compiler/src/com/google/javascript/jscomp/parsing/parser/util/format/IllegalFormatConversionException.java
/home/wju/test-proj/closure-compiler/src/com/google/javascript/rhino/jstype/NoResolvedType.java
/home/wju/test-proj/closure-compiler/src/com/google/javascript/jscomp/Es6RenameReferences.java
/home/wju/test-proj/closure-compiler/src/com/google/javascript/jscomp/parsing/parser/trees/ObjectLiteralExpressionTree.java
/home/wju/test-proj/closure-compiler/src/com/google/javascript/jscomp/regex/CharRanges.java
/home/wju/test-proj/closure-compiler/src/com/google/javascript/jscomp/deps/DepsGenerator.java
/home/wju/test-proj/closure-compiler/src/com/google/javascript/jscomp/PolymerPassFindExterns.java
/home/wju/test-proj/closure-compiler/src/com/google/javascript/jscomp/ClosureRewriteClass.java
/home/wju/test-proj/closure-compiler/src/com/google/javascript/jscomp/AbstractPeepholeOptimization.java
/home/wju/test-proj/closure-compiler/src/com/google/debugging/sourcemap/SourceMapConsumer.java
/home/wju/test-proj/closure-compiler/src/com/google/javascript/jscomp/parsing/parser/trees/ExportSpecifierTree.java
/home/wju/test-proj/closure-compiler/src/com/google/javascript/jscomp/parsing/parser/trees/AmbientDeclarationTree.java
/home/wju/test-proj/closure-compiler/src/com/google/javascript/jscomp/GuardedCallback.java
/home/wju/test-proj/closure-compiler/src/com/google/javascript/jscomp/newtypes/NominalTypeBuilderNti.java
/home/wju/test-proj/closure-compiler/src/com/google/javascript/jscomp/CheckSideEffects.java
/home/wju/test-proj/closure-compiler/gen/com/google/javascript/jscomp/RequirementOrBuilder.java
/home/wju/test-proj/closure-compiler/src/com/google/javascript/jscomp/Es6ToEs3Util.java
/home/wju/test-proj/closure-compiler/src/com/google/javascript/jscomp/graph/StandardUnionFind.java
/home/wju/test-proj/closure-compiler/src/com/google/javascript/rhino/jstype/BooleanLiteralSet.java
/home/wju/test-proj/closure-compiler/src/com/google/javascript/jscomp/JSError.java
/home/wju/test-proj/closure-compiler/src/com/google/javascript/jscomp/graph/Annotation.java
/home/wju/test-proj/closure-compiler/src/com/google/javascript/jscomp/JvmMetrics.java
/home/wju/test-proj/closure-compiler/src/com/google/javascript/jscomp/Es7ToEs6Converter.java
/home/wju/test-proj/closure-compiler/gen/com/google/javascript/jscomp/FunctionInformationMapOrBuilder.java
/home/wju/test-proj/closure-compiler/src/com/google/javascript/jscomp/deps/ModuleResolver.java
/home/wju/test-proj/closure-compiler/src/com/google/javascript/jscomp/parsing/parser/trees/DoWhileStatementTree.java
/home/wju/test-proj/closure-compiler/src/com/google/javascript/jscomp/ijs/CheckIjsWarningsGuard.java
/home/wju/test-proj/closure-compiler/src/com/google/javascript/jscomp/parsing/parser/trees/ParenExpressionTree.java
/home/wju/test-proj/closure-compiler/src/com/google/javascript/refactoring/Matcher.java
/home/wju/test-proj/closure-compiler/src/com/google/javascript/jscomp/deps/DependencyInfo.java
/home/wju/test-proj/closure-compiler/src/com/google/javascript/jscomp/Es6RenameVariablesInParamLists.java
/home/wju/test-proj/closure-compiler/src/com/google/javascript/rhino/jstype/NamespaceType.java
/home/wju/test-proj/closure-compiler/src/com/google/javascript/rhino/jstype/InstanceObjectType.java
/home/wju/test-proj/closure-compiler/src/com/google/javascript/jscomp/WarningsGuard.java
/home/wju/test-proj/closure-compiler/src/com/google/javascript/jscomp/StrictModeCheck.java
/home/wju/test-proj/closure-compiler/src/com/google/javascript/jscomp/InstrumentFunctions.java
/home/wju/test-proj/closure-compiler/src/com/google/javascript/jscomp/TypeValidator.java
/home/wju/test-proj/closure-compiler/src/com/google/javascript/jscomp/MoveFunctionDeclarations.java
/home/wju/test-proj/closure-compiler/src/com/google/javascript/rhino/SimpleErrorReporter.java
/home/wju/test-proj/closure-compiler/src/com/google/javascript/jscomp/MethodCompilerPass.java
/home/wju/test-proj/closure-compiler/src/com/google/javascript/jscomp/deps/JsFileParser.java
/home/wju/test-proj/closure-compiler/src/com/google/javascript/refactoring/RefactoringDriver.java
/home/wju/test-proj/closure-compiler/src/com/google/javascript/jscomp/PeepholeMinimizeConditions.java
/home/wju/test-proj/closure-compiler/src/com/google/javascript/jscomp/OptimizeReturns.java
/home/wju/test-proj/closure-compiler/src/com/google/javascript/jscomp/DefinitionSite.java
/home/wju/test-proj/closure-compiler/gen/com/google/javascript/jscomp/InstrumentationOrBuilder.java
/home/wju/test-proj/closure-compiler/src/com/google/javascript/jscomp/parsing/parser/trees/MemberVariableTree.java
/home/wju/test-proj/closure-compiler/src/com/google/debugging/sourcemap/SourceMapGeneratorFactory.java
/home/wju/test-proj/closure-compiler/src/com/google/javascript/jscomp/AbstractMessageFormatter.java
/home/wju/test-proj/closure-compiler/src/com/google/javascript/jscomp/lint/CheckPrimitiveAsObject.java
/home/wju/test-proj/closure-compiler/src/com/google/javascript/jscomp/FindExportableNodes.java
/home/wju/test-proj/closure-compiler/src/com/google/javascript/jscomp/StrictWarningsGuard.java
/home/wju/test-proj/closure-compiler/src/com/google/javascript/jscomp/newtypes/NaivePersistentMap.java
/home/wju/test-proj/closure-compiler/src/com/google/javascript/jscomp/parsing/parser/trees/ContinueStatementTree.java
/home/wju/test-proj/closure-compiler/src/com/google/javascript/jscomp/CodingConvention.java
/home/wju/test-proj/closure-compiler/src/com/google/javascript/jscomp/PrintStreamErrorManager.java
/home/wju/test-proj/closure-compiler/src/com/google/javascript/jscomp/deps/DependencyFile.java
/home/wju/test-proj/closure-compiler/src/com/google/javascript/jscomp/NTIScope.java
/home/wju/test-proj/closure-compiler/src/com/google/javascript/jscomp/Es6SyntacticScopeCreator.java
/home/wju/test-proj/closure-compiler/src/com/google/javascript/jscomp/Es6RewriteScriptsToModules.java
/home/wju/test-proj/closure-compiler/src/com/google/javascript/jscomp/parsing/parser/trees/BlockTree.java
/home/wju/test-proj/closure-compiler/src/com/google/javascript/rhino/StaticRef.java
/home/wju/test-proj/closure-compiler/src/com/google/javascript/jscomp/parsing/ParserRunner.java
/home/wju/test-proj/closure-compiler/src/com/google/javascript/jscomp/MinimizeExitPoints.java
/home/wju/test-proj/closure-compiler/src/com/google/javascript/jscomp/parsing/parser/trees/UnaryExpressionTree.java
/home/wju/test-proj/closure-compiler/src/com/google/javascript/jscomp/RhinoErrorReporter.java
/home/wju/test-proj/closure-compiler/src/com/google/javascript/jscomp/StatementFusion.java
/home/wju/test-proj/closure-compiler/src/com/google/javascript/jscomp/parsing/parser/FeatureSet.java
/home/wju/test-proj/closure-compiler/src/com/google/javascript/jscomp/GoogleCodingConvention.java
/home/wju/test-proj/closure-compiler/src/com/google/javascript/jscomp/CheckJSDoc.java
/home/wju/test-proj/closure-compiler/src/com/google/javascript/jscomp/WhitelistWarningsGuard.java
/home/wju/test-proj/closure-compiler/src/com/google/javascript/jscomp/CompilerOptionsPreprocessor.java
/home/wju/test-proj/closure-compiler/src/com/google/javascript/jscomp/newtypes/ObjectKind.java
/home/wju/test-proj/closure-compiler/src/com/google/javascript/jscomp/newtypes/ObjectType.java
/home/wju/test-proj/closure-compiler/src/com/google/javascript/jscomp/parsing/parser/trees/RecordTypeTree.java
/home/wju/test-proj/closure-compiler/src/com/google/javascript/rhino/NominalTypeBuilder.java
/home/wju/test-proj/closure-compiler/src/com/google/javascript/jscomp/ExpressionDecomposer.java
/home/wju/test-proj/closure-compiler/src/com/google/javascript/jscomp/transpile/BaseTranspiler.java
/home/wju/test-proj/closure-compiler/src/com/google/javascript/refactoring/examples/GoogBindToArrow.java
/home/wju/test-proj/closure-compiler/src/com/google/javascript/jscomp/DefaultPassConfig.java
/home/wju/test-proj/closure-compiler/src/com/google/debugging/sourcemap/SourceMapConsumerV3.java
/home/wju/test-proj/closure-compiler/src/com/google/javascript/jscomp/MarkNoSideEffectCalls.java
/home/wju/test-proj/closure-compiler/src/com/google/javascript/jscomp/ObjectPropertyStringPreprocess.java
/home/wju/test-proj/closure-compiler/src/com/google/javascript/jscomp/NameAnonymousFunctions.java
/home/wju/test-proj/closure-compiler/src/com/google/javascript/jscomp/NameGenerator.java
/home/wju/test-proj/closure-compiler/src/com/google/javascript/jscomp/parsing/parser/TokenType.java
/home/wju/test-proj/closure-compiler/src/com/google/javascript/jscomp/parsing/parser/util/ErrorReporter.java
/home/wju/test-proj/closure-compiler/src/com/google/javascript/jscomp/IncrementalScopeCreator.java
/home/wju/test-proj/closure-compiler/src/com/google/javascript/rhino/jstype/RecordTypeBuilder.java
/home/wju/test-proj/closure-compiler/src/com/google/javascript/jscomp/SourceExcerptProvider.java
/home/wju/test-proj/closure-compiler/src/com/google/javascript/jscomp/newtypes/NamespaceLit.java
/home/wju/test-proj/closure-compiler/src/com/google/javascript/jscomp/PolymerBehaviorExtractor.java
/home/wju/test-proj/closure-compiler/src/com/google/javascript/rhino/jstype/NoType.java
/home/wju/test-proj/closure-compiler/src/com/google/javascript/jscomp/CoverageUtil.java
/home/wju/test-proj/closure-compiler/src/com/google/javascript/jscomp/DiagnosticGroup.java
/home/wju/test-proj/closure-compiler/src/com/google/javascript/jscomp/parsing/parser/trees/ComprehensionIfTree.java
/home/wju/test-proj/closure-compiler/src/com/google/javascript/jscomp/HotSwapCompilerPass.java
/home/wju/test-proj/closure-compiler/src/com/google/javascript/jscomp/lint/CheckDuplicateCase.java
/home/wju/test-proj/closure-compiler/src/com/google/javascript/jscomp/deps/SortedDependencies.java
/home/wju/test-proj/closure-compiler/src/com/google/javascript/jscomp/parsing/parser/util/format/IllegalFormatWidthException.java
/home/wju/test-proj/closure-compiler/gen/com/google/javascript/jscomp/Conformance.java
/home/wju/test-proj/closure-compiler/src/com/google/javascript/jscomp/parsing/parser/trees/WhileStatementTree.java
/home/wju/test-proj/closure-compiler/src/com/google/debugging/sourcemap/Base64.java
/home/wju/test-proj/closure-compiler/src/com/google/javascript/jscomp/ScopeCreator.java
/home/wju/test-proj/closure-compiler/src/com/google/javascript/jscomp/regex/CaseCanonicalize.java
/home/wju/test-proj/closure-compiler/src/com/google/javascript/jscomp/J2clAssertRemovalPass.java
/home/wju/test-proj/closure-compiler/src/com/google/javascript/jscomp/CollapseAnonymousFunctions.java
/home/wju/test-proj/closure-compiler/src/com/google/javascript/jscomp/Xid.java
/home/wju/test-proj/closure-compiler/src/com/google/javascript/jscomp/parsing/parser/trees/CallExpressionTree.java
/home/wju/test-proj/closure-compiler/src/com/google/javascript/jscomp/CompilerInput.java
/home/wju/test-proj/closure-compiler/src/com/google/javascript/jscomp/RemoveUnusedPolyfills.java
/home/wju/test-proj/closure-compiler/src/com/google/javascript/jscomp/parsing/parser/trees/ParseTreeType.java
/home/wju/test-proj/closure-compiler/src/com/google/javascript/jscomp/ExportTestFunctions.java
/home/wju/test-proj/closure-compiler/src/com/google/javascript/jscomp/IdMappingUtil.java
/home/wju/test-proj/closure-compiler/src/com/google/javascript/jscomp/type/ChainableReverseAbstractInterpreter.java
/home/wju/test-proj/closure-compiler/src/com/google/javascript/jscomp/graph/FixedPointGraphTraversal.java
/home/wju/test-proj/closure-compiler/src/com/google/javascript/jscomp/WhitespaceWrapGoogModules.java
/home/wju/test-proj/closure-compiler/src/com/google/javascript/jscomp/EarlyEs6ToEs3Converter.java
/home/wju/test-proj/closure-compiler/src/com/google/javascript/jscomp/newtypes/FunctionNamespace.java
/home/wju/test-proj/closure-compiler/src/com/google/javascript/jscomp/InjectRuntimeLibraries.java
/home/wju/test-proj/closure-compiler/src/com/google/javascript/jscomp/AbstractCommandLineRunner.java
/home/wju/test-proj/closure-compiler/src/com/google/javascript/jscomp/JsMessageVisitor.java
/home/wju/test-proj/closure-compiler/src/com/google/javascript/jscomp/Result.java
/home/wju/test-proj/closure-compiler/src/com/google/javascript/jscomp/parsing/parser/trees/TypedParameterTree.java
/home/wju/test-proj/closure-compiler/src/com/google/javascript/jscomp/CrossModuleReferenceCollector.java
/home/wju/test-proj/closure-compiler/src/com/google/javascript/jscomp/Es6RewriteBlockScopedDeclaration.java
/home/wju/test-proj/closure-compiler/src/com/google/javascript/jscomp/parsing/parser/trees/ObjectPatternTree.java
/home/wju/test-proj/closure-compiler/src/com/google/javascript/jscomp/parsing/parser/trees/ClassDeclarationTree.java
/home/wju/test-proj/closure-compiler/src/com/google/javascript/jscomp/parsing/parser/trees/ComprehensionTree.java
/home/wju/test-proj/closure-compiler/src/com/google/javascript/jscomp/parsing/parser/util/Timer.java
/home/wju/test-proj/closure-compiler/src/com/google/javascript/jscomp/ClosureCheckModule.java
/home/wju/test-proj/closure-compiler/src/com/google/javascript/rhino/JSTypeExpression.java
/home/wju/test-proj/closure-compiler/src/com/google/javascript/jscomp/deps/DepsFileParser.java
/home/wju/test-proj/closure-compiler/src/com/google/javascript/rhino/jstype/NamedType.java
/home/wju/test-proj/closure-compiler/src/com/google/javascript/jscomp/AngularPass.java
/home/wju/test-proj/closure-compiler/src/com/google/javascript/rhino/jstype/AllType.java
/home/wju/test-proj/closure-compiler/src/com/google/javascript/jscomp/parsing/parser/SourceFile.java
/home/wju/test-proj/closure-compiler/src/com/google/javascript/jscomp/ModuleIdentifier.java
/home/wju/test-proj/closure-compiler/src/com/google/javascript/jscomp/parsing/parser/trees/ExpressionStatementTree.java
/home/wju/test-proj/closure-compiler/src/com/google/javascript/jscomp/parsing/parser/trees/NamespaceNameTree.java
/home/wju/test-proj/closure-compiler/src/com/google/javascript/jscomp/Es6ConvertSuper.java
/home/wju/test-proj/closure-compiler/src/com/google/javascript/jscomp/newtypes/FunctionTypeBuilder.java
/home/wju/test-proj/closure-compiler/src/com/google/javascript/jscomp/GlobalTypeInfoCollector.java
/home/wju/test-proj/closure-compiler/src/com/google/javascript/jscomp/AbstractScope.java
/home/wju/test-proj/closure-compiler/src/com/google/javascript/jscomp/NewTypeInference.java
/home/wju/test-proj/closure-compiler/src/com/google/javascript/jscomp/ant/AntErrorManager.java
/home/wju/test-proj/closure-compiler/src/com/google/javascript/jscomp/regex/RegExpTree.java
/home/wju/test-proj/closure-compiler/src/com/google/javascript/jscomp/parsing/parser/util/LookaheadErrorReporter.java
/home/wju/test-proj/closure-compiler/src/com/google/javascript/jscomp/lint/CheckUselessBlocks.java
/home/wju/test-proj/closure-compiler/src/com/google/javascript/refactoring/RefasterJs.java
/home/wju/test-proj/closure-compiler/src/com/google/javascript/jscomp/ProcessClosurePrimitives.java
/home/wju/test-proj/closure-compiler/src/com/google/javascript/jscomp/Denormalize.java
/home/wju/test-proj/closure-compiler/src/com/google/javascript/jscomp/J2clSourceFileChecker.java
/home/wju/test-proj/closure-compiler/src/com/google/javascript/jscomp/resources/GwtProperties.java
/home/wju/test-proj/closure-compiler/src/com/google/javascript/jscomp/PrebuildAst.java
/home/wju/test-proj/closure-compiler/src/com/google/javascript/jscomp/Es6RewriteArrowFunction.java
/home/wju/test-proj/closure-compiler/src/com/google/javascript/jscomp/ShowByPathWarningsGuard.java
/home/wju/test-proj/closure-compiler/src/com/google/javascript/jscomp/JsMessage.java
/home/wju/test-proj/closure-compiler/src/com/google/javascript/jscomp/SourceMapResolver.java
/home/wju/test-proj/closure-compiler/src/com/google/javascript/jscomp/JSModuleGraph.java
/home/wju/test-proj/closure-compiler/src/com/google/javascript/rhino/jstype/StaticTypedSlot.java
/home/wju/test-proj/closure-compiler/src/com/google/javascript/jscomp/Es6RewriteModulesToCommonJsModules.java
/home/wju/test-proj/closure-compiler/src/com/google/javascript/jscomp/parsing/parser/trees/SpreadExpressionTree.java
/home/wju/test-proj/closure-compiler/src/com/google/javascript/jscomp/JSDocInfoPrinter.java
/home/wju/test-proj/closure-compiler/src/com/google/javascript/jscomp/ReplaceIdGenerators.java
/home/wju/test-proj/closure-compiler/src/com/google/javascript/rhino/jstype/SimpleReference.java
/home/wju/test-proj/closure-compiler/src/com/google/javascript/jscomp/ErrorPass.java
/home/wju/test-proj/closure-compiler/src/com/google/javascript/jscomp/graph/GraphvizGraph.java
/home/wju/test-proj/closure-compiler/src/com/google/javascript/jscomp/OutputCharsetEncoder.java
/home/wju/test-proj/closure-compiler/src/com/google/javascript/jscomp/Linter.java
/home/wju/test-proj/closure-compiler/src/com/google/javascript/jscomp/SourceFileMapping.java
/home/wju/test-proj/closure-compiler/src/com/google/javascript/jscomp/ClosureCodeRemoval.java
/home/wju/test-proj/closure-compiler/src/com/google/debugging/sourcemap/FilePosition.java
/home/wju/test-proj/closure-compiler/src/com/google/javascript/jscomp/parsing/parser/trees/ComputedPropertyGetterTree.java
/home/wju/test-proj/closure-compiler/src/com/google/javascript/jscomp/RenamingMap.java
/home/wju/test-proj/closure-compiler/src/com/google/javascript/jscomp/SymbolTable.java
/home/wju/test-proj/closure-compiler/src/com/google/javascript/jscomp/BranchCoverageInstrumentationCallback.java
/home/wju/test-proj/closure-compiler/src/com/google/javascript/jscomp/parsing/parser/trees/ForInStatementTree.java
/home/wju/test-proj/closure-compiler/src/com/google/debugging/sourcemap/SourceMapping.java
/home/wju/test-proj/closure-compiler/src/com/google/javascript/jscomp/newtypes/ClojurePersistentHashSet.java
/home/wju/test-proj/closure-compiler/src/com/google/javascript/jscomp/ThreadSafeDelegatingErrorManager.java
/home/wju/test-proj/closure-compiler/src/com/google/javascript/jscomp/J2clEqualitySameRewriterPass.java
/home/wju/test-proj/closure-compiler/src/com/google/javascript/jscomp/parsing/parser/Parser.java
/home/wju/test-proj/closure-compiler/src/com/google/javascript/jscomp/ChainCalls.java
/home/wju/test-proj/closure-compiler/src/com/google/javascript/jscomp/lint/CheckArrayWithGoogObject.java
/home/wju/test-proj/closure-compiler/src/com/google/javascript/jscomp/ProcessDefines.java
/home/wju/test-proj/closure-compiler/src/com/google/javascript/jscomp/parsing/parser/trees/DefaultClauseTree.java
/home/wju/test-proj/closure-compiler/src/com/google/javascript/jscomp/JSModule.java
/home/wju/test-proj/closure-compiler/gen/com/google/javascript/jscomp/Requirement.java
/home/wju/test-proj/closure-compiler/src/com/google/javascript/jscomp/ScopedAliases.java
/home/wju/test-proj/closure-compiler/src/com/google/javascript/refactoring/FixingErrorManager.java
/home/wju/test-proj/closure-compiler/src/com/google/javascript/jscomp/graph/AdjacencyGraph.java
/home/wju/test-proj/closure-compiler/src/com/google/javascript/jscomp/Tracer.java
/home/wju/test-proj/closure-compiler/src/com/google/javascript/jscomp/CommandLineRunner.java
/home/wju/test-proj/closure-compiler/src/com/google/javascript/rhino/jstype/ErrorFunctionType.java
/home/wju/test-proj/closure-compiler/src/com/google/javascript/rhino/jstype/SimpleSlot.java
/home/wju/test-proj/closure-compiler/src/com/google/javascript/refactoring/RefasterJsScanner.java
/home/wju/test-proj/closure-compiler/src/com/google/javascript/jscomp/parsing/parser/util/format/IllegalFormatCodePointException.java
/home/wju/test-proj/closure-compiler/src/com/google/javascript/jscomp/LazyParsedDependencyInfo.java
/home/wju/test-proj/closure-compiler/src/com/google/debugging/sourcemap/SourceMapObject.java
/home/wju/test-proj/closure-compiler/gen/com/google/javascript/jscomp/ConformanceConfigOrBuilder.java
/home/wju/test-proj/closure-compiler/src/com/google/javascript/refactoring/CodeReplacement.java
/home/wju/test-proj/closure-compiler/src/com/google/javascript/rhino/Node.java
/home/wju/test-proj/closure-compiler/src/com/google/javascript/jscomp/TagNameToType.java
/home/wju/test-proj/closure-compiler/src/com/google/javascript/jscomp/Es6RewriteModules.java
/home/wju/test-proj/closure-compiler/src/com/google/javascript/jscomp/Es6RewriteDestructuring.java
/home/wju/test-proj/closure-compiler/src/com/google/javascript/jscomp/InlineSimpleMethods.java
/home/wju/test-proj/closure-compiler/src/com/google/javascript/jscomp/parsing/Annotation.java
/home/wju/test-proj/closure-compiler/src/com/google/javascript/rhino/jstype/UnionType.java
/home/wju/test-proj/closure-compiler/src/com/google/javascript/jscomp/newtypes/JSType.java
/home/wju/test-proj/closure-compiler/src/com/google/javascript/jscomp/MakeDeclaredNamesUnique.java
/home/wju/test-proj/closure-compiler/src/com/google/javascript/jscomp/SubstituteEs6Syntax.java
/home/wju/test-proj/closure-compiler/src/com/google/javascript/rhino/jstype/UnionTypeBuilder.java
/home/wju/test-proj/closure-compiler/src/com/google/javascript/jscomp/parsing/parser/trees/LiteralExpressionTree.java
/home/wju/test-proj/closure-compiler/src/com/google/javascript/rhino/jstype/ProxyObjectType.java
/home/wju/test-proj/closure-compiler/src/com/google/javascript/jscomp/parsing/parser/trees/AwaitExpressionTree.java
/home/wju/test-proj/closure-compiler/src/com/google/javascript/rhino/jstype/EnumElementType.java
/home/wju/test-proj/closure-compiler/src/com/google/javascript/jscomp/ReplaceStrings.java
/home/wju/test-proj/closure-compiler/src/com/google/javascript/jscomp/newtypes/RawNominalType.java
/home/wju/test-proj/closure-compiler/src/com/google/javascript/jscomp/ConstCheck.java
/home/wju/test-proj/closure-compiler/src/com/google/javascript/rhino/jstype/EquivalenceMethod.java
/home/wju/test-proj/closure-compiler/src/com/google/javascript/jscomp/SourceFile.java
/home/wju/test-proj/closure-compiler/src/com/google/javascript/jscomp/ReplaceMessages.java
/home/wju/test-proj/closure-compiler/src/com/google/javascript/rhino/jstype/ObjectType.java
/home/wju/test-proj/closure-compiler/src/com/google/javascript/rhino/jstype/Visitor.java
/home/wju/test-proj/closure-compiler/src/com/google/javascript/jscomp/VariableMap.java
/home/wju/test-proj/closure-compiler/src/com/google/javascript/jscomp/graph/LinkedDirectedGraph.java
/home/wju/test-proj/closure-compiler/src/com/google/javascript/jscomp/bundle/CompilerBasedTransformer.java
/home/wju/test-proj/closure-compiler/src/com/google/javascript/jscomp/parsing/parser/trees/UpdateExpressionTree.java
/home/wju/test-proj/closure-compiler/src/com/google/javascript/jscomp/PassConfig.java
/home/wju/test-proj/closure-compiler/src/com/google/javascript/jscomp/TypeInferencePass.java
/home/wju/test-proj/closure-compiler/src/com/google/javascript/rhino/jstype/RelationshipVisitor.java
/home/wju/test-proj/closure-compiler/src/com/google/javascript/jscomp/ConvertToDottedProperties.java
/home/wju/test-proj/closure-compiler/src/com/google/javascript/jscomp/type/SemanticReverseAbstractInterpreter.java
/home/wju/test-proj/closure-compiler/src/com/google/javascript/rhino/jstype/JSTypeNative.java
/home/wju/test-proj/closure-compiler/src/com/google/javascript/jscomp/DotFormatter.java
/home/wju/test-proj/closure-compiler/src/com/google/javascript/jscomp/parsing/parser/trees/PropertyNameAssignmentTree.java
/home/wju/test-proj/closure-compiler/src/com/google/javascript/jscomp/ShadowVariables.java
/home/wju/test-proj/closure-compiler/src/com/google/javascript/jscomp/newtypes/PersistentMap.java
/home/wju/test-proj/closure-compiler/src/com/google/javascript/rhino/jstype/ArrowType.java
/home/wju/test-proj/closure-compiler/src/com/google/javascript/jscomp/CheckLevelLegacy.java
/home/wju/test-proj/closure-compiler/src/com/google/javascript/jscomp/SourceMapInput.java
/home/wju/test-proj/closure-compiler/src/com/google/javascript/jscomp/CheckMissingSuper.java
/home/wju/test-proj/closure-compiler/src/com/google/javascript/jscomp/UnreachableCodeElimination.java
/home/wju/test-proj/closure-compiler/src/com/google/javascript/jscomp/InferConsts.java
/home/wju/test-proj/closure-compiler/src/com/google/javascript/jscomp/DefinitionsRemover.java
/home/wju/test-proj/closure-compiler/src/com/google/javascript/rhino/TokenUtil.java
/home/wju/test-proj/closure-compiler/src/com/google/javascript/jscomp/ijs/FileInfo.java
/home/wju/test-proj/closure-compiler/src/com/google/javascript/jscomp/deps/SimpleDependencyInfo.java
/home/wju/test-proj/closure-compiler/src/com/google/javascript/jscomp/DiagnosticGroups.java
/home/wju/test-proj/closure-compiler/src/com/google/javascript/jscomp/HasCompiler.java
/home/wju/test-proj/closure-compiler/src/com/google/javascript/jscomp/EmptyMessageBundle.java
/home/wju/test-proj/closure-compiler/src/com/google/javascript/jscomp/GatherRawExports.java
/home/wju/test-proj/closure-compiler/src/com/google/javascript/jscomp/CheckConformance.java
/home/wju/test-proj/closure-compiler/src/com/google/javascript/jscomp/RewriteJsonToModule.java
/home/wju/test-proj/closure-compiler/src/com/google/javascript/jscomp/graph/UnionFind.java
/home/wju/test-proj/closure-compiler/src/com/google/javascript/jscomp/graph/DiGraph.java
/home/wju/test-proj/closure-compiler/src/com/google/javascript/jscomp/parsing/parser/trees/MemberLookupExpressionTree.java
/home/wju/test-proj/closure-compiler/src/com/google/javascript/jscomp/lint/CheckEnums.java
/home/wju/test-proj/closure-compiler/src/com/google/javascript/jscomp/parsing/parser/trees/ComprehensionForTree.java
/home/wju/test-proj/closure-compiler/src/com/google/javascript/rhino/TokenStream.java
/home/wju/test-proj/closure-compiler/src/com/google/javascript/jscomp/parsing/TypeTransformationParser.java
/home/wju/test-proj/closure-compiler/src/com/google/javascript/jscomp/deps/ClosureBundler.java
/home/wju/test-proj/closure-compiler/src/com/google/javascript/rhino/SimpleSourceFile.java
/home/wju/test-proj/closure-compiler/src/com/google/javascript/jscomp/lint/CheckMissingSemicolon.java
/home/wju/test-proj/closure-compiler/src/com/google/javascript/rhino/jstype/FunctionBuilder.java
/home/wju/test-proj/closure-compiler/src/com/google/debugging/sourcemap/SourceMapSection.java
/home/wju/test-proj/closure-compiler/src/com/google/javascript/jscomp/Es6RewriteClass.java
/home/wju/test-proj/closure-compiler/src/com/google/javascript/jscomp/OptimizeArgumentsArray.java
/home/wju/test-proj/closure-compiler/src/com/google/javascript/jscomp/parsing/parser/trees/FinallyTree.java
/home/wju/test-proj/closure-compiler/src/com/google/javascript/jscomp/parsing/parser/trees/VariableStatementTree.java
/home/wju/test-proj/closure-compiler/src/com/google/javascript/jscomp/ErrorHandler.java
/home/wju/test-proj/closure-compiler/src/com/google/javascript/jscomp/parsing/parser/trees/OptionalParameterTree.java
/home/wju/test-proj/closure-compiler/src/com/google/javascript/jscomp/Es6CheckModule.java
/home/wju/test-proj/closure-compiler/src/com/google/javascript/jscomp/InlineAliases.java
/home/wju/test-proj/closure-compiler/src/com/google/javascript/jscomp/parsing/parser/trees/Comment.java
/home/wju/test-proj/closure-compiler/src/com/google/javascript/jscomp/ReplacedStringsDecoder.java
/home/wju/test-proj/closure-compiler/src/com/google/javascript/jscomp/PassFactory.java
/home/wju/test-proj/closure-compiler/src/com/google/javascript/jscomp/CodeConsumer.java
/home/wju/test-proj/closure-compiler/src/com/google/javascript/jscomp/ProcessTweaks.java
/home/wju/test-proj/closure-compiler/src/com/google/javascript/jscomp/InferJSDocInfo.java
/home/wju/test-proj/closure-compiler/src/com/google/javascript/rhino/jstype/NominalTypeBuilderOti.java
/home/wju/test-proj/closure-compiler/src/com/google/javascript/jscomp/TemplateAstMatcher.java
/home/wju/test-proj/closure-compiler/src/com/google/javascript/jscomp/lint/CheckJSDocStyle.java
/home/wju/test-proj/closure-compiler/src/com/google/javascript/jscomp/Es6ToEs3ClassSideInheritance.java
/home/wju/test-proj/closure-compiler/src/com/google/javascript/jscomp/TypeMatchingStrategy.java
/home/wju/test-proj/closure-compiler/src/com/google/javascript/jscomp/FieldCleanupPass.java
/home/wju/test-proj/closure-compiler/src/com/google/javascript/rhino/jstype/PropertyMap.java
/home/wju/test-proj/closure-compiler/src/com/google/javascript/jscomp/Timeline.java
/home/wju/test-proj/closure-compiler/src/com/google/javascript/jscomp/ComposeWarningsGuard.java
/home/wju/test-proj/closure-compiler/src/com/google/javascript/jscomp/parsing/parser/trees/CaseClauseTree.java
/home/wju/test-proj/closure-compiler/src/com/google/javascript/jscomp/CollapseVariableDeclarations.java
/home/wju/test-proj/closure-compiler/src/com/google/javascript/jscomp/DartSuperAccessorsPass.java
/home/wju/test-proj/closure-compiler/src/com/google/javascript/jscomp/graph/Graph.java
/home/wju/test-proj/closure-compiler/src/com/google/javascript/jscomp/GatherSideEffectSubexpressionsCallback.java
/home/wju/test-proj/closure-compiler/src/com/google/javascript/jscomp/BasicErrorManager.java
/home/wju/test-proj/closure-compiler/src/com/google/javascript/jscomp/CleanupPasses.java
/home/wju/test-proj/closure-compiler/src/com/google/javascript/jscomp/newtypes/TypeWithProperties.java
/home/wju/test-proj/closure-compiler/src/com/google/javascript/jscomp/StripCode.java
/home/wju/test-proj/closure-compiler/src/com/google/javascript/jscomp/parsing/parser/trees/ImportDeclarationTree.java
/home/wju/test-proj/closure-compiler/src/com/google/javascript/jscomp/CheckMissingGetCssName.java
/home/wju/test-proj/closure-compiler/src/com/google/javascript/jscomp/GlobalTypeInfo.java
/home/wju/test-proj/closure-compiler/src/com/google/javascript/jscomp/parsing/parser/trees/EnumDeclarationTree.java
/home/wju/test-proj/closure-compiler/src/com/google/javascript/jscomp/parsing/parser/trees/ComputedPropertyMemberVariableTree.java
/home/wju/test-proj/closure-compiler/src/com/google/javascript/jscomp/deps/ModuleLoader.java
/home/wju/test-proj/closure-compiler/src/com/google/javascript/jscomp/parsing/parser/trees/ArrayLiteralExpressionTree.java
/home/wju/test-proj/closure-compiler/src/com/google/javascript/jscomp/bundle/Transpiler.java
/home/wju/test-proj/closure-compiler/src/com/google/javascript/refactoring/NodeMetadata.java
/home/wju/test-proj/closure-compiler/src/com/google/javascript/jscomp/graph/SubGraph.java
/home/wju/test-proj/closure-compiler/src/com/google/javascript/jscomp/parsing/IRFactory.java
/home/wju/test-proj/closure-compiler/src/com/google/javascript/jscomp/ClosureRewriteModule.java
/home/wju/test-proj/closure-compiler/src/com/google/javascript/jscomp/Es6SplitVariableDeclarations.java
/home/wju/test-proj/closure-compiler/src/com/google/javascript/jscomp/newtypes/NominalType.java
/home/wju/test-proj/closure-compiler/src/com/google/javascript/jscomp/PureFunctionIdentifier.java
/home/wju/test-proj/closure-compiler/src/com/google/javascript/jscomp/newtypes/PersistentSet.java
/home/wju/test-proj/closure-compiler/src/com/google/javascript/jscomp/parsing/parser/trees/UnionTypeTree.java
/home/wju/test-proj/closure-compiler/src/com/google/javascript/jscomp/ControlFlowGraph.java
/home/wju/test-proj/closure-compiler/src/com/google/javascript/jscomp/CheckMissingReturn.java
/home/wju/test-proj/closure-compiler/src/com/google/javascript/jscomp/parsing/parser/util/format/UnknownFormatConversionException.java
/home/wju/test-proj/closure-compiler/src/com/google/javascript/jscomp/NameBasedDefinitionProvider.java
/home/wju/test-proj/closure-compiler/src/com/google/javascript/jscomp/parsing/parser/trees/DefaultParameterTree.java
/home/wju/test-proj/closure-compiler/src/com/google/javascript/jscomp/J2clConstantHoisterPass.java
/home/wju/test-proj/closure-compiler/src/com/google/javascript/jscomp/FindModuleDependencies.java
/home/wju/test-proj/closure-compiler/src/com/google/javascript/jscomp/parsing/parser/trees/BinaryOperatorTree.java
/home/wju/test-proj/closure-compiler/src/com/google/debugging/sourcemap/SourceMapGenerator.java
/home/wju/test-proj/closure-compiler/src/com/google/javascript/refactoring/JsSourceMatcher.java
/home/wju/test-proj/closure-compiler/src/com/google/javascript/jscomp/type/ClosureReverseAbstractInterpreter.java
/home/wju/test-proj/closure-compiler/src/com/google/javascript/jscomp/newtypes/DeclaredFunctionType.java
/home/wju/test-proj/closure-compiler/src/com/google/javascript/jscomp/parsing/parser/trees/TemplateSubstitutionTree.java
/home/wju/test-proj/closure-compiler/src/com/google/javascript/jscomp/CheckPathsBetweenNodes.java
/home/wju/test-proj/closure-compiler/src/com/google/javascript/jscomp/newtypes/UniqueNameGenerator.java
/home/wju/test-proj/closure-compiler/src/com/google/javascript/jscomp/DisambiguateProperties.java
/home/wju/test-proj/closure-compiler/src/com/google/javascript/jscomp/newtypes/FunctionType.java
/home/wju/test-proj/closure-compiler/src/com/google/javascript/jscomp/RandomNameGenerator.java
/home/wju/test-proj/closure-compiler/src/com/google/javascript/jscomp/parsing/parser/trees/TypeNameTree.java
/home/wju/test-proj/closure-compiler/src/com/google/debugging/sourcemap/SourceMapSupplier.java
/home/wju/test-proj/closure-compiler/src/com/google/javascript/jscomp/PeepholeOptimizationsPass.java
/home/wju/test-proj/closure-compiler/src/com/google/javascript/jscomp/parsing/parser/trees/TypeQueryTree.java
/home/wju/test-proj/closure-compiler/src/com/google/javascript/jscomp/deps/SourceCodeEscapers.java
/home/wju/test-proj/closure-compiler/src/com/google/javascript/rhino/jstype/StaticTypedScope.java
/home/wju/test-proj/closure-compiler/src/com/google/javascript/jscomp/IndexProvider.java
/home/wju/test-proj/closure-compiler/src/com/google/javascript/refactoring/Scanner.java
/home/wju/test-proj/closure-compiler/src/com/google/javascript/jscomp/AbstractCompiler.java
/home/wju/test-proj/closure-compiler/src/com/google/javascript/jscomp/parsing/parser/util/format/SimpleFormat.java
/home/wju/test-proj/closure-compiler/src/com/google/javascript/jscomp/DeclaredGlobalExternsOnWindow.java
/home/wju/test-proj/closure-compiler/src/com/google/javascript/jscomp/RecentChange.java
/home/wju/test-proj/closure-compiler/src/com/google/javascript/jscomp/parsing/parser/trees/MemberExpressionTree.java
/home/wju/test-proj/closure-compiler/src/com/google/javascript/jscomp/TypedScopeCreator.java
/home/wju/test-proj/closure-compiler/src/com/google/javascript/jscomp/parsing/parser/trees/MissingPrimaryExpressionTree.java
/home/wju/test-proj/closure-compiler/src/com/google/javascript/jscomp/RewriteAsyncFunctions.java
/home/wju/test-proj/closure-compiler/src/com/google/javascript/jscomp/NodeNameExtractor.java
/home/wju/test-proj/closure-compiler/src/com/google/javascript/jscomp/FunctionToBlockMutator.java
/home/wju/test-proj/closure-compiler/src/com/google/javascript/jscomp/CheckRegExp.java
/home/wju/test-proj/closure-compiler/src/com/google/javascript/jscomp/parsing/parser/trees/TemplateLiteralPortionTree.java
/home/wju/test-proj/closure-compiler/src/com/google/javascript/rhino/jstype/BooleanType.java
/home/wju/test-proj/closure-compiler/src/com/google/javascript/jscomp/parsing/parser/trees/NullTree.java
/home/wju/test-proj/closure-compiler/src/com/google/javascript/jscomp/PersistentInputStore.java
/home/wju/test-proj/closure-compiler/src/com/google/javascript/jscomp/PolymerPass.java
/home/wju/test-proj/closure-compiler/src/com/google/javascript/jscomp/parsing/parser/trees/ImportSpecifierTree.java
/home/wju/test-proj/closure-compiler/src/com/google/javascript/rhino/jstype/UnknownType.java
/home/wju/test-proj/closure-compiler/src/com/google/javascript/jscomp/graph/GraphColoring.java
/home/wju/test-proj/closure-compiler/src/com/google/javascript/jscomp/transpile/TranspilerBuilder.java
/home/wju/test-proj/closure-compiler/src/com/google/javascript/jscomp/lint/CheckRequiresAndProvidesSorted.java
/home/wju/test-proj/closure-compiler/src/com/google/javascript/jscomp/type/FlowScope.java
/home/wju/test-proj/closure-compiler/src/com/google/javascript/jscomp/GoogleJsMessageIdGenerator.java
/home/wju/test-proj/closure-compiler/src/com/google/javascript/rhino/StaticSlot.java
/home/wju/test-proj/closure-compiler/src/com/google/javascript/jscomp/InvalidatingTypes.java
/home/wju/test-proj/closure-compiler/src/com/google/javascript/jscomp/AbstractVar.java
/home/wju/test-proj/closure-compiler/src/com/google/javascript/jscomp/parsing/parser/util/format/IllegalFormatFlagsException.java
/home/wju/test-proj/closure-compiler/src/com/google/javascript/jscomp/parsing/parser/trees/GetAccessorTree.java
/home/wju/test-proj/closure-compiler/src/com/google/javascript/jscomp/NTIWorkset.java
/home/wju/test-proj/closure-compiler/src/com/google/javascript/refactoring/ApplySuggestedFixes.java
/home/wju/test-proj/closure-compiler/src/com/google/javascript/jscomp/parsing/parser/trees/TemplateLiteralExpressionTree.java
/home/wju/test-proj/closure-compiler/src/com/google/javascript/jscomp/SourceInformationAnnotator.java
/home/wju/test-proj/closure-compiler/src/com/google/javascript/jscomp/parsing/parser/trees/InterfaceDeclarationTree.java
/home/wju/test-proj/closure-compiler/src/com/google/javascript/jscomp/newtypes/JSTypeCreatorFromJSDoc.java
/home/wju/test-proj/closure-compiler/src/com/google/javascript/jscomp/PeepholeFoldConstants.java
/home/wju/test-proj/closure-compiler/src/com/google/javascript/jscomp/CrossModuleCodeMotion.java
/home/wju/test-proj/closure-compiler/src/com/google/javascript/jscomp/graph/UndiGraph.java
/home/wju/test-proj/closure-compiler/src/com/google/javascript/jscomp/CheckMissingAndExtraRequires.java
/home/wju/test-proj/closure-compiler/src/com/google/javascript/jscomp/parsing/parser/trees/ThrowStatementTree.java
/home/wju/test-proj/closure-compiler/src/com/google/javascript/jscomp/PrepareAst.java
/home/wju/test-proj/closure-compiler/src/com/google/javascript/rhino/SourcePosition.java
/home/wju/test-proj/closure-compiler/src/com/google/javascript/jscomp/RenameProperties.java
/home/wju/test-proj/closure-compiler/src/com/google/javascript/jscomp/parsing/parser/LiteralToken.java
/home/wju/test-proj/closure-compiler/src/com/google/javascript/jscomp/AccessControlUtils.java
/home/wju/test-proj/closure-compiler/src/com/google/javascript/rhino/StaticScope.java
/home/wju/test-proj/closure-compiler/src/com/google/javascript/jscomp/transpile/CachingTranspiler.java
/home/wju/test-proj/closure-compiler/src/com/google/javascript/jscomp/CodePrinter.java
/home/wju/test-proj/closure-compiler/src/com/google/javascript/jscomp/CoalesceVariableNames.java
/home/wju/test-proj/closure-compiler/src/com/google/javascript/rhino/JSDocInfoBuilder.java
/home/wju/test-proj/closure-compiler/src/com/google/javascript/jscomp/Es6RewriteGenerators.java
/home/wju/test-proj/closure-compiler/src/com/google/javascript/jscomp/RecoverableJsAst.java
/home/wju/test-proj/closure-compiler/src/com/google/javascript/jscomp/SyntacticScopeCreator.java
/home/wju/test-proj/closure-compiler/src/com/google/javascript/jscomp/OptimizeParameters.java
/home/wju/test-proj/closure-compiler/src/com/google/javascript/jscomp/PreprocessorSymbolTable.java
/home/wju/test-proj/closure-compiler/src/com/google/javascript/jscomp/FileInstrumentationData.java
/home/wju/test-proj/closure-compiler/src/com/google/javascript/jscomp/CheckAccessControls.java
/home/wju/test-proj/closure-compiler/src/com/google/javascript/jscomp/parsing/parser/PredefinedName.java
/home/wju/test-proj/closure-compiler/src/com/google/javascript/rhino/jstype/StringType.java
/home/wju/test-proj/closure-compiler/src/com/google/javascript/jscomp/TypedCodeGenerator.java
/home/wju/test-proj/closure-compiler/src/com/google/javascript/jscomp/JsAst.java
/home/wju/test-proj/closure-compiler/src/com/google/javascript/jscomp/MustBeReachingVariableDef.java
/home/wju/test-proj/closure-compiler/src/com/google/javascript/jscomp/PolymerPassStaticUtils.java
/home/wju/test-proj/closure-compiler/src/com/google/javascript/jscomp/LintPassConfig.java
/home/wju/test-proj/closure-compiler/src/com/google/javascript/jscomp/GenerateExports.java
/home/wju/test-proj/closure-compiler/src/com/google/javascript/jscomp/parsing/parser/trees/NamespaceDeclarationTree.java
/home/wju/test-proj/closure-compiler/src/com/google/javascript/jscomp/InvocationsCallback.java
/home/wju/test-proj/closure-compiler/src/com/google/javascript/jscomp/newtypes/MismatchInfo.java
/home/wju/test-proj/closure-compiler/src/com/google/javascript/jscomp/bundle/Source.java
/home/wju/test-proj/closure-compiler/src/com/google/javascript/jscomp/PeepholeSubstituteAlternateSyntax.java
/home/wju/test-proj/closure-compiler/src/com/google/javascript/jscomp/graph/Annotatable.java
/home/wju/test-proj/closure-compiler/src/com/google/javascript/rhino/TypeIRegistry.java
/home/wju/test-proj/closure-compiler/src/com/google/javascript/jscomp/parsing/parser/trees/FunctionTypeTree.java
/home/wju/test-proj/closure-compiler/src/com/google/javascript/jscomp/InlineObjectLiterals.java
/home/wju/test-proj/closure-compiler/src/com/google/javascript/jscomp/CompilerPass.java
/home/wju/test-proj/closure-compiler/src/com/google/javascript/jscomp/parsing/parser/trees/VariableDeclarationTree.java
/home/wju/test-proj/closure-compiler/src/com/google/javascript/jscomp/FunctionInjector.java
/home/wju/test-proj/closure-compiler/src/com/google/javascript/jscomp/AnonymousFunctionNamingCallback.java
/home/wju/test-proj/closure-compiler/src/com/google/javascript/jscomp/parsing/parser/Keywords.java
/home/wju/test-proj/closure-compiler/src/com/google/javascript/jscomp/VarCheck.java
/home/wju/test-proj/closure-compiler/src/com/google/javascript/jscomp/RemoveSuperMethodsPass.java
/home/wju/test-proj/closure-compiler/src/com/google/javascript/jscomp/newtypes/TypeParameters.java
/home/wju/test-proj/closure-compiler/src/com/google/javascript/jscomp/FunctionArgumentInjector.java
/home/wju/test-proj/closure-compiler/src/com/google/javascript/jscomp/ErrorManager.java
/home/wju/test-proj/closure-compiler/src/com/google/javascript/jscomp/MaybeReachingVariableUse.java
/home/wju/test-proj/closure-compiler/src/com/google/javascript/jscomp/AmbiguateProperties.java
/home/wju/test-proj/closure-compiler/src/com/google/javascript/jscomp/RenameVars.java
/home/wju/test-proj/closure-compiler/src/com/google/javascript/jscomp/CombinedCompilerPass.java
/home/wju/test-proj/closure-compiler/src/com/google/javascript/jscomp/ImplicitNullabilityCheck.java
/home/wju/test-proj/closure-compiler/src/com/google/javascript/jscomp/ExploitAssigns.java
/home/wju/test-proj/closure-compiler/src/com/google/javascript/rhino/JSDocInfo.java
/home/wju/test-proj/closure-compiler/src/com/google/javascript/jscomp/VariableRenamingPolicy.java
/home/wju/test-proj/closure-compiler/src/com/google/javascript/jscomp/deps/VirtualFile.java
/home/wju/test-proj/closure-compiler/src/com/google/javascript/jscomp/RescopeGlobalSymbols.java
/home/wju/test-proj/closure-compiler/src/com/google/javascript/jscomp/parsing/Config.java
/home/wju/test-proj/closure-compiler/src/com/google/javascript/jscomp/CodeChangeHandler.java
/home/wju/test-proj/closure-compiler/src/com/google/javascript/jscomp/parsing/parser/trees/FormalParameterListTree.java
/home/wju/test-proj/closure-compiler/src/com/google/javascript/jscomp/TransformAMDToCJSModule.java
/home/wju/test-proj/closure-compiler/src/com/google/javascript/rhino/jstype/NullType.java
/home/wju/test-proj/closure-compiler/src/com/google/javascript/refactoring/Match.java
/home/wju/test-proj/closure-compiler/src/com/google/javascript/jscomp/parsing/parser/trees/ComputedPropertyMethodTree.java
/home/wju/test-proj/closure-compiler/src/com/google/javascript/jscomp/parsing/parser/trees/ExportDeclarationTree.java
/home/wju/test-proj/closure-compiler/src/com/google/javascript/jscomp/SyntheticAst.java
/home/wju/test-proj/closure-compiler/src/com/google/javascript/rhino/dtoa/DToA.java
/home/wju/test-proj/closure-compiler/src/com/google/javascript/jscomp/CrossModuleMethodMotion.java
/home/wju/test-proj/closure-compiler/src/com/google/javascript/rhino/jstype/Property.java
/home/wju/test-proj/closure-compiler/src/com/google/javascript/jscomp/deps/PathUtil.java
/home/wju/test-proj/closure-compiler/src/com/google/javascript/jscomp/bundle/CachedTransformer.java
/home/wju/test-proj/closure-compiler/src/com/google/javascript/jscomp/DefaultExterns.java
/home/wju/test-proj/closure-compiler/src/com/google/javascript/rhino/jstype/ValueType.java
/home/wju/test-proj/closure-compiler/src/com/google/javascript/jscomp/SideEffectsAnalysis.java
/home/wju/test-proj/closure-compiler/src/com/google/javascript/jscomp/parsing/parser/IdentifierToken.java
/home/wju/test-proj/closure-compiler/src/com/google/javascript/jscomp/parsing/parser/trees/ForStatementTree.java
/home/wju/test-proj/closure-compiler/src/com/google/javascript/jscomp/transpile/Transpiler.java
/home/wju/test-proj/closure-compiler/src/com/google/javascript/jscomp/newtypes/TypeWithPropertiesStatics.java
/home/wju/test-proj/closure-compiler/src/com/google/javascript/jscomp/PassNames.java
/home/wju/test-proj/closure-compiler/src/com/google/javascript/jscomp/parsing/parser/trees/CallSignatureTree.java
/home/wju/test-proj/closure-compiler/src/com/google/javascript/jscomp/AnalyzePrototypeProperties.java
