com/google/javascript/jscomp/NewTypeInferenceTestBase$Diagnostic$1.class
com/google/javascript/jscomp/Es6RewriteDestructuringTest.class
com/google/javascript/jscomp/IntegrationTest$1.class
com/google/javascript/jscomp/CompilerTest$6.class
com/google/javascript/jscomp/InstrumentFunctionsTest$NameAndInstrumentFunctions.class
com/google/javascript/jscomp/ReplaceCssNamesTest.class
com/google/javascript/jscomp/CoalesceVariableNamesTest.class
com/google/javascript/jscomp/RewriteJsonToModuleTest$1.class
com/google/javascript/jscomp/CheckConformanceTest$CustomRuleReport.class
com/google/javascript/jscomp/ValidityCheckTest$4.class
com/google/javascript/jscomp/NodeUtilTest.class
com/google/javascript/jscomp/CompilerTest$1CompilerObjectInputStream.class
com/google/javascript/jscomp/CollectFunctionNamesTest.class
com/google/javascript/refactoring/MatchersTest.class
com/google/javascript/jscomp/parsing/AttachJsdocsTest.class
com/google/javascript/rhino/IRTest.class
com/google/javascript/refactoring/examples/StringIndexOfToIncludesTest.class
com/google/javascript/jscomp/NewTypeInferenceWithTranspilationTest.class
com/google/javascript/jscomp/MultiPassTest$2.class
com/google/javascript/jscomp/ProcessDefinesTest.class
com/google/javascript/jscomp/MustBeReachingVariableDefTest$LabelFinder.class
com/google/javascript/jscomp/PeepholeOptimizationsPassTest$2.class
com/google/javascript/jscomp/PeepholeOptimizationsPassTest.class
com/google/javascript/refactoring/testing/SuggestedFixes.class
com/google/javascript/jscomp/RenameVarsTest$1.class
com/google/javascript/refactoring/testing/RefasterJsTestUtils.class
com/google/javascript/jscomp/RenameLabelsTest.class
com/google/javascript/jscomp/CodePrinterTest$9.class
com/google/javascript/jscomp/FunctionArgumentInjectorTest$1.class
com/google/javascript/jscomp/ScopedAliasesTest$TransformationHandlerSpy.class
com/google/debugging/sourcemap/UtilTest.class
com/google/javascript/jscomp/RhinoErrorReporterTest.class
com/google/javascript/jscomp/DeclaredGlobalExternsOnWindowTest.class
com/google/javascript/jscomp/WhitespaceWrapGoogModulesTest.class
com/google/javascript/jscomp/CheckMissingSuperTest.class
com/google/javascript/jscomp/PhaseOptimizerTest$2.class
com/google/javascript/jscomp/FunctionInjectorTest$2.class
com/google/javascript/jscomp/ClosureCodeRemovalTest.class
com/google/javascript/jscomp/InferJSDocInfoTest$1.class
com/google/javascript/jscomp/DiagnosticGroupTest.class
com/google/javascript/jscomp/CodePrinterTest$4.class
com/google/javascript/jscomp/SymbolTableTest.class
com/google/javascript/jscomp/ControlFlowAnalysisTest.class
com/google/javascript/jscomp/MultiPassTest$7.class
com/google/javascript/jscomp/ReplaceMessagesTest$1.class
com/google/javascript/jscomp/CreateSyntheticBlocksTest$1.class
com/google/javascript/jscomp/IncrementalScopeCreatorTest.class
com/google/javascript/jscomp/GoldenFileComparer.class
com/google/javascript/jscomp/RuntimeTypeCheckTest.class
com/google/javascript/jscomp/MinimizeExitPointsTest.class
com/google/javascript/jscomp/PolymerPassTest$DoSomethingFunFinder.class
com/google/javascript/jscomp/CompilerTestCase.class
com/google/javascript/jscomp/FunctionInjectorTest$TestCallback.class
com/google/javascript/jscomp/CheckRegExpTest.class
com/google/debugging/sourcemap/SourceMapGeneratorV3Test.class
com/google/javascript/jscomp/GoogModuleReplaceScriptTest.class
com/google/javascript/jscomp/DisambiguatePropertiesTest$1.class
com/google/javascript/jscomp/CheckGlobalNamesTest$1.class
com/google/javascript/rhino/jstype/TernaryValueTest.class
com/google/javascript/jscomp/regex/CharRangesTest.class
com/google/javascript/jscomp/PeepholeOptimizationsPassTest$RemoveParentVarsForNodesNamedX.class
com/google/javascript/jscomp/CheckSuspiciousCodeTest.class
com/google/javascript/jscomp/SingleFileCheckRequiresTest.class
com/google/javascript/jscomp/MemoizedTypedScopeCreatorTest.class
com/google/javascript/jscomp/Es6RewriteBlockScopedDeclarationTest.class
com/google/javascript/jscomp/BaseReplaceScriptTestCase.class
com/google/javascript/rhino/JSDocInfoTest.class
com/google/javascript/jscomp/CompilerTest$1.class
com/google/javascript/jscomp/Es6RewriteBlockScopedFunctionDeclarationTest.class
com/google/javascript/jscomp/GenerateExportsTest.class
com/google/javascript/jscomp/DefaultCodingConventionTest.class
com/google/javascript/jscomp/TemplateAstMatcherTest.class
com/google/javascript/jscomp/CodePrinterTest.class
com/google/javascript/jscomp/NewTypeInferenceTTLTest.class
com/google/javascript/jscomp/RenameVarsTest$NormalizePassWrapper.class
com/google/javascript/jscomp/PeepholeSubstituteAlternateSyntaxTest.class
com/google/javascript/jscomp/ScopedAliasesTest.class
com/google/javascript/jscomp/RenameVarsTest$ClosurePassAndRenameVars.class
com/google/javascript/jscomp/InferConstsTest$FindConstants.class
com/google/javascript/jscomp/ReferenceCollectingCallbackTest$2.class
com/google/javascript/jscomp/Es6SyntacticScopeCreatorTest.class
com/google/javascript/jscomp/TypeCheckFunctionCheckTest.class
com/google/javascript/jscomp/lint/CheckDuplicateCaseTest.class
com/google/javascript/jscomp/MultiPassTest$10.class
com/google/javascript/jscomp/CompilerTestCase$Diagnostic$1.class
com/google/javascript/jscomp/PolymerClassDefinitionTest.class
com/google/javascript/jscomp/DevirtualizePrototypeMethodsTest$NoRewritePrototypeObjectLiteralsTestInput.class
com/google/javascript/jscomp/testing/TypeSubject.class
com/google/debugging/sourcemap/SourceMapConsumerV3Test.class
com/google/debugging/sourcemap/Base64Test.class
com/google/javascript/jscomp/RenameLocalVarsTest.class
com/google/javascript/jscomp/DataFlowAnalysisTest$Operation.class
com/google/javascript/jscomp/SemanticReverseAbstractInterpreterTest.class
com/google/javascript/jscomp/PhaseOptimizerTest.class
com/google/javascript/jscomp/FunctionArgumentInjectorTest.class
com/google/javascript/jscomp/ValidityCheckTest.class
com/google/javascript/jscomp/CheckPathsBetweenNodesTest$PrefixPredicate.class
com/google/javascript/jscomp/NameAnonymousFunctionsMappedTest.class
com/google/javascript/jscomp/PolymerClassDefinitionTest$2.class
com/google/javascript/jscomp/SimpleReplaceScriptTest.class
com/google/javascript/jscomp/ReferenceCollectingCallbackTest$7.class
com/google/javascript/jscomp/AmbiguatePropertiesTest.class
com/google/javascript/jscomp/CheckProvidesTest.class
com/google/debugging/sourcemap/SourceMapTestCase$Token.class
com/google/javascript/jscomp/FunctionTypeBuilderTest$1.class
com/google/javascript/jscomp/CodePrinterTest$10.class
com/google/javascript/jscomp/parsing/ParserTest$ParserResult.class
com/google/javascript/jscomp/ReplaceCssNamesTest$3.class
com/google/javascript/jscomp/InlineFunctionsTest$1.class
com/google/javascript/jscomp/ReferenceCollectingCallbackTest$1.class
com/google/javascript/jscomp/InstrumentFunctionsTest.class
com/google/javascript/jscomp/testing/NodeSubject.class
com/google/javascript/jscomp/CompilerTestCase$Expected.class
com/google/javascript/jscomp/JsMessageVisitorTest$RenameMessagesVisitor.class
com/google/javascript/jscomp/IntegrationTest.class
com/google/javascript/jscomp/VariableMapTest.class
com/google/javascript/jscomp/ReplaceCssNamesTest$2.class
com/google/javascript/jscomp/RemoveUnusedCodePrototypePropertiesTest$1.class
com/google/javascript/jscomp/InlineObjectLiteralsTest.class
com/google/javascript/jscomp/NewTypeInferenceTestBase$4.class
com/google/javascript/rhino/testing/TestErrorReporter.class
com/google/javascript/jscomp/ScopedAliasesTest$TypeVerifyingPass.class
com/google/javascript/refactoring/examples/GoogBindToArrowTest.class
com/google/javascript/jscomp/J2clEqualitySameRewriterPassTest.class
com/google/javascript/jscomp/RemoveUnusedCodePrototypePropertiesTest.class
com/google/javascript/jscomp/CompilerOptionsTest.class
com/google/javascript/jscomp/DefaultNameGeneratorTest.class
com/google/javascript/jscomp/CodePrinterTest$3.class
com/google/javascript/jscomp/Es6RewriteModulesTest.class
com/google/javascript/jscomp/MaybeReachingVariableUseTest.class
com/google/javascript/jscomp/lint/CheckArrayWithGoogObjectTest.class
com/google/javascript/jscomp/bundle/CoverageInstrumenterTest.class
com/google/javascript/jscomp/MaybeReachingVariableUseTest$1.class
com/google/javascript/jscomp/PeepholeFoldConstantsTest.class
com/google/javascript/rhino/testing/AbstractStaticScope.class
com/google/javascript/jscomp/RescopeGlobalSymbolsTest.class
com/google/javascript/jscomp/MultiPassTest$11.class
com/google/javascript/jscomp/CompilerTestCase$ModuleSources.class
com/google/javascript/jscomp/ReferenceCollectingCallbackTest$6.class
com/google/javascript/jscomp/NewTypeInferenceWithTypeSyntaxTranspilationTest$1.class
com/google/javascript/jscomp/VariableVisibilityAnalysisTest$LabeledVariableSearcher.class
com/google/javascript/jscomp/Es6ToEs3ClassSideInheritanceTest.class
com/google/javascript/jscomp/lint/CheckUnusedLabelsTest.class
com/google/javascript/jscomp/PhaseOptimizerTest$3.class
com/google/javascript/jscomp/Es6RenameVariablesInParamListsTest.class
com/google/javascript/jscomp/NewTypeInferenceWithTypeSyntaxTranspilationTest.class
com/google/javascript/jscomp/AngularPassTest.class
com/google/javascript/jscomp/NodeTraversalTest$AccessibleCallback.class
com/google/javascript/jscomp/MinimizedConditionTest.class
com/google/javascript/jscomp/PeepholeOptimizationsPassTest$RemoveNodesNamedXUnderVarOptimization.class
com/google/javascript/refactoring/ErrorToFixMapperTest.class
com/google/javascript/jscomp/XtbMessageBundleTest.class
com/google/javascript/jscomp/PolymerPassSuppressBehaviorsTest$1.class
com/google/javascript/jscomp/ReferenceCollectingCallbackTest$12.class
com/google/javascript/jscomp/JsMessageVisitorTest$CollectMessages.class
com/google/javascript/jscomp/NewTypeInferenceTestBase$1.class
com/google/javascript/rhino/testing/MapBasedScope.class
com/google/javascript/jscomp/CheckConformanceTest.class
com/google/javascript/jscomp/ReferenceCollectingCallbackTest$11.class
com/google/javascript/jscomp/PeepholeReorderConstantExpressionTest.class
com/google/javascript/jscomp/SemanticReverseAbstractInterpreterTest$1.class
com/google/javascript/jscomp/CommandLineRunnerTest$ModulePattern.class
com/google/javascript/jscomp/CheckPathsBetweenNodesTest$CountingPredicate.class
com/google/javascript/jscomp/parsing/parser/testing/FeatureSetSubject.class
com/google/javascript/jscomp/NameBasedDefinitionProviderTest.class
com/google/javascript/rhino/jstype/TemplatizedTypeTest.class
com/google/javascript/jscomp/ReferenceCollectingCallbackTest$5.class
com/google/javascript/jscomp/NodeTraversalTest$PruningCallback.class
com/google/javascript/jscomp/RemoveUnusedCodeNameAnalyzerTest.class
com/google/javascript/jscomp/PolymerPassStaticUtilsTest.class
com/google/javascript/jscomp/TypeCheckTest$1.class
com/google/javascript/jscomp/CollapsePropertiesTest.class
com/google/javascript/jscomp/ObjectPropertyStringPreprocessTest.class
com/google/javascript/jscomp/TypedScopeCreatorTest.class
com/google/javascript/jscomp/deps/JsFileLineParserTest.class
com/google/javascript/jscomp/lint/CheckEnumsTest.class
com/google/javascript/jscomp/TypeCheckTest.class
com/google/javascript/jscomp/TimelineTest.class
com/google/javascript/jscomp/CodePrinterTestBase$1.class
com/google/javascript/jscomp/NewTypeInferenceTestBase$InputLanguageMode.class
com/google/javascript/rhino/jstype/UnionTypeTest.class
com/google/javascript/jscomp/PolymerPassTest.class
com/google/javascript/rhino/jstype/JSTypeTest.class
com/google/javascript/jscomp/DenormalizeTest.class
com/google/javascript/jscomp/PeepholeIntegrationTest.class
com/google/javascript/jscomp/CodePrinterTest$5.class
com/google/javascript/jscomp/InlineAndCollapsePropertiesTest.class
com/google/javascript/jscomp/Es6SuperCheckTest.class
com/google/javascript/jscomp/VarCheckTest$VariableTestCheck$1.class
com/google/javascript/jscomp/RenameVarsTest.class
com/google/javascript/jscomp/CheckUnreachableCodeTest.class
com/google/javascript/jscomp/CompilerTest$5.class
com/google/javascript/jscomp/MultiPassTest$12.class
com/google/javascript/jscomp/RecoverableJsAstTest.class
com/google/javascript/jscomp/ExpressionDecomposerTest.class
com/google/debugging/sourcemap/SourceMapTestCase$RunResult.class
com/google/javascript/jscomp/DeadAssignmentsEliminationTest.class
com/google/javascript/jscomp/CombinedCompilerPassTest$ScopeRecordingCallback.class
com/google/javascript/jscomp/TemplateAstMatcherTest$TestNodePair.class
com/google/javascript/jscomp/ProcessClosurePrimitivesTest$1.class
com/google/javascript/jscomp/RewritePolyfillsTest.class
com/google/javascript/jscomp/ReplacedStringsDecoderTest.class
com/google/javascript/jscomp/NodeTraversalTest$2.class
com/google/javascript/jscomp/MissingRequireTest.class
com/google/javascript/jscomp/ClosureOptimizePrimitivesTest.class
com/google/javascript/jscomp/CheckUnusedPrivatePropertiesTest.class
com/google/javascript/jscomp/CompilerTestCase$1.class
com/google/javascript/refactoring/SuggestedFixTest.class
com/google/javascript/jscomp/PeepholeCollectPropertyAssignmentsTest.class
com/google/javascript/jscomp/ReplaceIdGeneratorsTest.class
com/google/javascript/jscomp/ClosureCodingConventionTest.class
com/google/javascript/jscomp/JsMessageExtractorTest.class
com/google/javascript/jscomp/CodePrinterTest$8.class
com/google/javascript/jscomp/CrossModuleMethodMotionTest.class
com/google/javascript/jscomp/CheckConformanceTest$CustomRule.class
com/google/javascript/jscomp/UnreachableCodeEliminationTest.class
com/google/javascript/jscomp/DevirtualizePrototypeMethodsTest$ModuleTestInput.class
com/google/javascript/jscomp/DefinitionUseSiteFinderTest.class
com/google/javascript/jscomp/CompilerTestCase$ErrorDiagnostic.class
com/google/javascript/jscomp/VariableReferenceCheckTest.class
com/google/javascript/jscomp/Es6RewriteScriptsToModulesTest.class
com/google/javascript/jscomp/bundle/CachedTransformerTest.class
com/google/javascript/jscomp/SourceInformationAnnotatorTest$1.class
com/google/javascript/jscomp/ConstCheckTest.class
com/google/javascript/jscomp/testing/JSErrorSubject.class
com/google/javascript/jscomp/MaybeReachingVariableUseTest$LabelFinder.class
com/google/javascript/jscomp/CodePrinterEs6TypedTest$1.class
com/google/javascript/jscomp/FunctionRewriterTest.class
com/google/javascript/rhino/testing/Asserts.class
com/google/javascript/rhino/jstype/JSTypeTest$1.class
com/google/javascript/jscomp/MultiPassTest.class
com/google/javascript/refactoring/examples/RefactoringTest.class
com/google/javascript/jscomp/PolymerPassFindExternsTest.class
com/google/javascript/jscomp/TypeICompilerTestCase$TypeInferenceMode.class
com/google/javascript/jscomp/AstValidatorTest.class
com/google/javascript/jscomp/GatherSideEffectSubexpressionsCallbackTest.class
com/google/javascript/jscomp/OptimizeCallsTest$1.class
com/google/javascript/jscomp/CompilerTest$2.class
com/google/javascript/jscomp/FunctionTypeBuilderTest.class
com/google/javascript/jscomp/CompilerTestCase$WarningDiagnostic.class
com/google/javascript/jscomp/J2clClinitPrunerPassTest.class
com/google/javascript/jscomp/IntegrationTest$2.class
com/google/javascript/jscomp/RandomNameGeneratorTest.class
com/google/javascript/jscomp/lint/CheckInterfacesTest.class
com/google/javascript/jscomp/ValidityCheckTest$3.class
com/google/javascript/jscomp/CodePrinterTest$7.class
com/google/javascript/refactoring/testing/RefasterJsTestUtils$IgnoringWhitespaceCorrespondence.class
com/google/javascript/jscomp/CheckGlobalNamesTest.class
com/google/javascript/jscomp/NodeTraversalTest$4.class
com/google/javascript/jscomp/InferConstsTest.class
com/google/javascript/jscomp/PerformanceTrackerTest.class
com/google/javascript/jscomp/CompilerTestCase$Externs.class
com/google/javascript/jscomp/CleanupPassesTest.class
com/google/javascript/jscomp/CompilerTestCase$2.class
com/google/javascript/jscomp/DeadPropertyAssignmentEliminationTest.class
com/google/javascript/jscomp/FixedPointGraphTraversalTest$1.class
com/google/javascript/jscomp/ValidityCheckTest$1.class
com/google/javascript/jscomp/ExpressionDecomposerTest$1Find.class
com/google/javascript/jscomp/WarningsGuardTest.class
com/google/javascript/jscomp/CompilerTestCase$FlatSources.class
com/google/javascript/jscomp/InlinePropertiesTest.class
com/google/javascript/jscomp/ExtractPrototypeMemberDeclarationsTest.class
com/google/javascript/jscomp/transpile/CachingTranspilerTest.class
com/google/javascript/rhino/testing/BaseJSTypeTestCase.class
com/google/javascript/jscomp/CheckAccessControlsPolymerTest.class
com/google/javascript/jscomp/VariableVisibilityAnalysisTest$2.class
com/google/javascript/jscomp/NodeTraversalTest$3.class
com/google/javascript/jscomp/CompilerTestCase$TestPart.class
com/google/javascript/jscomp/CompilerTest$TestErrorManager.class
com/google/javascript/jscomp/TypeICompilerTestCase$OtiNtiDiagnostic.class
com/google/javascript/jscomp/ClosureCheckModuleTest.class
com/google/javascript/jscomp/PrepareAstTest.class
com/google/javascript/jscomp/PolymerPassTest$1.class
com/google/debugging/sourcemap/Base64VLQTest$CharIteratorImpl.class
com/google/javascript/jscomp/parsing/TypeSyntaxTest.class
com/google/javascript/jscomp/DevirtualizePrototypeMethodsTest$NoRewriteIfNotInGlobalScopeTestInput.class
com/google/javascript/jscomp/RenamePropertiesTest$1.class
com/google/javascript/jscomp/WarningsGuardTest$2.class
com/google/javascript/jscomp/TypeMatchingStrategyTest.class
com/google/javascript/jscomp/FunctionInjectorTest.class
com/google/javascript/jscomp/SideEffectsAnalysisTest$1.class
com/google/javascript/jscomp/DefinitionsRemoverTest$1.class
com/google/javascript/jscomp/FunctionInjectorTest$Method.class
com/google/javascript/rhino/NodeTest.class
com/google/javascript/jscomp/PureFunctionIdentifierTest.class
com/google/javascript/jscomp/JSModuleGraphTest.class
com/google/javascript/jscomp/JsMessageVisitorTest$1.class
com/google/javascript/jscomp/Es6ToEs3ConverterTest$1.class
com/google/javascript/jscomp/JsMessageVisitorTest.class
com/google/javascript/jscomp/InlineVariablesTest.class
com/google/javascript/jscomp/Es7ToEs6ConverterTest.class
com/google/javascript/jscomp/CheckJsDocTest.class
com/google/javascript/jscomp/NodeTraversalTest$NameChangingCallback.class
com/google/javascript/jscomp/deps/ClosureBundlerTest.class
com/google/javascript/jscomp/deps/ModuleLoaderTest.class
com/google/javascript/jscomp/TypeInferenceTest.class
com/google/debugging/sourcemap/Base64VLQTest.class
com/google/javascript/jscomp/CombinedCompilerPassTest.class
com/google/javascript/jscomp/CompilerTypeTestCase.class
com/google/javascript/jscomp/MissingProvideTest$1.class
com/google/javascript/refactoring/RefasterJsScannerTest.class
com/google/javascript/jscomp/DataFlowAnalysisTest$1.class
com/google/javascript/jscomp/NodeTraversalTest$6.class
com/google/javascript/jscomp/lint/CheckPrototypePropertiesTest.class
com/google/javascript/jscomp/NodeTraversalTest$5.class
com/google/javascript/jscomp/DefinitionUseSiteFinderTest$DefinitionEnumerator.class
com/google/javascript/jscomp/CheckMissingGetCssNameTest.class
com/google/javascript/jscomp/CompilerTestCaseUtils.class
com/google/javascript/jscomp/lint/CheckEmptyStatementsTest.class
com/google/javascript/jscomp/deps/DependencyResolverTest.class
com/google/javascript/jscomp/RemoveUnusedCodeTest.class
com/google/javascript/jscomp/ConvertToDottedPropertiesTest.class
com/google/javascript/jscomp/graph/GraphReachabilityTest.class
com/google/javascript/jscomp/CombinedCompilerPassTest$TestHelper.class
com/google/javascript/jscomp/CompilerTestCase$Diagnostic.class
com/google/javascript/jscomp/VarCheckTest.class
com/google/javascript/jscomp/ChangeVerifierTest.class
com/google/javascript/jscomp/BasicErrorManagerTest$1.class
com/google/javascript/jscomp/J2clAssertRemovalPassTest.class
com/google/javascript/jscomp/VarCheckTest$1.class
com/google/javascript/jscomp/NodeTraversalTest$1.class
com/google/javascript/jscomp/InlineVariablesConstantsTest.class
com/google/javascript/jscomp/LightweightMessageFormatterTest$1.class
com/google/javascript/jscomp/PolymerBehaviorExtractorTest.class
com/google/javascript/jscomp/BasicErrorManagerTest.class
com/google/javascript/jscomp/CollapseAnonymousFunctionsTest.class
com/google/javascript/rhino/jstype/FunctionTypeTest.class
com/google/javascript/jscomp/parsing/JsDocTokenStreamTest.class
com/google/debugging/sourcemap/SourceMapTestCase.class
com/google/javascript/jscomp/RemoveUnusedCodeTest$1.class
com/google/javascript/jscomp/J2clIntegrationTest.class
com/google/javascript/jscomp/RewriteAsyncFunctionsTest.class
com/google/javascript/jscomp/CheckDebuggerStatementTest.class
com/google/javascript/jscomp/PartialCompilationTest$1.class
com/google/javascript/jscomp/CheckSideEffectsTest.class
com/google/javascript/jscomp/GoogleCodingConventionTest.class
com/google/javascript/jscomp/Es6RewriteModulesToCommonJsModulesTest.class
com/google/javascript/jscomp/parsing/JsDocInfoParserTest.class
com/google/javascript/jscomp/VariableVisibilityAnalysisTest.class
com/google/javascript/jscomp/OptimizeReturnsTest.class
com/google/javascript/refactoring/examples/SetLocationHrefTest.class
com/google/javascript/jscomp/OptimizeParametersTest.class
com/google/javascript/jscomp/DefinitionsRemoverTest$DefinitionsGatherer.class
com/google/javascript/jscomp/PeepholeOptimizationsPassTest$RemoveNodesNamedXOptimization.class
com/google/javascript/jscomp/WarningsGuardTest$1.class
com/google/javascript/jscomp/RemoveUnusedCodeClassPropertiesTest.class
com/google/javascript/rhino/jstype/EnumElementTypeTest.class
com/google/javascript/rhino/jstype/RecordTypeTest.class
com/google/javascript/jscomp/MoveFunctionDeclarationsTest.class
com/google/javascript/jscomp/DevirtualizePrototypeMethodsTest.class
com/google/javascript/jscomp/GatherExternPropertiesTest.class
com/google/javascript/jscomp/SourceMapResolverTest.class
com/google/javascript/jscomp/SourceFileTest.class
com/google/javascript/jscomp/NameAnonymousFunctionsTest.class
com/google/javascript/jscomp/TypedScopeCreatorTest$1.class
com/google/javascript/jscomp/Es6TypedIntegrationTest.class
com/google/javascript/jscomp/ObjectPropertyStringPostprocessTest.class
com/google/javascript/rhino/jstype/JSTypeRegistryTest.class
com/google/javascript/jscomp/NodeTraversalTest$LexicallyScopedVarsAccumulator.class
com/google/javascript/jscomp/VariableVisibilityAnalysisTest$1.class
com/google/javascript/jscomp/DataFlowAnalysisTest$BranchInstruction.class
com/google/javascript/jscomp/DartSuperAccessorsPassTest.class
com/google/javascript/jscomp/CodePrinterTest$6.class
com/google/javascript/jscomp/CheckPathsBetweenNodesTest$1.class
com/google/javascript/jscomp/PeepholeRemoveDeadCodeTest$1.class
com/google/javascript/jscomp/RewriteJsonToModuleTest.class
com/google/javascript/jscomp/RecoverableJsAstTest$1.class
com/google/javascript/jscomp/CompilerTest$4.class
com/google/javascript/jscomp/ReferenceCollectingCallbackTest$9.class
com/google/javascript/jscomp/DefinitionsRemoverTest.class
com/google/javascript/jscomp/CreateSyntheticBlocksTest.class
com/google/javascript/jscomp/MultiPassTest$5.class
com/google/javascript/jscomp/ProcessDefinesTest$ProcessDefinesWithInjectedNamespace.class
com/google/javascript/jscomp/SourceMapTest.class
com/google/javascript/jscomp/transpile/TranspileResultTest.class
com/google/javascript/jscomp/DataFlowAnalysisTest$ConstPropLatticeElement.class
com/google/javascript/jscomp/NewTypeInferenceTestBase.class
com/google/javascript/jscomp/TypeICompilerTestCase$1.class
com/google/javascript/jscomp/ValidityCheckTest$2.class
com/google/javascript/jscomp/DeadAssignmentsEliminationTest$1.class
com/google/javascript/jscomp/graph/GraphColoringTest$1.class
com/google/javascript/jscomp/ClosureRewriteClassTest.class
com/google/javascript/jscomp/MultiPassTest$4.class
com/google/javascript/jscomp/SyntacticScopeCreatorTest.class
com/google/javascript/jscomp/lint/CheckMissingSemicolonTest.class
com/google/javascript/rhino/jstype/NamedTypeTest.class
com/google/javascript/jscomp/ClosurePrimitivesIntegrationTest.class
com/google/javascript/jscomp/ExternExportsPassTest.class
com/google/javascript/jscomp/Es6RewriteBlockScopedDeclarationEs6LangOutTest.class
com/google/javascript/jscomp/testing/TestErrorManager$1.class
com/google/javascript/refactoring/examples/ArrayIndexOfToIncludesTest.class
com/google/javascript/jscomp/NewTypeInferenceTestBase$2$1.class
com/google/javascript/jscomp/lint/CheckUselessBlocksTest.class
com/google/javascript/jscomp/CompilerTestCase$NoninjectingCompiler.class
com/google/javascript/jscomp/DenormalizeTest$NormalizeAndDenormalizePass.class
com/google/javascript/jscomp/FlowSensitiveInlineVariablesTest.class
com/google/javascript/jscomp/CompilerTest$3.class
com/google/javascript/jscomp/NodeTraversalTest$EnterFunctionAccumulator.class
com/google/javascript/jscomp/ReferenceCollectingCallbackTest$8.class
com/google/javascript/jscomp/NewTypeInferenceTestBase$Diagnostic.class
com/google/javascript/jscomp/CombinedCompilerPassTest$1.class
com/google/javascript/jscomp/RewritePolyfillsTest$1.class
com/google/javascript/jscomp/TypeTransformationTest.class
com/google/javascript/jscomp/NewTypeInferenceTestBase$3.class
com/google/javascript/jscomp/PolymerClassRewriterTest$1.class
com/google/javascript/jscomp/ReferenceCollectingCallbackTest$10.class
com/google/javascript/jscomp/RemoveUnusedCodeNameAnalyzerTest$MarkNoSideEffectCallsAndRemoveUnusedCodeRunner.class
com/google/javascript/jscomp/ReplaceMessagesForChromeTest.class
com/google/javascript/jscomp/CodePrinterTest$2.class
com/google/javascript/jscomp/MissingProvideTest.class
com/google/javascript/jscomp/ClosureRewriteModuleTest.class
com/google/javascript/jscomp/CheckPathsBetweenNodesTest.class
com/google/javascript/jscomp/ProcessClosurePrimitivesTest.class
com/google/javascript/jscomp/PolymerClassDefinitionTest$1.class
com/google/javascript/jscomp/deps/DepsGeneratorTest.class
com/google/javascript/jscomp/ExternExportsPassTest$2.class
com/google/javascript/jscomp/ReferenceCollectingCallbackTest$15.class
com/google/javascript/jscomp/XidTest.class
com/google/javascript/jscomp/testing/SimpleSourceExcerptProvider.class
com/google/javascript/jscomp/JsMessageTest.class
com/google/javascript/jscomp/ExportTestFunctionsTest.class
com/google/javascript/jscomp/LinkedFlowScopeTest.class
com/google/javascript/jscomp/FunctionToBlockMutatorTest$TestCallback.class
com/google/javascript/jscomp/PolymerPassFindExternsTest$1.class
com/google/javascript/jscomp/CodePrinterTestBase.class
com/google/javascript/jscomp/DevirtualizePrototypeMethodsTest$NoRewriteDeclarationUsedAsRValue.class
com/google/javascript/jscomp/ReferenceCollectingCallbackTest$14.class
com/google/javascript/jscomp/CombinedCompilerPassTest$ConcatTraversal.class
com/google/javascript/jscomp/ExternExportsPassTest$1.class
com/google/javascript/jscomp/AstValidatorTest$1.class
com/google/javascript/jscomp/ReplaceMessagesTest.class
com/google/javascript/jscomp/ReplaceCssNamesTest$1.class
com/google/javascript/jscomp/NewTypeInferenceTestBase$2.class
com/google/javascript/jscomp/PersistentInputStoreTest.class
com/google/javascript/jscomp/JSCompilerSourceExcerptProviderTest.class
com/google/javascript/jscomp/Es6ExternsCheckTest.class
com/google/javascript/jscomp/CrossModuleReferenceCollectorTest.class
com/google/javascript/jscomp/ReplaceStringsTest$Renamer.class
com/google/javascript/jscomp/NormalizeTest.class
com/google/javascript/jscomp/CompilerTestCase$Sources.class
com/google/javascript/jscomp/CoverageInstrumentationPassTest.class
com/google/javascript/jscomp/LiveVariablesAnalysisTest.class
com/google/javascript/jscomp/lint/CheckPrimitiveAsObjectTest.class
com/google/javascript/jscomp/CoalesceVariableNamesTest$1.class
com/google/javascript/jscomp/TypeValidatorTest.class
com/google/javascript/jscomp/JSDocInfoPrinterTest.class
com/google/javascript/jscomp/CheckGlobalThisTest.class
com/google/javascript/jscomp/ReferenceCollectingCallbackTest$3.class
com/google/javascript/jscomp/PeepholeRemoveDeadCodeTest.class
com/google/javascript/jscomp/PartialCompilationTest.class
com/google/javascript/jscomp/J2clPassTest.class
com/google/javascript/jscomp/ReplaceStringsTest.class
com/google/javascript/jscomp/ScopedAliasesTest$1.class
com/google/javascript/jscomp/CodePrinterTest$1.class
com/google/javascript/jscomp/PeepholeMinimizeConditionsTest.class
com/google/javascript/jscomp/J2clCheckPassTest.class
com/google/javascript/jscomp/InlineSimpleMethodsTest.class
com/google/javascript/jscomp/ReferenceCollectingCallbackTest$4.class
com/google/javascript/jscomp/CheckMissingReturnTest.class
com/google/javascript/jscomp/ProcessCommonJSModulesTest.class
com/google/javascript/jscomp/InferJSDocInfoTest$2.class
com/google/javascript/jscomp/InlineAliasesTest.class
com/google/javascript/jscomp/TypedScopeCreatorTest$2.class
com/google/javascript/jscomp/ReplaceIdGeneratorsTest$1.class
com/google/javascript/jscomp/ImplicitNullabilityCheckTest.class
com/google/javascript/jscomp/ReferenceCollectingCallbackTest$13.class
com/google/javascript/jscomp/TypeCheckFunctionCheckTest$1.class
com/google/javascript/jscomp/deps/PathUtilTest.class
com/google/javascript/jscomp/AstValidatorTest$2.class
com/google/javascript/jscomp/FunctionInjectorTest$1.class
com/google/javascript/jscomp/ReplaceMessagesTest$SimpleMessageBundle.class
com/google/javascript/jscomp/MemoizedScopeCreatorTest.class
com/google/javascript/jscomp/RenamePropertiesTest.class
com/google/javascript/jscomp/SideEffectsAnalysisTest.class
com/google/javascript/jscomp/DevirtualizePrototypeMethodsTest$NoRewriteNonCallReferenceTestInput.class
com/google/javascript/jscomp/CompilerTest.class
com/google/javascript/jscomp/JSModuleTest.class
com/google/javascript/jscomp/deps/DepsFileParserTest.class
com/google/javascript/jscomp/deps/JsFileLineParserTest$TestParser.class
com/google/javascript/jscomp/RecordFunctionInformationTest.class
com/google/javascript/jscomp/CheckUnusedPrivatePropertiesInPolymerElementTest.class
com/google/javascript/jscomp/MustBeReachingVariableDefTest.class
com/google/javascript/jscomp/Es6TypedToEs6ConverterTest.class
com/google/javascript/jscomp/IdMappingUtilTest.class
com/google/javascript/jscomp/MultiPassTest$8.class
com/google/javascript/jscomp/deps/JsFileParserTest.class
com/google/javascript/jscomp/JsMessageVisitorTest$DummyJsVisitor.class
com/google/javascript/jscomp/deps/VirtualFileTest.class
com/google/javascript/jscomp/ShadowVariablesTest.class
com/google/javascript/jscomp/NormalizeTest$2.class
com/google/javascript/jscomp/SemanticReverseAbstractInterpreterTest$TypedName.class
com/google/javascript/jscomp/MultiPassTest$1.class
com/google/javascript/jscomp/Es6RewriteArrowFunctionTest.class
com/google/javascript/jscomp/transpile/BaseTranspilerTest.class
com/google/javascript/jscomp/InlineAndCollapsePropertiesTest$1.class
com/google/javascript/jscomp/PhaseOptimizerTest$1.class
com/google/javascript/jscomp/lint/CheckJSDocStyleTest.class
com/google/javascript/jscomp/CheckAccessControlsTest.class
com/google/javascript/jscomp/J2clSourceFileCheckerTest.class
com/google/javascript/jscomp/FixedPointGraphTraversalTest.class
com/google/javascript/jscomp/DataFlowAnalysisTest$Variable.class
com/google/javascript/jscomp/deps/Es6SortedDependenciesTest.class
com/google/javascript/jscomp/ReferenceCollectingCallbackTest.class
com/google/javascript/jscomp/CodePrinterTestBase$CompilerOptionBuilder.class
com/google/javascript/refactoring/examples/ArrayPrototypeSliceToArrayFromTest.class
com/google/javascript/jscomp/IntegrationTestCase.class
com/google/javascript/jscomp/LightweightMessageFormatterTest.class
com/google/javascript/jscomp/VarCheckTest$VariableTestCheck.class
com/google/javascript/jscomp/MultiPassTest$3.class
com/google/javascript/jscomp/BasicErrorManagerTest$2.class
com/google/javascript/jscomp/Es6ToEs3ConverterTest.class
com/google/javascript/jscomp/ProcessTweaksTest.class
com/google/javascript/jscomp/PeepholeOptimizationsPassTest$1.class
com/google/javascript/rhino/jstype/BooleanLiteralSetTest.class
com/google/javascript/jscomp/Es6RewriteClassTest.class
com/google/javascript/jscomp/MultiPassTest$6.class
com/google/javascript/jscomp/parsing/ParserTest.class
com/google/javascript/jscomp/NodeTraversalTest.class
com/google/javascript/jscomp/Es6CheckModuleTest.class
com/google/javascript/jscomp/ReplaceCssNamesTest$4.class
com/google/javascript/jscomp/GlobalNamespaceTest.class
com/google/javascript/refactoring/examples/ChaiExpectToAssertTest.class
com/google/javascript/jscomp/CompilerTestCase$Diagnostic$2.class
com/google/javascript/jscomp/CrossModuleCodeMotionTest.class
com/google/javascript/jscomp/FixedPointGraphTraversalTest$CounterIncrementer.class
com/google/javascript/jscomp/Es6SyntacticScopeCreatorTest$RecordingRedeclarationHandler.class
com/google/javascript/jscomp/parsing/parser/util/format/SimpleFormatTest.class
com/google/javascript/jscomp/PolymerPassSuppressBehaviorsTest.class
com/google/javascript/jscomp/ProcessTweaksTest$1.class
com/google/javascript/jscomp/DataFlowAnalysisTest.class
com/google/javascript/jscomp/parsing/parser/FeatureSetTest.class
com/google/javascript/jscomp/RemoveSuperMethodsPassTest.class
com/google/javascript/jscomp/InferJSDocInfoTest.class
com/google/javascript/jscomp/ModulesTestUtils.class
com/google/javascript/jscomp/DisambiguatePrivatePropertiesTest.class
com/google/javascript/jscomp/graph/StandardUnionFindTest.class
com/google/javascript/jscomp/Es6RewriteClassTest$1.class
com/google/javascript/jscomp/AmbiguatePropertiesTest$1.class
com/google/javascript/jscomp/MustBeReachingVariableDefTest$1.class
com/google/javascript/jscomp/LazyParsedDependencyInfoTest.class
com/google/javascript/jscomp/SideEffectsAnalysisTest$LabeledStatementSearcher.class
com/google/javascript/jscomp/PolymerClassRewriterTest.class
com/google/javascript/rhino/jstype/UnionTypeBuilderTest.class
com/google/javascript/jscomp/FunctionToBlockMutatorTest.class
com/google/javascript/jscomp/DevirtualizePrototypeMethodsTest$NoRewriteNestedFunctionTestInput.class
com/google/javascript/jscomp/ReplaceStringsTest$1.class
com/google/javascript/jscomp/TranspileAfterNTITest.class
com/google/javascript/jscomp/CommonJSIntegrationTest.class
com/google/javascript/jscomp/SourceInformationAnnotatorTest.class
com/google/javascript/jscomp/MarkNoSideEffectCallsTest.class
com/google/javascript/jscomp/AliasStringsTest.class
com/google/javascript/jscomp/InferConstsTest$1.class
com/google/javascript/jscomp/CheckUnusedPrivatePropertiesInPolymerElementTest$1.class
com/google/javascript/jscomp/PeepholeReplaceKnownMethodsTest.class
com/google/javascript/jscomp/ChromePassTest.class
com/google/javascript/jscomp/lint/CheckRequiresAndProvidesSortedTest.class
com/google/javascript/jscomp/MakeDeclaredNamesUniqueTest$1.class
com/google/javascript/jscomp/MarkNoSideEffectCallsTest$NoSideEffectCallEnumerator.class
com/google/javascript/jscomp/graph/GraphColoringTest.class
com/google/javascript/jscomp/Es6RewriteGeneratorsTest.class
com/google/javascript/jscomp/DataFlowAnalysisTest$Instruction.class
com/google/javascript/jscomp/CheckTemplateParamsTest.class
com/google/javascript/jscomp/deps/DependencyInfoTest.class
com/google/javascript/jscomp/ScopedAliasesTest$AliasSpy.class
com/google/javascript/jscomp/Es6ExtractClassesTest.class
com/google/javascript/jscomp/CheckConformanceTest$CustomRuleMissingPublicConstructor.class
com/google/javascript/jscomp/graph/GraphTest$2.class
com/google/javascript/jscomp/TypeValidatorTest$1.class
com/google/javascript/jscomp/TypeICompilerTestCase.class
com/google/javascript/jscomp/EsNextToEs8ConverterTest.class
com/google/javascript/jscomp/NormalizeTest$1.class
com/google/javascript/jscomp/InlineFunctionsTest.class
com/google/javascript/jscomp/NodeIteratorsTest.class
com/google/javascript/jscomp/NewTypeInferenceTest.class
com/google/javascript/jscomp/bundle/TranspilerTest.class
com/google/javascript/jscomp/FixedPointGraphTraversalTest$Counter.class
com/google/javascript/jscomp/StatementFusionTest.class
com/google/javascript/jscomp/InlineCostEstimatorTest.class
com/google/javascript/jscomp/ExtraRequireTest.class
com/google/javascript/rhino/jstype/FunctionParamBuilderTest.class
com/google/javascript/jscomp/SourceFileTest$ResetableSourceFile.class
com/google/javascript/refactoring/testing/RefasterJsTestUtils$1.class
com/google/javascript/jscomp/PureFunctionIdentifierTest$NoSideEffectCallEnumerator.class
com/google/javascript/jscomp/OptimizeCallsTest.class
com/google/javascript/jscomp/TransformAMDToCJSModuleTest.class
com/google/javascript/jscomp/FunctionToBlockMutatorTest$Method.class
com/google/javascript/jscomp/GlobalVarReferenceMapTest.class
com/google/javascript/jscomp/TimelineTest$Event.class
com/google/javascript/jscomp/PeepholeOptimizationsPassTest$RenameYToX.class
com/google/javascript/jscomp/graph/GraphTest.class
com/google/debugging/sourcemap/SourceMapGeneratorV3Test$2.class
com/google/javascript/jscomp/MakeDeclaredNamesUniqueTest.class
com/google/javascript/jscomp/ExploitAssignsTest.class
com/google/javascript/jscomp/CollapseVariableDeclarationsTest.class
com/google/javascript/jscomp/bundle/SourceTest.class
com/google/javascript/jscomp/CommandLineRunnerTest.class
com/google/javascript/jscomp/AstValidatorTest$Check.class
com/google/javascript/jscomp/ConstParamCheckTest.class
com/google/javascript/jscomp/DataFlowAnalysisTest$ConstPropJoinOp.class
com/google/javascript/jscomp/StrictModeCheckTest.class
com/google/javascript/jscomp/Es6SyntacticScopeCreatorTest$1.class
com/google/javascript/jscomp/TypeCheckTest$TypeCheckResult.class
com/google/javascript/jscomp/NodeTraversalTest$StringAccumulator.class
com/google/javascript/jscomp/parsing/ParserTest$1.class
com/google/javascript/jscomp/graph/GraphTest$1.class
com/google/javascript/jscomp/MultiPassTest$9.class
com/google/javascript/jscomp/DataFlowAnalysisTest$NumberValue.class
com/google/javascript/jscomp/AggressiveInlineAliasesTest.class
com/google/javascript/jscomp/NodeTraversalTest$ExpectNodeOnEnterScope.class
com/google/javascript/jscomp/DataFlowAnalysisTest$DummyConstPropagation.class
com/google/javascript/jscomp/StripCodeTest.class
com/google/javascript/jscomp/RemoveUnusedPolyfillsTest.class
com/google/javascript/jscomp/SubstituteEs6SyntaxTest.class
com/google/javascript/jscomp/CodePrinterEs6TypedTest.class
com/google/javascript/jscomp/J2clPropertyInlinerPassTest.class
com/google/javascript/jscomp/OptimizeArgumentsArrayTest.class
com/google/javascript/jscomp/DataFlowAnalysisTest$ArithmeticInstruction.class
com/google/javascript/refactoring/examples/NavigationalXssSinksRefactoringTest.class
com/google/javascript/jscomp/FlowSensitiveInlineVariablesTest$1.class
com/google/javascript/jscomp/DotFormatterTest.class
com/google/javascript/refactoring/ApplySuggestedFixesTest.class
com/google/javascript/jscomp/J2clConstantHoisterPassTest.class
com/google/javascript/jscomp/DataFlowAnalysisTest$BranchedDummyConstPropagation.class
com/google/javascript/jscomp/ijs/ConvertToTypedInterfaceTest.class
com/google/javascript/jscomp/testing/TestErrorManager.class
com/google/javascript/jscomp/CompilerTestCase$Postcondition.class
com/google/debugging/sourcemap/SourceMapGeneratorV3Test$1.class
com/google/javascript/jscomp/ClosureReverseAbstractInterpreterTest.class
com/google/javascript/jscomp/ChainCallsTest.class
com/google/javascript/jscomp/DataFlowAnalysisTest$Value.class
com/google/javascript/rhino/jstype/PrototypeObjectTypeTest.class
com/google/javascript/jscomp/lint/CheckNullableReturnTest.class
com/google/javascript/jscomp/GatherRawExportsTest.class
com/google/javascript/jscomp/DisambiguatePropertiesTest.class
com/google/javascript/jscomp/InlinePropertiesTest$1.class
