/home/wju/test-proj/closure-compiler/test/com/google/javascript/jscomp/PeepholeMinimizeConditionsTest.java
/home/wju/test-proj/closure-compiler/test/com/google/javascript/jscomp/lint/CheckPrototypePropertiesTest.java
/home/wju/test-proj/closure-compiler/src/com/google/javascript/jscomp/testing/TypeSubject.java
/home/wju/test-proj/closure-compiler/test/com/google/javascript/rhino/jstype/UnionTypeBuilderTest.java
/home/wju/test-proj/closure-compiler/test/com/google/javascript/jscomp/LinkedFlowScopeTest.java
/home/wju/test-proj/closure-compiler/test/com/google/javascript/jscomp/ClosureReverseAbstractInterpreterTest.java
/home/wju/test-proj/closure-compiler/test/com/google/javascript/jscomp/DevirtualizePrototypeMethodsTest.java
/home/wju/test-proj/closure-compiler/test/com/google/javascript/jscomp/graph/GraphTest.java
/home/wju/test-proj/closure-compiler/test/com/google/javascript/jscomp/lint/CheckRequiresAndProvidesSortedTest.java
/home/wju/test-proj/closure-compiler/test/com/google/javascript/jscomp/ijs/ConvertToTypedInterfaceTest.java
/home/wju/test-proj/closure-compiler/test/com/google/javascript/jscomp/GlobalVarReferenceMapTest.java
/home/wju/test-proj/closure-compiler/test/com/google/javascript/jscomp/NameAnonymousFunctionsTest.java
/home/wju/test-proj/closure-compiler/test/com/google/javascript/jscomp/InlineFunctionsTest.java
/home/wju/test-proj/closure-compiler/test/com/google/javascript/jscomp/AggressiveInlineAliasesTest.java
/home/wju/test-proj/closure-compiler/test/com/google/javascript/jscomp/parsing/AttachJsdocsTest.java
/home/wju/test-proj/closure-compiler/test/com/google/javascript/jscomp/NewTypeInferenceTestBase.java
/home/wju/test-proj/closure-compiler/test/com/google/javascript/jscomp/lint/CheckJSDocStyleTest.java
/home/wju/test-proj/closure-compiler/test/com/google/javascript/jscomp/parsing/parser/FeatureSetTest.java
/home/wju/test-proj/closure-compiler/src/com/google/javascript/rhino/testing/AbstractStaticScope.java
/home/wju/test-proj/closure-compiler/test/com/google/javascript/refactoring/examples/ArrayPrototypeSliceToArrayFromTest.java
/home/wju/test-proj/closure-compiler/test/com/google/javascript/jscomp/Es6RewriteScriptsToModulesTest.java
/home/wju/test-proj/closure-compiler/test/com/google/javascript/jscomp/ReplaceMessagesForChromeTest.java
/home/wju/test-proj/closure-compiler/test/com/google/javascript/jscomp/InlineObjectLiteralsTest.java
/home/wju/test-proj/closure-compiler/test/com/google/javascript/jscomp/FunctionRewriterTest.java
/home/wju/test-proj/closure-compiler/test/com/google/javascript/jscomp/ImplicitNullabilityCheckTest.java
/home/wju/test-proj/closure-compiler/test/com/google/javascript/jscomp/CollapseVariableDeclarationsTest.java
/home/wju/test-proj/closure-compiler/test/com/google/javascript/jscomp/NewTypeInferenceWithTypeSyntaxTranspilationTest.java
/home/wju/test-proj/closure-compiler/test/com/google/javascript/jscomp/DotFormatterTest.java
/home/wju/test-proj/closure-compiler/test/com/google/javascript/jscomp/TranspileAfterNTITest.java
/home/wju/test-proj/closure-compiler/test/com/google/javascript/jscomp/ConstCheckTest.java
/home/wju/test-proj/closure-compiler/test/com/google/javascript/jscomp/ClosureOptimizePrimitivesTest.java
/home/wju/test-proj/closure-compiler/test/com/google/javascript/jscomp/ClosurePrimitivesIntegrationTest.java
/home/wju/test-proj/closure-compiler/test/com/google/javascript/jscomp/RemoveUnusedCodePrototypePropertiesTest.java
/home/wju/test-proj/closure-compiler/test/com/google/javascript/jscomp/ReferenceCollectingCallbackTest.java
/home/wju/test-proj/closure-compiler/test/com/google/javascript/refactoring/ErrorToFixMapperTest.java
/home/wju/test-proj/closure-compiler/test/com/google/javascript/jscomp/ClosureCodeRemovalTest.java
/home/wju/test-proj/closure-compiler/test/com/google/javascript/jscomp/Es6RenameVariablesInParamListsTest.java
/home/wju/test-proj/closure-compiler/test/com/google/javascript/jscomp/InlinePropertiesTest.java
/home/wju/test-proj/closure-compiler/test/com/google/javascript/jscomp/TypeMatchingStrategyTest.java
/home/wju/test-proj/closure-compiler/test/com/google/javascript/jscomp/RenamePropertiesTest.java
/home/wju/test-proj/closure-compiler/test/com/google/javascript/rhino/jstype/JSTypeTest.java
/home/wju/test-proj/closure-compiler/test/com/google/javascript/jscomp/FunctionTypeBuilderTest.java
/home/wju/test-proj/closure-compiler/test/com/google/javascript/jscomp/CompilerTestCase.java
/home/wju/test-proj/closure-compiler/test/com/google/javascript/jscomp/ClosureRewriteModuleTest.java
/home/wju/test-proj/closure-compiler/test/com/google/javascript/jscomp/J2clAssertRemovalPassTest.java
/home/wju/test-proj/closure-compiler/test/com/google/javascript/jscomp/MarkNoSideEffectCallsTest.java
/home/wju/test-proj/closure-compiler/test/com/google/javascript/jscomp/Es6RewriteClassTest.java
/home/wju/test-proj/closure-compiler/test/com/google/javascript/jscomp/Es6TypedIntegrationTest.java
/home/wju/test-proj/closure-compiler/test/com/google/javascript/jscomp/CheckJsDocTest.java
/home/wju/test-proj/closure-compiler/test/com/google/javascript/jscomp/lint/CheckInterfacesTest.java
/home/wju/test-proj/closure-compiler/test/com/google/javascript/jscomp/CheckSuspiciousCodeTest.java
/home/wju/test-proj/closure-compiler/test/com/google/javascript/refactoring/examples/ArrayIndexOfToIncludesTest.java
/home/wju/test-proj/closure-compiler/test/com/google/javascript/jscomp/PeepholeOptimizationsPassTest.java
/home/wju/test-proj/closure-compiler/test/com/google/javascript/jscomp/PrepareAstTest.java
/home/wju/test-proj/closure-compiler/test/com/google/javascript/jscomp/PeepholeFoldConstantsTest.java
/home/wju/test-proj/closure-compiler/test/com/google/javascript/jscomp/SymbolTableTest.java
/home/wju/test-proj/closure-compiler/test/com/google/javascript/jscomp/RescopeGlobalSymbolsTest.java
/home/wju/test-proj/closure-compiler/test/com/google/javascript/jscomp/PolymerPassStaticUtilsTest.java
/home/wju/test-proj/closure-compiler/test/com/google/javascript/jscomp/GoldenFileComparer.java
/home/wju/test-proj/closure-compiler/test/com/google/javascript/jscomp/CheckMissingReturnTest.java
/home/wju/test-proj/closure-compiler/test/com/google/javascript/jscomp/IntegrationTest.java
/home/wju/test-proj/closure-compiler/test/com/google/javascript/jscomp/J2clClinitPrunerPassTest.java
/home/wju/test-proj/closure-compiler/test/com/google/javascript/jscomp/InlineSimpleMethodsTest.java
/home/wju/test-proj/closure-compiler/test/com/google/javascript/rhino/jstype/EnumElementTypeTest.java
/home/wju/test-proj/closure-compiler/test/com/google/javascript/jscomp/ReplaceCssNamesTest.java
/home/wju/test-proj/closure-compiler/test/com/google/javascript/jscomp/DisambiguatePrivatePropertiesTest.java
/home/wju/test-proj/closure-compiler/test/com/google/javascript/jscomp/CheckUnusedPrivatePropertiesTest.java
/home/wju/test-proj/closure-compiler/test/com/google/javascript/jscomp/PureFunctionIdentifierTest.java
/home/wju/test-proj/closure-compiler/test/com/google/javascript/jscomp/CleanupPassesTest.java
/home/wju/test-proj/closure-compiler/test/com/google/javascript/jscomp/CheckMissingGetCssNameTest.java
/home/wju/test-proj/closure-compiler/test/com/google/javascript/jscomp/RenameLabelsTest.java
/home/wju/test-proj/closure-compiler/test/com/google/javascript/jscomp/RemoveUnusedCodeNameAnalyzerTest.java
/home/wju/test-proj/closure-compiler/test/com/google/javascript/jscomp/ChainCallsTest.java
/home/wju/test-proj/closure-compiler/test/com/google/javascript/jscomp/deps/ClosureBundlerTest.java
/home/wju/test-proj/closure-compiler/test/com/google/javascript/jscomp/Es6RewriteBlockScopedDeclarationEs6LangOutTest.java
/home/wju/test-proj/closure-compiler/test/com/google/javascript/jscomp/ControlFlowAnalysisTest.java
/home/wju/test-proj/closure-compiler/test/com/google/javascript/jscomp/Es7ToEs6ConverterTest.java
/home/wju/test-proj/closure-compiler/test/com/google/javascript/jscomp/CodePrinterTest.java
/home/wju/test-proj/closure-compiler/test/com/google/javascript/jscomp/ExtraRequireTest.java
/home/wju/test-proj/closure-compiler/test/com/google/javascript/jscomp/TemplateAstMatcherTest.java
/home/wju/test-proj/closure-compiler/test/com/google/javascript/jscomp/graph/StandardUnionFindTest.java
/home/wju/test-proj/closure-compiler/test/com/google/javascript/jscomp/CheckUnreachableCodeTest.java
/home/wju/test-proj/closure-compiler/test/com/google/javascript/rhino/jstype/TernaryValueTest.java
/home/wju/test-proj/closure-compiler/test/com/google/javascript/jscomp/ScopedAliasesTest.java
/home/wju/test-proj/closure-compiler/test/com/google/javascript/jscomp/CompilerOptionsTest.java
/home/wju/test-proj/closure-compiler/test/com/google/javascript/jscomp/DefinitionsRemoverTest.java
/home/wju/test-proj/closure-compiler/test/com/google/javascript/jscomp/MissingRequireTest.java
/home/wju/test-proj/closure-compiler/test/com/google/javascript/jscomp/PolymerClassDefinitionTest.java
/home/wju/test-proj/closure-compiler/test/com/google/javascript/jscomp/OptimizeParametersTest.java
/home/wju/test-proj/closure-compiler/test/com/google/javascript/jscomp/lint/CheckArrayWithGoogObjectTest.java
/home/wju/test-proj/closure-compiler/test/com/google/javascript/jscomp/CompilerTest.java
/home/wju/test-proj/closure-compiler/test/com/google/javascript/jscomp/GatherSideEffectSubexpressionsCallbackTest.java
/home/wju/test-proj/closure-compiler/test/com/google/javascript/jscomp/ValidityCheckTest.java
/home/wju/test-proj/closure-compiler/test/com/google/javascript/jscomp/LightweightMessageFormatterTest.java
/home/wju/test-proj/closure-compiler/test/com/google/javascript/jscomp/CommonJSIntegrationTest.java
/home/wju/test-proj/closure-compiler/src/com/google/javascript/rhino/testing/Asserts.java
/home/wju/test-proj/closure-compiler/test/com/google/javascript/jscomp/Es6RewriteGeneratorsTest.java
/home/wju/test-proj/closure-compiler/test/com/google/javascript/jscomp/deps/DepsFileParserTest.java
/home/wju/test-proj/closure-compiler/test/com/google/javascript/jscomp/NameBasedDefinitionProviderTest.java
/home/wju/test-proj/closure-compiler/test/com/google/javascript/jscomp/CheckSideEffectsTest.java
/home/wju/test-proj/closure-compiler/test/com/google/javascript/jscomp/Es6RewriteModulesTest.java
/home/wju/test-proj/closure-compiler/test/com/google/javascript/jscomp/InferJSDocInfoTest.java
/home/wju/test-proj/closure-compiler/test/com/google/javascript/jscomp/lint/CheckEnumsTest.java
/home/wju/test-proj/closure-compiler/test/com/google/javascript/jscomp/ProcessCommonJSModulesTest.java
/home/wju/test-proj/closure-compiler/test/com/google/javascript/jscomp/XtbMessageBundleTest.java
/home/wju/test-proj/closure-compiler/test/com/google/javascript/jscomp/CheckGlobalNamesTest.java
/home/wju/test-proj/closure-compiler/test/com/google/javascript/jscomp/J2clPassTest.java
/home/wju/test-proj/closure-compiler/test/com/google/javascript/jscomp/ExploitAssignsTest.java
/home/wju/test-proj/closure-compiler/test/com/google/javascript/jscomp/lint/CheckMissingSemicolonTest.java
/home/wju/test-proj/closure-compiler/test/com/google/javascript/jscomp/J2clIntegrationTest.java
/home/wju/test-proj/closure-compiler/test/com/google/javascript/jscomp/CheckRegExpTest.java
/home/wju/test-proj/closure-compiler/test/com/google/javascript/jscomp/CoverageInstrumentationPassTest.java
/home/wju/test-proj/closure-compiler/test/com/google/javascript/jscomp/ReplaceStringsTest.java
/home/wju/test-proj/closure-compiler/test/com/google/javascript/jscomp/InlineAndCollapsePropertiesTest.java
/home/wju/test-proj/closure-compiler/test/com/google/javascript/jscomp/RecordFunctionInformationTest.java
/home/wju/test-proj/closure-compiler/test/com/google/javascript/jscomp/CompilerTestCaseUtils.java
/home/wju/test-proj/closure-compiler/test/com/google/javascript/jscomp/InlineVariablesTest.java
/home/wju/test-proj/closure-compiler/test/com/google/javascript/jscomp/deps/VirtualFileTest.java
/home/wju/test-proj/closure-compiler/test/com/google/javascript/jscomp/CollapsePropertiesTest.java
/home/wju/test-proj/closure-compiler/test/com/google/javascript/jscomp/MemoizedTypedScopeCreatorTest.java
/home/wju/test-proj/closure-compiler/test/com/google/javascript/jscomp/TypeTransformationTest.java
/home/wju/test-proj/closure-compiler/test/com/google/javascript/refactoring/examples/RefactoringTest.java
/home/wju/test-proj/closure-compiler/test/com/google/javascript/jscomp/NodeIteratorsTest.java
/home/wju/test-proj/closure-compiler/test/com/google/javascript/rhino/jstype/TemplatizedTypeTest.java
/home/wju/test-proj/closure-compiler/test/com/google/javascript/jscomp/PolymerPassSuppressBehaviorsTest.java
/home/wju/test-proj/closure-compiler/test/com/google/javascript/jscomp/ProcessClosurePrimitivesTest.java
/home/wju/test-proj/closure-compiler/test/com/google/javascript/jscomp/TypedScopeCreatorTest.java
/home/wju/test-proj/closure-compiler/test/com/google/javascript/jscomp/TimelineTest.java
/home/wju/test-proj/closure-compiler/test/com/google/javascript/jscomp/RecoverableJsAstTest.java
/home/wju/test-proj/closure-compiler/test/com/google/javascript/jscomp/FunctionToBlockMutatorTest.java
/home/wju/test-proj/closure-compiler/test/com/google/javascript/jscomp/deps/Es6SortedDependenciesTest.java
/home/wju/test-proj/closure-compiler/test/com/google/javascript/jscomp/StatementFusionTest.java
/home/wju/test-proj/closure-compiler/test/com/google/javascript/jscomp/SourceInformationAnnotatorTest.java
/home/wju/test-proj/closure-compiler/test/com/google/javascript/jscomp/ExportTestFunctionsTest.java
/home/wju/test-proj/closure-compiler/test/com/google/javascript/jscomp/lint/CheckUselessBlocksTest.java
/home/wju/test-proj/closure-compiler/test/com/google/javascript/jscomp/CommandLineRunnerTest.java
/home/wju/test-proj/closure-compiler/test/com/google/javascript/jscomp/DeclaredGlobalExternsOnWindowTest.java
/home/wju/test-proj/closure-compiler/test/com/google/javascript/jscomp/NormalizeTest.java
/home/wju/test-proj/closure-compiler/test/com/google/debugging/sourcemap/SourceMapConsumerV3Test.java
/home/wju/test-proj/closure-compiler/test/com/google/javascript/jscomp/InlineAliasesTest.java
/home/wju/test-proj/closure-compiler/src/com/google/javascript/refactoring/testing/RefasterJsTestUtils.java
/home/wju/test-proj/closure-compiler/test/com/google/javascript/jscomp/DataFlowAnalysisTest.java
/home/wju/test-proj/closure-compiler/test/com/google/javascript/jscomp/PerformanceTrackerTest.java
/home/wju/test-proj/closure-compiler/test/com/google/javascript/jscomp/J2clPropertyInlinerPassTest.java
/home/wju/test-proj/closure-compiler/test/com/google/javascript/rhino/jstype/PrototypeObjectTypeTest.java
/home/wju/test-proj/closure-compiler/test/com/google/javascript/jscomp/ConvertToDottedPropertiesTest.java
/home/wju/test-proj/closure-compiler/src/com/google/javascript/jscomp/parsing/parser/testing/FeatureSetSubject.java
/home/wju/test-proj/closure-compiler/test/com/google/javascript/jscomp/parsing/ParserTest.java
/home/wju/test-proj/closure-compiler/test/com/google/javascript/jscomp/PhaseOptimizerTest.java
/home/wju/test-proj/closure-compiler/test/com/google/javascript/jscomp/ChangeVerifierTest.java
/home/wju/test-proj/closure-compiler/test/com/google/javascript/jscomp/SourceMapTest.java
/home/wju/test-proj/closure-compiler/test/com/google/javascript/jscomp/AstValidatorTest.java
/home/wju/test-proj/closure-compiler/test/com/google/javascript/jscomp/TypeCheckFunctionCheckTest.java
/home/wju/test-proj/closure-compiler/test/com/google/javascript/jscomp/PolymerPassTest.java
/home/wju/test-proj/closure-compiler/test/com/google/javascript/jscomp/PeepholeIntegrationTest.java
/home/wju/test-proj/closure-compiler/test/com/google/javascript/rhino/NodeTest.java
/home/wju/test-proj/closure-compiler/test/com/google/javascript/jscomp/OptimizeArgumentsArrayTest.java
/home/wju/test-proj/closure-compiler/test/com/google/javascript/jscomp/XidTest.java
/home/wju/test-proj/closure-compiler/test/com/google/javascript/jscomp/VariableMapTest.java
/home/wju/test-proj/closure-compiler/test/com/google/javascript/jscomp/ClosureCodingConventionTest.java
/home/wju/test-proj/closure-compiler/test/com/google/javascript/jscomp/regex/CharRangesTest.java
/home/wju/test-proj/closure-compiler/test/com/google/javascript/jscomp/JsMessageVisitorTest.java
/home/wju/test-proj/closure-compiler/test/com/google/javascript/jscomp/OptimizeReturnsTest.java
/home/wju/test-proj/closure-compiler/test/com/google/javascript/jscomp/NewTypeInferenceTest.java
/home/wju/test-proj/closure-compiler/test/com/google/javascript/jscomp/WhitespaceWrapGoogModulesTest.java
/home/wju/test-proj/closure-compiler/test/com/google/javascript/jscomp/DiagnosticGroupTest.java
/home/wju/test-proj/closure-compiler/test/com/google/javascript/jscomp/GatherRawExportsTest.java
/home/wju/test-proj/closure-compiler/test/com/google/javascript/jscomp/ReplaceIdGeneratorsTest.java
/home/wju/test-proj/closure-compiler/test/com/google/javascript/jscomp/IdMappingUtilTest.java
/home/wju/test-proj/closure-compiler/test/com/google/javascript/jscomp/RuntimeTypeCheckTest.java
/home/wju/test-proj/closure-compiler/test/com/google/debugging/sourcemap/UtilTest.java
/home/wju/test-proj/closure-compiler/test/com/google/javascript/refactoring/examples/ChaiExpectToAssertTest.java
/home/wju/test-proj/closure-compiler/test/com/google/javascript/jscomp/MemoizedScopeCreatorTest.java
/home/wju/test-proj/closure-compiler/test/com/google/javascript/rhino/jstype/FunctionParamBuilderTest.java
/home/wju/test-proj/closure-compiler/test/com/google/javascript/jscomp/TypeCheckTest.java
/home/wju/test-proj/closure-compiler/test/com/google/javascript/jscomp/ExternExportsPassTest.java
/home/wju/test-proj/closure-compiler/test/com/google/javascript/jscomp/PeepholeReorderConstantExpressionTest.java
/home/wju/test-proj/closure-compiler/test/com/google/javascript/jscomp/EsNextToEs8ConverterTest.java
/home/wju/test-proj/closure-compiler/test/com/google/javascript/refactoring/RefasterJsScannerTest.java
/home/wju/test-proj/closure-compiler/test/com/google/javascript/jscomp/CodePrinterEs6TypedTest.java
/home/wju/test-proj/closure-compiler/test/com/google/javascript/jscomp/deps/JsFileParserTest.java
/home/wju/test-proj/closure-compiler/test/com/google/javascript/jscomp/JSModuleGraphTest.java
/home/wju/test-proj/closure-compiler/test/com/google/javascript/jscomp/VarCheckTest.java
/home/wju/test-proj/closure-compiler/test/com/google/javascript/jscomp/lint/CheckPrimitiveAsObjectTest.java
/home/wju/test-proj/closure-compiler/test/com/google/javascript/jscomp/PeepholeCollectPropertyAssignmentsTest.java
/home/wju/test-proj/closure-compiler/test/com/google/javascript/jscomp/PeepholeRemoveDeadCodeTest.java
/home/wju/test-proj/closure-compiler/test/com/google/javascript/jscomp/CheckUnusedPrivatePropertiesInPolymerElementTest.java
/home/wju/test-proj/closure-compiler/test/com/google/javascript/jscomp/ReplacedStringsDecoderTest.java
/home/wju/test-proj/closure-compiler/test/com/google/javascript/jscomp/RewriteAsyncFunctionsTest.java
/home/wju/test-proj/closure-compiler/src/com/google/javascript/jscomp/testing/TestErrorManager.java
/home/wju/test-proj/closure-compiler/test/com/google/javascript/jscomp/parsing/JsDocInfoParserTest.java
/home/wju/test-proj/closure-compiler/test/com/google/javascript/jscomp/CheckDebuggerStatementTest.java
/home/wju/test-proj/closure-compiler/test/com/google/javascript/jscomp/InlineVariablesConstantsTest.java
/home/wju/test-proj/closure-compiler/test/com/google/javascript/jscomp/ExtractPrototypeMemberDeclarationsTest.java
/home/wju/test-proj/closure-compiler/test/com/google/javascript/jscomp/StripCodeTest.java
/home/wju/test-proj/closure-compiler/test/com/google/javascript/jscomp/SubstituteEs6SyntaxTest.java
/home/wju/test-proj/closure-compiler/test/com/google/javascript/jscomp/MaybeReachingVariableUseTest.java
/home/wju/test-proj/closure-compiler/test/com/google/javascript/jscomp/WarningsGuardTest.java
/home/wju/test-proj/closure-compiler/test/com/google/javascript/jscomp/CheckMissingSuperTest.java
/home/wju/test-proj/closure-compiler/test/com/google/javascript/jscomp/CheckTemplateParamsTest.java
/home/wju/test-proj/closure-compiler/test/com/google/debugging/sourcemap/Base64VLQTest.java
/home/wju/test-proj/closure-compiler/test/com/google/javascript/jscomp/DeadPropertyAssignmentEliminationTest.java
/home/wju/test-proj/closure-compiler/test/com/google/javascript/refactoring/examples/SetLocationHrefTest.java
/home/wju/test-proj/closure-compiler/src/com/google/javascript/jscomp/testing/JSErrorSubject.java
/home/wju/test-proj/closure-compiler/test/com/google/javascript/jscomp/GoogleCodingConventionTest.java
/home/wju/test-proj/closure-compiler/test/com/google/javascript/jscomp/GenerateExportsTest.java
/home/wju/test-proj/closure-compiler/test/com/google/javascript/jscomp/graph/GraphColoringTest.java
/home/wju/test-proj/closure-compiler/test/com/google/javascript/jscomp/CodePrinterTestBase.java
/home/wju/test-proj/closure-compiler/test/com/google/javascript/jscomp/graph/GraphReachabilityTest.java
/home/wju/test-proj/closure-compiler/test/com/google/javascript/jscomp/CoalesceVariableNamesTest.java
/home/wju/test-proj/closure-compiler/src/com/google/javascript/refactoring/testing/SuggestedFixes.java
/home/wju/test-proj/closure-compiler/test/com/google/javascript/jscomp/ProcessTweaksTest.java
/home/wju/test-proj/closure-compiler/test/com/google/javascript/jscomp/ProcessDefinesTest.java
/home/wju/test-proj/closure-compiler/test/com/google/javascript/jscomp/DefaultNameGeneratorTest.java
/home/wju/test-proj/closure-compiler/test/com/google/javascript/jscomp/ReplaceMessagesTest.java
/home/wju/test-proj/closure-compiler/test/com/google/javascript/jscomp/RemoveUnusedCodeTest.java
/home/wju/test-proj/closure-compiler/test/com/google/javascript/jscomp/InstrumentFunctionsTest.java
/home/wju/test-proj/closure-compiler/src/com/google/javascript/jscomp/testing/NodeSubject.java
/home/wju/test-proj/closure-compiler/test/com/google/javascript/jscomp/CombinedCompilerPassTest.java
/home/wju/test-proj/closure-compiler/test/com/google/javascript/jscomp/TypeInferenceTest.java
/home/wju/test-proj/closure-compiler/test/com/google/javascript/jscomp/FlowSensitiveInlineVariablesTest.java
/home/wju/test-proj/closure-compiler/test/com/google/javascript/jscomp/RhinoErrorReporterTest.java
/home/wju/test-proj/closure-compiler/test/com/google/javascript/jscomp/Es6ExternsCheckTest.java
/home/wju/test-proj/closure-compiler/test/com/google/debugging/sourcemap/SourceMapGeneratorV3Test.java
/home/wju/test-proj/closure-compiler/test/com/google/javascript/jscomp/CheckConformanceTest.java
/home/wju/test-proj/closure-compiler/test/com/google/javascript/jscomp/FunctionInjectorTest.java
/home/wju/test-proj/closure-compiler/test/com/google/javascript/refactoring/SuggestedFixTest.java
/home/wju/test-proj/closure-compiler/test/com/google/javascript/jscomp/J2clEqualitySameRewriterPassTest.java
/home/wju/test-proj/closure-compiler/test/com/google/javascript/jscomp/deps/ModuleLoaderTest.java
/home/wju/test-proj/closure-compiler/src/com/google/javascript/rhino/testing/MapBasedScope.java
/home/wju/test-proj/closure-compiler/test/com/google/javascript/jscomp/Es6CheckModuleTest.java
/home/wju/test-proj/closure-compiler/test/com/google/javascript/jscomp/SemanticReverseAbstractInterpreterTest.java
/home/wju/test-proj/closure-compiler/test/com/google/javascript/jscomp/RewritePolyfillsTest.java
/home/wju/test-proj/closure-compiler/test/com/google/javascript/jscomp/PeepholeReplaceKnownMethodsTest.java
/home/wju/test-proj/closure-compiler/test/com/google/javascript/jscomp/Es6ToEs3ConverterTest.java
/home/wju/test-proj/closure-compiler/test/com/google/javascript/jscomp/CheckProvidesTest.java
/home/wju/test-proj/closure-compiler/test/com/google/javascript/jscomp/PartialCompilationTest.java
/home/wju/test-proj/closure-compiler/test/com/google/javascript/jscomp/JsMessageExtractorTest.java
/home/wju/test-proj/closure-compiler/src/com/google/javascript/jscomp/testing/SimpleSourceExcerptProvider.java
/home/wju/test-proj/closure-compiler/test/com/google/javascript/refactoring/examples/NavigationalXssSinksRefactoringTest.java
/home/wju/test-proj/closure-compiler/test/com/google/javascript/jscomp/PolymerClassRewriterTest.java
/home/wju/test-proj/closure-compiler/test/com/google/javascript/jscomp/SideEffectsAnalysisTest.java
/home/wju/test-proj/closure-compiler/test/com/google/debugging/sourcemap/Base64Test.java
/home/wju/test-proj/closure-compiler/test/com/google/javascript/jscomp/SourceFileTest.java
/home/wju/test-proj/closure-compiler/test/com/google/javascript/jscomp/lint/CheckNullableReturnTest.java
/home/wju/test-proj/closure-compiler/test/com/google/javascript/jscomp/RandomNameGeneratorTest.java
/home/wju/test-proj/closure-compiler/test/com/google/javascript/jscomp/DartSuperAccessorsPassTest.java
/home/wju/test-proj/closure-compiler/test/com/google/javascript/rhino/JSDocInfoTest.java
/home/wju/test-proj/closure-compiler/test/com/google/javascript/jscomp/NewTypeInferenceWithTranspilationTest.java
/home/wju/test-proj/closure-compiler/test/com/google/javascript/jscomp/AngularPassTest.java
/home/wju/test-proj/closure-compiler/test/com/google/javascript/refactoring/examples/GoogBindToArrowTest.java
/home/wju/test-proj/closure-compiler/test/com/google/javascript/jscomp/FixedPointGraphTraversalTest.java
/home/wju/test-proj/closure-compiler/test/com/google/javascript/refactoring/ApplySuggestedFixesTest.java
/home/wju/test-proj/closure-compiler/test/com/google/javascript/jscomp/MinimizeExitPointsTest.java
/home/wju/test-proj/closure-compiler/test/com/google/javascript/jscomp/CrossModuleCodeMotionTest.java
/home/wju/test-proj/closure-compiler/test/com/google/javascript/jscomp/LazyParsedDependencyInfoTest.java
/home/wju/test-proj/closure-compiler/test/com/google/javascript/jscomp/ChromePassTest.java
/home/wju/test-proj/closure-compiler/test/com/google/javascript/jscomp/SimpleReplaceScriptTest.java
/home/wju/test-proj/closure-compiler/test/com/google/javascript/jscomp/MoveFunctionDeclarationsTest.java
/home/wju/test-proj/closure-compiler/test/com/google/javascript/rhino/jstype/JSTypeRegistryTest.java
/home/wju/test-proj/closure-compiler/test/com/google/javascript/jscomp/Es6SuperCheckTest.java
/home/wju/test-proj/closure-compiler/test/com/google/javascript/jscomp/JSModuleTest.java
/home/wju/test-proj/closure-compiler/test/com/google/javascript/jscomp/BasicErrorManagerTest.java
/home/wju/test-proj/closure-compiler/test/com/google/javascript/jscomp/CheckAccessControlsTest.java
/home/wju/test-proj/closure-compiler/test/com/google/javascript/jscomp/AmbiguatePropertiesTest.java
/home/wju/test-proj/closure-compiler/test/com/google/javascript/refactoring/examples/StringIndexOfToIncludesTest.java
/home/wju/test-proj/closure-compiler/test/com/google/javascript/jscomp/InferConstsTest.java
/home/wju/test-proj/closure-compiler/test/com/google/javascript/jscomp/CollectFunctionNamesTest.java
/home/wju/test-proj/closure-compiler/test/com/google/javascript/jscomp/deps/DependencyResolverTest.java
/home/wju/test-proj/closure-compiler/test/com/google/javascript/jscomp/DeadAssignmentsEliminationTest.java
/home/wju/test-proj/closure-compiler/test/com/google/javascript/jscomp/DisambiguatePropertiesTest.java
/home/wju/test-proj/closure-compiler/test/com/google/javascript/jscomp/parsing/parser/util/format/SimpleFormatTest.java
/home/wju/test-proj/closure-compiler/test/com/google/javascript/rhino/IRTest.java
/home/wju/test-proj/closure-compiler/test/com/google/javascript/jscomp/RemoveUnusedCodeClassPropertiesTest.java
/home/wju/test-proj/closure-compiler/test/com/google/javascript/jscomp/StrictModeCheckTest.java
/home/wju/test-proj/closure-compiler/test/com/google/javascript/jscomp/deps/DependencyInfoTest.java
/home/wju/test-proj/closure-compiler/test/com/google/javascript/jscomp/CheckPathsBetweenNodesTest.java
/home/wju/test-proj/closure-compiler/test/com/google/javascript/jscomp/CrossModuleMethodMotionTest.java
/home/wju/test-proj/closure-compiler/test/com/google/javascript/jscomp/Es6SyntacticScopeCreatorTest.java
/home/wju/test-proj/closure-compiler/test/com/google/javascript/refactoring/MatchersTest.java
/home/wju/test-proj/closure-compiler/test/com/google/javascript/jscomp/SyntacticScopeCreatorTest.java
/home/wju/test-proj/closure-compiler/test/com/google/javascript/jscomp/Es6TypedToEs6ConverterTest.java
/home/wju/test-proj/closure-compiler/test/com/google/javascript/jscomp/Es6RewriteBlockScopedDeclarationTest.java
/home/wju/test-proj/closure-compiler/test/com/google/javascript/jscomp/MustBeReachingVariableDefTest.java
/home/wju/test-proj/closure-compiler/test/com/google/javascript/jscomp/MakeDeclaredNamesUniqueTest.java
/home/wju/test-proj/closure-compiler/test/com/google/javascript/rhino/jstype/FunctionTypeTest.java
/home/wju/test-proj/closure-compiler/test/com/google/javascript/jscomp/PeepholeSubstituteAlternateSyntaxTest.java
/home/wju/test-proj/closure-compiler/test/com/google/javascript/jscomp/J2clConstantHoisterPassTest.java
/home/wju/test-proj/closure-compiler/test/com/google/javascript/jscomp/CheckAccessControlsPolymerTest.java
/home/wju/test-proj/closure-compiler/test/com/google/javascript/jscomp/RenameVarsTest.java
/home/wju/test-proj/closure-compiler/test/com/google/javascript/jscomp/JSCompilerSourceExcerptProviderTest.java
/home/wju/test-proj/closure-compiler/test/com/google/javascript/jscomp/DefaultCodingConventionTest.java
/home/wju/test-proj/closure-compiler/test/com/google/javascript/jscomp/ShadowVariablesTest.java
/home/wju/test-proj/closure-compiler/test/com/google/javascript/jscomp/J2clCheckPassTest.java
/home/wju/test-proj/closure-compiler/test/com/google/javascript/jscomp/lint/CheckEmptyStatementsTest.java
/home/wju/test-proj/closure-compiler/test/com/google/debugging/sourcemap/SourceMapTestCase.java
/home/wju/test-proj/closure-compiler/test/com/google/javascript/jscomp/PolymerPassFindExternsTest.java
/home/wju/test-proj/closure-compiler/test/com/google/javascript/jscomp/Es6ToEs3ClassSideInheritanceTest.java
/home/wju/test-proj/closure-compiler/test/com/google/javascript/jscomp/GatherExternPropertiesTest.java
/home/wju/test-proj/closure-compiler/test/com/google/javascript/jscomp/CompilerTypeTestCase.java
/home/wju/test-proj/closure-compiler/test/com/google/javascript/jscomp/VariableReferenceCheckTest.java
/home/wju/test-proj/closure-compiler/test/com/google/javascript/jscomp/PersistentInputStoreTest.java
/home/wju/test-proj/closure-compiler/test/com/google/javascript/jscomp/deps/DepsGeneratorTest.java
/home/wju/test-proj/closure-compiler/test/com/google/javascript/jscomp/ModulesTestUtils.java
/home/wju/test-proj/closure-compiler/test/com/google/javascript/jscomp/Es6RewriteBlockScopedFunctionDeclarationTest.java
/home/wju/test-proj/closure-compiler/test/com/google/javascript/jscomp/RenameLocalVarsTest.java
/home/wju/test-proj/closure-compiler/test/com/google/javascript/jscomp/CollapseAnonymousFunctionsTest.java
/home/wju/test-proj/closure-compiler/test/com/google/javascript/jscomp/UnreachableCodeEliminationTest.java
/home/wju/test-proj/closure-compiler/test/com/google/javascript/jscomp/DefinitionUseSiteFinderTest.java
/home/wju/test-proj/closure-compiler/test/com/google/javascript/jscomp/CrossModuleReferenceCollectorTest.java
/home/wju/test-proj/closure-compiler/test/com/google/javascript/jscomp/lint/CheckUnusedLabelsTest.java
/home/wju/test-proj/closure-compiler/test/com/google/javascript/jscomp/TypeValidatorTest.java
/home/wju/test-proj/closure-compiler/test/com/google/javascript/rhino/jstype/UnionTypeTest.java
/home/wju/test-proj/closure-compiler/test/com/google/javascript/jscomp/FunctionArgumentInjectorTest.java
/home/wju/test-proj/closure-compiler/test/com/google/javascript/jscomp/BaseReplaceScriptTestCase.java
/home/wju/test-proj/closure-compiler/test/com/google/javascript/jscomp/VariableVisibilityAnalysisTest.java
/home/wju/test-proj/closure-compiler/test/com/google/javascript/jscomp/MultiPassTest.java
/home/wju/test-proj/closure-compiler/test/com/google/javascript/jscomp/SingleFileCheckRequiresTest.java
/home/wju/test-proj/closure-compiler/test/com/google/javascript/rhino/jstype/BooleanLiteralSetTest.java
/home/wju/test-proj/closure-compiler/test/com/google/javascript/jscomp/NodeUtilTest.java
/home/wju/test-proj/closure-compiler/test/com/google/javascript/jscomp/NewTypeInferenceTTLTest.java
/home/wju/test-proj/closure-compiler/test/com/google/javascript/jscomp/deps/JsFileLineParserTest.java
/home/wju/test-proj/closure-compiler/test/com/google/javascript/jscomp/InlineCostEstimatorTest.java
/home/wju/test-proj/closure-compiler/test/com/google/javascript/jscomp/Es6RewriteArrowFunctionTest.java
/home/wju/test-proj/closure-compiler/test/com/google/javascript/jscomp/Es6ExtractClassesTest.java
/home/wju/test-proj/closure-compiler/src/com/google/javascript/rhino/testing/BaseJSTypeTestCase.java
/home/wju/test-proj/closure-compiler/test/com/google/javascript/jscomp/ConstParamCheckTest.java
/home/wju/test-proj/closure-compiler/test/com/google/javascript/jscomp/RewriteJsonToModuleTest.java
/home/wju/test-proj/closure-compiler/test/com/google/javascript/jscomp/IncrementalScopeCreatorTest.java
/home/wju/test-proj/closure-compiler/test/com/google/javascript/jscomp/GlobalNamespaceTest.java
/home/wju/test-proj/closure-compiler/test/com/google/javascript/jscomp/LiveVariablesAnalysisTest.java
/home/wju/test-proj/closure-compiler/test/com/google/javascript/jscomp/IntegrationTestCase.java
/home/wju/test-proj/closure-compiler/test/com/google/javascript/jscomp/J2clSourceFileCheckerTest.java
/home/wju/test-proj/closure-compiler/src/com/google/javascript/rhino/testing/TestErrorReporter.java
/home/wju/test-proj/closure-compiler/test/com/google/javascript/jscomp/TypeICompilerTestCase.java
/home/wju/test-proj/closure-compiler/test/com/google/javascript/jscomp/deps/PathUtilTest.java
/home/wju/test-proj/closure-compiler/test/com/google/javascript/jscomp/OptimizeCallsTest.java
/home/wju/test-proj/closure-compiler/test/com/google/javascript/jscomp/SourceMapResolverTest.java
/home/wju/test-proj/closure-compiler/test/com/google/javascript/jscomp/RemoveUnusedPolyfillsTest.java
/home/wju/test-proj/closure-compiler/test/com/google/javascript/jscomp/NodeTraversalTest.java
/home/wju/test-proj/closure-compiler/test/com/google/javascript/jscomp/ClosureRewriteClassTest.java
/home/wju/test-proj/closure-compiler/test/com/google/javascript/rhino/jstype/NamedTypeTest.java
/home/wju/test-proj/closure-compiler/test/com/google/javascript/jscomp/ExpressionDecomposerTest.java
/home/wju/test-proj/closure-compiler/test/com/google/javascript/jscomp/MinimizedConditionTest.java
/home/wju/test-proj/closure-compiler/test/com/google/javascript/jscomp/NameAnonymousFunctionsMappedTest.java
/home/wju/test-proj/closure-compiler/test/com/google/javascript/jscomp/parsing/JsDocTokenStreamTest.java
/home/wju/test-proj/closure-compiler/test/com/google/javascript/jscomp/DenormalizeTest.java
/home/wju/test-proj/closure-compiler/test/com/google/javascript/jscomp/AliasStringsTest.java
/home/wju/test-proj/closure-compiler/test/com/google/javascript/jscomp/ObjectPropertyStringPostprocessTest.java
/home/wju/test-proj/closure-compiler/test/com/google/javascript/jscomp/TransformAMDToCJSModuleTest.java
/home/wju/test-proj/closure-compiler/test/com/google/javascript/jscomp/PolymerBehaviorExtractorTest.java
/home/wju/test-proj/closure-compiler/test/com/google/javascript/jscomp/CreateSyntheticBlocksTest.java
/home/wju/test-proj/closure-compiler/test/com/google/javascript/jscomp/MissingProvideTest.java
/home/wju/test-proj/closure-compiler/test/com/google/javascript/jscomp/JsMessageTest.java
/home/wju/test-proj/closure-compiler/test/com/google/javascript/jscomp/Es6RewriteModulesToCommonJsModulesTest.java
/home/wju/test-proj/closure-compiler/test/com/google/javascript/jscomp/lint/CheckDuplicateCaseTest.java
/home/wju/test-proj/closure-compiler/test/com/google/javascript/jscomp/GoogModuleReplaceScriptTest.java
/home/wju/test-proj/closure-compiler/test/com/google/javascript/jscomp/ObjectPropertyStringPreprocessTest.java
/home/wju/test-proj/closure-compiler/test/com/google/javascript/jscomp/parsing/TypeSyntaxTest.java
/home/wju/test-proj/closure-compiler/test/com/google/javascript/jscomp/CheckGlobalThisTest.java
/home/wju/test-proj/closure-compiler/test/com/google/javascript/rhino/jstype/RecordTypeTest.java
/home/wju/test-proj/closure-compiler/test/com/google/javascript/jscomp/JSDocInfoPrinterTest.java
/home/wju/test-proj/closure-compiler/test/com/google/javascript/jscomp/Es6RewriteDestructuringTest.java
/home/wju/test-proj/closure-compiler/test/com/google/javascript/jscomp/ClosureCheckModuleTest.java
/home/wju/test-proj/closure-compiler/test/com/google/javascript/jscomp/RemoveSuperMethodsPassTest.java
